
# 440ms user time, 50ms system time, 49.83M rss, 415.15G vsz
# Current date: Fri Sep 25 06:16:50 2026
# Hostname: YusukenoMac-mini.local
# Files: raw/mysql-slow-isucon-3.log
# Overall: 86 total, 12 unique, 1.28 QPS, 0.34x concurrency ______________
# Time range: 2026-09-24T21:12:49 to 2026-09-24T21:13:56
# Attribute          total     min     max     avg     95%  stddev  median
# ============     ======= ======= ======= ======= ======= ======= =======
# Exec time            23s   101ms      4s   268ms   374ms   445ms   198ms
# Lock time           26us       0    11us       0     1us     1us       0
# Rows sent            114       0      28    1.33       0    5.42       0
# Rows examine       1.15M       0 235.97k  13.72k       0  54.65k       0
# Query size        72.82M       6 1008.95k 867.05k 961.27k 315.20k 961.27k

# Profile
# Rank Query ID                            Response time Calls R/Call V/M 
# ==== =================================== ============= ===== ====== ====
#    1 0x2096778F723F6666B5D7DDC9D01010C7  10.6018 45.9%    46 0.2305  0.01 INSERT user_cards
#    2 0x79A889ED30BFA8BF517F86F6D70065B6   4.4610 19.3%     1 4.4610  0.00 LOAD DATA user_presents
#    3 0x4112BAFCAD857E650001A24863DBA0F1   2.9693 12.9%    16 0.1856  0.02 INSERT user_present_all_received_history
#    4 0x13D274D305314539C3CEC5658CA257A8   1.7584  7.6%     8 0.2198  0.02 INSERT user_items
#    5 0x29AD663DF8FA56EE4F901834723878F6   0.6456  2.8%     1 0.6456  0.00 DROP TABLE user_present_all_received_history `user_present_all_received_history`
#    6 0x4AC4DC057720031F4B675AC0EA8F5E72   0.5849  2.5%     2 0.2924  0.24 INSERT user_devices
#    7 0xB6B9ED728E1332C1DD99773350309CB2   0.5287  2.3%     2 0.2643  0.10 INSERT user_login_bonuses
#    8 0xA09392770A027971695452345619CF0E   0.5154  2.2%     5 0.1031  0.00 SELECT user_present_all_received_history
# MISC 0xMISC                               1.0123  4.4%     5 0.2025   0.0 <4 ITEMS>

# Query 1: 4.18 QPS, 0.96x concurrency, ID 0x2096778F723F6666B5D7DDC9D01010C7 at byte 39174241
# Scores: V/M = 0.01
# Time range: 2026-09-24T21:12:50 to 2026-09-24T21:13:01
# Attribute    pct   total     min     max     avg     95%  stddev  median
# ============ === ======= ======= ======= ======= ======= ======= =======
# Count         53      46
# Exec time     45     11s   179ms   393ms   230ms   323ms    49ms   208ms
# Lock time      0       0       0       0       0       0       0       0
# Rows sent      0       0       0       0       0       0       0       0
# Rows examine   0       0       0       0       0       0       0       0
# Query size    62  45.18M 970.86k 1006.59k 1005.76k 961.27k       0 961.27k
# String:
# Databases    isucon
# Hosts        localhost
# Users        isucon
# Query_time distribution
#   1us
#  10us
# 100us
#   1ms
#  10ms
# 100ms  ################################################################
#    1s
#  10s+
# Tables
#    SHOW TABLE STATUS FROM `isucon` LIKE 'user_cards'\G
#    SHOW CREATE TABLE `isucon`.`user_cards`\G
INSERT INTO `user_cards` VALUES (82696878935,2338266922,5,320,32,2672,1560798201,1560798201,NULL) /*... omitted ...*/\G

# Query 2: 0 QPS, 0x concurrency, ID 0x79A889ED30BFA8BF517F86F6D70065B6 at byte 76371454
# Scores: V/M = 0.00
# Time range: all events occurred at 2026-09-24T21:13:12
# Attribute    pct   total     min     max     avg     95%  stddev  median
# ============ === ======= ======= ======= ======= ======= ======= =======
# Count          1       1
# Exec time     19      4s      4s      4s      4s      4s       0      4s
# Lock time      7     2us     2us     2us     2us     2us       0     2us
# Rows sent      0       0       0       0       0       0       0       0
# Rows examine   0       0       0       0       0       0       0       0
# Query size     0     146     146     146     146     146       0     146
# String:
# Databases    isucon
# Hosts        localhost
# Users        isucon
# Query_time distribution
#   1us
#  10us
# 100us
#   1ms
#  10ms
# 100ms
#    1s  ################################################################
#  10s+
# Tables
#    SHOW TABLE STATUS FROM `isucon` LIKE 'user_presents'\G
#    SHOW CREATE TABLE `isucon`.`user_presents`\G
LOAD DATA INFILE '/var/lib/mysql-files/5_user_presents_not_receive_data.tsv' REPLACE INTO TABLE user_presents FIELDS ESCAPED BY '|' IGNORE 1 LINES\G

# Query 3: 5.33 QPS, 0.99x concurrency, ID 0x4112BAFCAD857E650001A24863DBA0F1 at byte 59513320
# Scores: V/M = 0.02
# Time range: 2026-09-24T21:13:04 to 2026-09-24T21:13:07
# Attribute    pct   total     min     max     avg     95%  stddev  median
# ============ === ======= ======= ======= ======= ======= ======= =======
# Count         18      16
# Exec time     12      3s   104ms   353ms   186ms   266ms    55ms   163ms
# Lock time      0       0       0       0       0       0       0       0
# Rows sent      0       0       0       0       0       0       0       0
# Rows examine   0       0       0       0       0       0       0       0
# Query size    20  15.09M 351.91k 1006.64k 965.67k 961.27k 149.16k 961.27k
# String:
# Databases    isucon
# Hosts        localhost
# Users        isucon
# Query_time distribution
#   1us
#  10us
# 100us
#   1ms
#  10ms
# 100ms  ################################################################
#    1s
#  10s+
# Tables
#    SHOW TABLE STATUS FROM `isucon` LIKE 'user_present_all_received_history'\G
#    SHOW CREATE TABLE `isucon`.`user_present_all_received_history`\G
INSERT INTO `user_present_all_received_history` VALUES (1148363,538842799,21,1635692400,1635692400,1635692400,NULL) /*... omitted ...*/\G

# Query 4: 4 QPS, 0.88x concurrency, ID 0x13D274D305314539C3CEC5658CA257A8 at byte 49758624
# Scores: V/M = 0.02
# Time range: 2026-09-24T21:13:02 to 2026-09-24T21:13:04
# Attribute    pct   total     min     max     avg     95%  stddev  median
# ============ === ======= ======= ======= ======= ======= ======= =======
# Count          9       8
# Exec time      7      2s   133ms   394ms   220ms   393ms    73ms   189ms
# Lock time      0       0       0       0       0       0       0       0
# Rows sent      0       0       0       0       0       0       0       0
# Rows examine   0       0       0       0       0       0       0       0
# Query size    10   7.57M 716.14k 1005.06k 968.89k 961.27k  91.98k 961.27k
# String:
# Databases    isucon
# Hosts        localhost
# Users        isucon
# Query_time distribution
#   1us
#  10us
# 100us
#   1ms
#  10ms
# 100ms  ################################################################
#    1s
#  10s+
# Tables
#    SHOW TABLE STATUS FROM `isucon` LIKE 'user_items'\G
#    SHOW CREATE TABLE `isucon`.`user_items`\G
INSERT INTO `user_items` VALUES (1167064,5412259060,3,20,2,1632245312,1632245312,NULL) /*... omitted ...*/\G

# Query 5: 0 QPS, 0x concurrency, ID 0x29AD663DF8FA56EE4F901834723878F6 at byte 0
# Scores: V/M = 0.00
# Time range: all events occurred at 2026-09-24T21:12:49
# Attribute    pct   total     min     max     avg     95%  stddev  median
# ============ === ======= ======= ======= ======= ======= ======= =======
# Count          1       1
# Exec time      2   646ms   646ms   646ms   646ms   646ms       0   646ms
# Lock time     26     7us     7us     7us     7us     7us       0     7us
# Rows sent      0       0       0       0       0       0       0       0
# Rows examine   0       0       0       0       0       0       0       0
# Query size     0      56      56      56      56      56       0      56
# String:
# Databases    isucon
# Hosts        localhost
# Users        isucon
# Query_time distribution
#   1us
#  10us
# 100us
#   1ms
#  10ms
# 100ms  ################################################################
#    1s
#  10s+
# Tables
#    SHOW TABLE STATUS FROM `isucon` LIKE 'user_present_all_received_history'\G
#    SHOW CREATE TABLE `isucon`.`user_present_all_received_history`\G
DROP TABLE IF EXISTS `user_present_all_received_history`\G

# Query 6: 0 QPS, 0x concurrency, ID 0x4AC4DC057720031F4B675AC0EA8F5E72 at byte 48278464
# Scores: V/M = 0.24
# Time range: all events occurred at 2026-09-24T21:13:02
# Attribute    pct   total     min     max     avg     95%  stddev  median
# ============ === ======= ======= ======= ======= ======= ======= =======
# Count          2       2
# Exec time      2   585ms   106ms   478ms   292ms   478ms   263ms   292ms
# Lock time      0       0       0       0       0       0       0       0
# Rows sent      0       0       0       0       0       0       0       0
# Rows examine   0       0       0       0       0       0       0       0
# Query size     1   1.41M 436.13k 1008.95k 722.54k 1008.95k 405.05k 722.54k
# String:
# Databases    isucon
# Hosts        localhost
# Users        isucon
# Query_time distribution
#   1us
#  10us
# 100us
#   1ms
#  10ms
# 100ms  ################################################################
#    1s
#  10s+
# Tables
#    SHOW TABLE STATUS FROM `isucon` LIKE 'user_devices'\G
#    SHOW CREATE TABLE `isucon`.`user_devices`\G
INSERT INTO `user_devices` VALUES (38256,6994093262,'1c131378-9090-4353-a094-4db47df536ef',3,1638359002,1638359002,NULL) /*... omitted ...*/\G

# Query 7: 0 QPS, 0x concurrency, ID 0xB6B9ED728E1332C1DD99773350309CB2 at byte 57697398
# Scores: V/M = 0.10
# Time range: all events occurred at 2026-09-24T21:13:04
# Attribute    pct   total     min     max     avg     95%  stddev  median
# ============ === ======= ======= ======= ======= ======= ======= =======
# Count          2       2
# Exec time      2   529ms   149ms   380ms   264ms   380ms   163ms   264ms
# Lock time      0       0       0       0       0       0       0       0
# Rows sent      0       0       0       0       0       0       0       0
# Rows examine   0       0       0       0       0       0       0       0
# Query size     2   1.73M 768.20k 1004.77k 886.48k 1004.77k 167.28k 886.48k
# String:
# Databases    isucon
# Hosts        localhost
# Users        isucon
# Query_time distribution
#   1us
#  10us
# 100us
#   1ms
#  10ms
# 100ms  ################################################################
#    1s
#  10s+
# Tables
#    SHOW TABLE STATUS FROM `isucon` LIKE 'user_login_bonuses'\G
#    SHOW CREATE TABLE `isucon`.`user_login_bonuses`\G
INSERT INTO `user_login_bonuses` VALUES (3134447,8767177037,4,7,1,1651978143,1654213748,NULL) /*... omitted ...*/\G

# Query 8: 0.83 QPS, 0.09x concurrency, ID 0xA09392770A027971695452345619CF0E at byte 76372678
# Scores: V/M = 0.00
# Time range: 2026-09-24T21:13:19 to 2026-09-24T21:13:25
# Attribute    pct   total     min     max     avg     95%  stddev  median
# ============ === ======= ======= ======= ======= ======= ======= =======
# Count          5       5
# Exec time      2   515ms   101ms   105ms   103ms   105ms     2ms   100ms
# Lock time     23     6us     1us     2us     1us     1us       0     1us
# Rows sent    100     114      15      28   22.80   27.38    6.30   27.38
# Rows examine 100   1.15M 235.97k 235.97k 235.97k 235.97k       0 235.97k
# Query size     0     420      84      84      84      84       0      84
# String:
# Databases    isucon
# Hosts        localhost
# Users        isucon
# Query_time distribution
#   1us
#  10us
# 100us
#   1ms
#  10ms
# 100ms  ################################################################
#    1s
#  10s+
# Tables
#    SHOW TABLE STATUS FROM `isucon` LIKE 'user_present_all_received_history'\G
#    SHOW CREATE TABLE `isucon`.`user_present_all_received_history`\G
# EXPLAIN /*!50100 PARTITIONS*/
SELECT * FROM user_present_all_received_history WHERE user_id=6934745778 ORDER BY id\G
