
# 430ms user time, 50ms system time, 45.55M rss, 415.15G vsz
# Current date: Fri Sep 25 06:16:50 2026
# Hostname: YusukenoMac-mini.local
# Files: raw/mysql-slow-isucon-5.log
# Overall: 84 total, 12 unique, 1.29 QPS, 0.41x concurrency ______________
# Time range: 2026-09-24T21:12:49 to 2026-09-24T21:13:54
# Attribute          total     min     max     avg     95%  stddev  median
# ============     ======= ======= ======= ======= ======= ======= =======
# Exec time            27s   105ms      5s   318ms   580ms   500ms   219ms
# Lock time           34us       0    13us       0     1us     1us       0
# Rows sent            101       0      28    1.20       0    4.90       0
# Rows examine       1.15M       0 235.97k  14.05k       0  55.26k       0
# Query size        72.48M       6 1008.95k 883.51k 961.27k 300.82k 961.27k

# Profile
# Rank Query ID                            Response time Calls R/Call V/M 
# ==== =================================== ============= ===== ====== ====
#    1 0x2096778F723F6666B5D7DDC9D01010C7  11.5449 43.3%    46 0.2510  0.02 INSERT user_cards
#    2 0x79A889ED30BFA8BF517F86F6D70065B6   4.7666 17.9%     1 4.7666  0.00 LOAD DATA user_presents
#    3 0x4112BAFCAD857E650001A24863DBA0F1   3.1393 11.8%    15 0.2093  0.01 INSERT user_present_all_received_history
#    4 0xA09392770A027971695452345619CF0E   2.7309 10.2%     5 0.5462  0.09 SELECT user_present_all_received_history
#    5 0x13D274D305314539C3CEC5658CA257A8   1.8291  6.9%     8 0.2286  0.02 INSERT user_items
#    6 0x29AD663DF8FA56EE4F901834723878F6   0.7449  2.8%     1 0.7449  0.00 DROP TABLE user_present_all_received_history `user_present_all_received_history`
#    7 0xB6B9ED728E1332C1DD99773350309CB2   0.5536  2.1%     2 0.2768  0.08 INSERT user_login_bonuses
#    8 0x4AC4DC057720031F4B675AC0EA8F5E72   0.5311  2.0%     2 0.2655  0.19 INSERT user_devices
# MISC 0xMISC                               0.8526  3.2%     4 0.2131   0.0 <4 ITEMS>

# Query 1: 3.83 QPS, 0.96x concurrency, ID 0x2096778F723F6666B5D7DDC9D01010C7 at byte 24741423
# Scores: V/M = 0.02
# Time range: 2026-09-24T21:12:50 to 2026-09-24T21:13:02
# Attribute    pct   total     min     max     avg     95%  stddev  median
# ============ === ======= ======= ======= ======= ======= ======= =======
# Count         54      46
# Exec time     43     12s   193ms   413ms   251ms   356ms    62ms   219ms
# Lock time      0       0       0       0       0       0       0       0
# Rows sent      0       0       0       0       0       0       0       0
# Rows examine   0       0       0       0       0       0       0       0
# Query size    62  45.18M 970.86k 1006.59k 1005.76k 961.27k       0 961.27k
# String:
# Databases    isucon
# Hosts        localhost
# Users        isucon
# Query_time distribution
#   1us
#  10us
# 100us
#   1ms
#  10ms
# 100ms  ################################################################
#    1s
#  10s+
# Tables
#    SHOW TABLE STATUS FROM `isucon` LIKE 'user_cards'\G
#    SHOW CREATE TABLE `isucon`.`user_cards`\G
INSERT INTO `user_cards` VALUES (52334700552,5225819280,4,175,35,4230,1585253390,1585253390,NULL) /*... omitted ...*/\G

# Query 2: 0 QPS, 0x concurrency, ID 0x79A889ED30BFA8BF517F86F6D70065B6 at byte 76010892
# Scores: V/M = 0.00
# Time range: all events occurred at 2026-09-24T21:13:14
# Attribute    pct   total     min     max     avg     95%  stddev  median
# ============ === ======= ======= ======= ======= ======= ======= =======
# Count          1       1
# Exec time     17      5s      5s      5s      5s      5s       0      5s
# Lock time      8     3us     3us     3us     3us     3us       0     3us
# Rows sent      0       0       0       0       0       0       0       0
# Rows examine   0       0       0       0       0       0       0       0
# Query size     0     146     146     146     146     146       0     146
# String:
# Databases    isucon
# Hosts        localhost
# Users        isucon
# Query_time distribution
#   1us
#  10us
# 100us
#   1ms
#  10ms
# 100ms
#    1s  ################################################################
#  10s+
# Tables
#    SHOW TABLE STATUS FROM `isucon` LIKE 'user_presents'\G
#    SHOW CREATE TABLE `isucon`.`user_presents`\G
LOAD DATA INFILE '/var/lib/mysql-files/5_user_presents_not_receive_data.tsv' REPLACE INTO TABLE user_presents FIELDS ESCAPED BY '|' IGNORE 1 LINES\G

# Query 3: 5 QPS, 1.05x concurrency, ID 0x4112BAFCAD857E650001A24863DBA0F1 at byte 59513320
# Scores: V/M = 0.01
# Time range: 2026-09-24T21:13:06 to 2026-09-24T21:13:09
# Attribute    pct   total     min     max     avg     95%  stddev  median
# ============ === ======= ======= ======= ======= ======= ======= =======
# Count         17      15
# Exec time     11      3s   170ms   369ms   209ms   308ms    54ms   180ms
# Lock time      0       0       0       0       0       0       0       0
# Rows sent      0       0       0       0       0       0       0       0
# Rows examine   0       0       0       0       0       0       0       0
# Query size    20  14.74M 1006.37k 1006.64k 1006.59k 961.27k       0 961.27k
# String:
# Databases    isucon
# Hosts        localhost
# Users        isucon
# Query_time distribution
#   1us
#  10us
# 100us
#   1ms
#  10ms
# 100ms  ################################################################
#    1s
#  10s+
# Tables
#    SHOW TABLE STATUS FROM `isucon` LIKE 'user_present_all_received_history'\G
#    SHOW CREATE TABLE `isucon`.`user_present_all_received_history`\G
INSERT INTO `user_present_all_received_history` VALUES (1148363,538842799,21,1635692400,1635692400,1635692400,NULL) /*... omitted ...*/\G

# Query 4: 2.50 QPS, 1.37x concurrency, ID 0xA09392770A027971695452345619CF0E at byte 76012407
# Scores: V/M = 0.09
# Time range: 2026-09-24T21:13:24 to 2026-09-24T21:13:26
# Attribute    pct   total     min     max     avg     95%  stddev  median
# ============ === ======= ======= ======= ======= ======= ======= =======
# Count          5       5
# Exec time     10      3s   105ms   729ms   546ms   705ms   220ms   640ms
# Lock time     20     7us     1us     2us     1us     1us       0     1us
# Rows sent    100     101      15      28   20.20   27.38    6.30   14.52
# Rows examine 100   1.15M 235.97k 235.97k 235.97k 235.97k       0 235.97k
# Query size     0     419      83      84   83.80   80.10       0   80.10
# String:
# Databases    isucon
# Hosts        localhost
# Users        isucon
# Query_time distribution
#   1us
#  10us
# 100us
#   1ms
#  10ms
# 100ms  ################################################################
#    1s
#  10s+
# Tables
#    SHOW TABLE STATUS FROM `isucon` LIKE 'user_present_all_received_history'\G
#    SHOW CREATE TABLE `isucon`.`user_present_all_received_history`\G
# EXPLAIN /*!50100 PARTITIONS*/
SELECT * FROM user_present_all_received_history WHERE user_id=5709957315 ORDER BY id\G

# Query 5: 4 QPS, 0.91x concurrency, ID 0x13D274D305314539C3CEC5658CA257A8 at byte 49758624
# Scores: V/M = 0.02
# Time range: 2026-09-24T21:13:03 to 2026-09-24T21:13:05
# Attribute    pct   total     min     max     avg     95%  stddev  median
# ============ === ======= ======= ======= ======= ======= ======= =======
# Count          9       8
# Exec time      6      2s   145ms   382ms   229ms   374ms    65ms   198ms
# Lock time      0       0       0       0       0       0       0       0
# Rows sent      0       0       0       0       0       0       0       0
# Rows examine   0       0       0       0       0       0       0       0
# Query size    10   7.57M 716.14k 1005.06k 968.89k 961.27k  91.98k 961.27k
# String:
# Databases    isucon
# Hosts        localhost
# Users        isucon
# Query_time distribution
#   1us
#  10us
# 100us
#   1ms
#  10ms
# 100ms  ################################################################
#    1s
#  10s+
# Tables
#    SHOW TABLE STATUS FROM `isucon` LIKE 'user_items'\G
#    SHOW CREATE TABLE `isucon`.`user_items`\G
INSERT INTO `user_items` VALUES (1167064,5412259060,3,20,2,1632245312,1632245312,NULL) /*... omitted ...*/\G

# Query 6: 0 QPS, 0x concurrency, ID 0x29AD663DF8FA56EE4F901834723878F6 at byte 0
# Scores: V/M = 0.00
# Time range: all events occurred at 2026-09-24T21:12:49
# Attribute    pct   total     min     max     avg     95%  stddev  median
# ============ === ======= ======= ======= ======= ======= ======= =======
# Count          1       1
# Exec time      2   745ms   745ms   745ms   745ms   745ms       0   745ms
# Lock time     38    13us    13us    13us    13us    13us       0    13us
# Rows sent      0       0       0       0       0       0       0       0
# Rows examine   0       0       0       0       0       0       0       0
# Query size     0      56      56      56      56      56       0      56
# String:
# Databases    isucon
# Hosts        localhost
# Users        isucon
# Query_time distribution
#   1us
#  10us
# 100us
#   1ms
#  10ms
# 100ms  ################################################################
#    1s
#  10s+
# Tables
#    SHOW TABLE STATUS FROM `isucon` LIKE 'user_present_all_received_history'\G
#    SHOW CREATE TABLE `isucon`.`user_present_all_received_history`\G
DROP TABLE IF EXISTS `user_present_all_received_history`\G

# Query 7: 2 QPS, 0.55x concurrency, ID 0xB6B9ED728E1332C1DD99773350309CB2 at byte 57697398
# Scores: V/M = 0.08
# Time range: 2026-09-24T21:13:05 to 2026-09-24T21:13:06
# Attribute    pct   total     min     max     avg     95%  stddev  median
# ============ === ======= ======= ======= ======= ======= ======= =======
# Count          2       2
# Exec time      2   554ms   169ms   385ms   277ms   385ms   153ms   277ms
# Lock time      0       0       0       0       0       0       0       0
# Rows sent      0       0       0       0       0       0       0       0
# Rows examine   0       0       0       0       0       0       0       0
# Query size     2   1.73M 768.20k 1004.77k 886.48k 1004.77k 167.28k 886.48k
# String:
# Databases    isucon
# Hosts        localhost
# Users        isucon
# Query_time distribution
#   1us
#  10us
# 100us
#   1ms
#  10ms
# 100ms  ################################################################
#    1s
#  10s+
# Tables
#    SHOW TABLE STATUS FROM `isucon` LIKE 'user_login_bonuses'\G
#    SHOW CREATE TABLE `isucon`.`user_login_bonuses`\G
INSERT INTO `user_login_bonuses` VALUES (3134447,8767177037,4,7,1,1651978143,1654213748,NULL) /*... omitted ...*/\G

# Query 8: 0 QPS, 0x concurrency, ID 0x4AC4DC057720031F4B675AC0EA8F5E72 at byte 48278464
# Scores: V/M = 0.19
# Time range: all events occurred at 2026-09-24T21:13:03
# Attribute    pct   total     min     max     avg     95%  stddev  median
# ============ === ======= ======= ======= ======= ======= ======= =======
# Count          2       2
# Exec time      1   531ms   105ms   426ms   266ms   426ms   227ms   266ms
# Lock time      0       0       0       0       0       0       0       0
# Rows sent      0       0       0       0       0       0       0       0
# Rows examine   0       0       0       0       0       0       0       0
# Query size     1   1.41M 436.13k 1008.95k 722.54k 1008.95k 405.05k 722.54k
# String:
# Databases    isucon
# Hosts        localhost
# Users        isucon
# Query_time distribution
#   1us
#  10us
# 100us
#   1ms
#  10ms
# 100ms  ################################################################
#    1s
#  10s+
# Tables
#    SHOW TABLE STATUS FROM `isucon` LIKE 'user_devices'\G
#    SHOW CREATE TABLE `isucon`.`user_devices`\G
INSERT INTO `user_devices` VALUES (38256,6994093262,'1c131378-9090-4353-a094-4db47df536ef',3,1638359002,1638359002,NULL) /*... omitted ...*/\G
