
# 420ms user time, 50ms system time, 44.23M rss, 415.15G vsz
# Current date: Fri Sep 25 06:16:50 2026
# Hostname: YusukenoMac-mini.local
# Files: raw/mysql-slow-isucon-1.log
# Overall: 125 total, 12 unique, 1.81 QPS, 0.38x concurrency _____________
# Time range: 2026-09-24T21:12:48 to 2026-09-24T21:13:57
# Attribute          total     min     max     avg     95%  stddev  median
# ============     ======= ======= ======= ======= ======= ======= =======
# Exec time            26s   101ms      3s   208ms   339ms   229ms   171ms
# Lock time           79us       0     7us       0     1us       0       0
# Rows sent         22.96k       0     651  188.12  621.67  270.02       0
# Rows examine      45.93k       0   1.27k  376.24   1.20k  536.26       0
# Query size        72.64M      33 1008.95k 595.10k 961.27k 465.68k 961.27k

# Profile
# Rank Query ID                            Response time Calls R/Call V/M 
# ==== =================================== ============= ===== ====== ====
#    1 0x2096778F723F6666B5D7DDC9D01010C7  10.8478 41.7%    46 0.2358  0.02 INSERT user_cards
#    2 0x1CE12E6E67384F76ADA46506605DEB64   5.5086 21.2%    41 0.1344  0.01 SELECT user_presents
#    3 0x79A889ED30BFA8BF517F86F6D70065B6   2.7516 10.6%     1 2.7516  0.00 LOAD DATA user_presents
#    4 0x4112BAFCAD857E650001A24863DBA0F1   2.5948 10.0%    15 0.1730  0.01 INSERT user_present_all_received_history
#    5 0x13D274D305314539C3CEC5658CA257A8   1.6294  6.3%     8 0.2037  0.02 INSERT user_items
#    6 0xA09392770A027971695452345619CF0E   0.7058  2.7%     6 0.1176  0.00 SELECT user_present_all_received_history
#    7 0xB6B9ED728E1332C1DD99773350309CB2   0.5378  2.1%     2 0.2689  0.13 INSERT user_login_bonuses
#    8 0x4AC4DC057720031F4B675AC0EA8F5E72   0.5015  1.9%     2 0.2507  0.16 INSERT user_devices
# MISC 0xMISC                               0.9107  3.5%     4 0.2277   0.0 <4 ITEMS>

# Query 1: 4.18 QPS, 0.99x concurrency, ID 0x2096778F723F6666B5D7DDC9D01010C7 at byte 43470554
# Scores: V/M = 0.02
# Time range: 2026-09-24T21:12:50 to 2026-09-24T21:13:01
# Attribute    pct   total     min     max     avg     95%  stddev  median
# ============ === ======= ======= ======= ======= ======= ======= =======
# Count         36      46
# Exec time     41     11s   178ms   438ms   236ms   339ms    62ms   208ms
# Lock time      0       0       0       0       0       0       0       0
# Rows sent      0       0       0       0       0       0       0       0
# Rows examine   0       0       0       0       0       0       0       0
# Query size    62  45.18M 970.86k 1006.59k 1005.76k 961.27k       0 961.27k
# String:
# Databases    isucon
# Hosts        localhost
# Users        isucon
# Query_time distribution
#   1us
#  10us
# 100us
#   1ms
#  10ms
# 100ms  ################################################################
#    1s
#  10s+
# Tables
#    SHOW TABLE STATUS FROM `isucon` LIKE 'user_cards'\G
#    SHOW CREATE TABLE `isucon`.`user_cards`\G
INSERT INTO `user_cards` VALUES (91387793997,2388754397,6,540,27,1010,1563994530,1563994530,NULL) /*... omitted ...*/\G

# Query 2: 1.95 QPS, 0.26x concurrency, ID 0x1CE12E6E67384F76ADA46506605DEB64 at byte 76188687
# Scores: V/M = 0.01
# Time range: 2026-09-24T21:13:36 to 2026-09-24T21:13:57
# Attribute    pct   total     min     max     avg     95%  stddev  median
# ============ === ======= ======= ======= ======= ======= ======= =======
# Count         32      41
# Exec time     21      6s   101ms   269ms   134ms   171ms    32ms   122ms
# Lock time     78    62us     1us     2us     1us     1us       0     1us
# Rows sent     99  22.81k     325     651  569.76  621.67  120.87  621.67
# Rows examine  99  45.62k     650   1.27k   1.11k   1.20k  241.27   1.20k
# Query size     0   4.20k     103     105  104.83  102.22       0  102.22
# String:
# Databases    isucon
# Hosts        localhost
# Users        isucon
# Query_time distribution
#   1us
#  10us
# 100us
#   1ms
#  10ms
# 100ms  ################################################################
#    1s
#  10s+
# Tables
#    SHOW TABLE STATUS FROM `isucon` LIKE 'user_presents'\G
#    SHOW CREATE TABLE `isucon`.`user_presents`\G
# EXPLAIN /*!50100 PARTITIONS*/
SELECT * FROM user_presents WHERE user_id=7651891531 AND id<=100000000000 ORDER BY created_at DESC,id ASC\G

# Query 3: 0 QPS, 0x concurrency, ID 0x79A889ED30BFA8BF517F86F6D70065B6 at byte 76183498
# Scores: V/M = 0.00
# Time range: all events occurred at 2026-09-24T21:13:10
# Attribute    pct   total     min     max     avg     95%  stddev  median
# ============ === ======= ======= ======= ======= ======= ======= =======
# Count          0       1
# Exec time     10      3s      3s      3s      3s      3s       0      3s
# Lock time      3     3us     3us     3us     3us     3us       0     3us
# Rows sent      0       0       0       0       0       0       0       0
# Rows examine   0       0       0       0       0       0       0       0
# Query size     0     146     146     146     146     146       0     146
# String:
# Databases    isucon
# Hosts        localhost
# Users        isucon
# Query_time distribution
#   1us
#  10us
# 100us
#   1ms
#  10ms
# 100ms
#    1s  ################################################################
#  10s+
# Tables
#    SHOW TABLE STATUS FROM `isucon` LIKE 'user_presents'\G
#    SHOW CREATE TABLE `isucon`.`user_presents`\G
LOAD DATA INFILE '/var/lib/mysql-files/5_user_presents_not_receive_data.tsv' REPLACE INTO TABLE user_presents FIELDS ESCAPED BY '|' IGNORE 1 LINES\G

# Query 4: 5 QPS, 0.86x concurrency, ID 0x4112BAFCAD857E650001A24863DBA0F1 at byte 59685926
# Scores: V/M = 0.01
# Time range: 2026-09-24T21:13:04 to 2026-09-24T21:13:07
# Attribute    pct   total     min     max     avg     95%  stddev  median
# ============ === ======= ======= ======= ======= ======= ======= =======
# Count         12      15
# Exec time      9      3s   144ms   352ms   173ms   180ms    47ms   155ms
# Lock time      0       0       0       0       0       0       0       0
# Rows sent      0       0       0       0       0       0       0       0
# Rows examine   0       0       0       0       0       0       0       0
# Query size    20  14.74M 1006.37k 1006.64k 1006.59k 961.27k       0 961.27k
# String:
# Databases    isucon
# Hosts        localhost
# Users        isucon
# Query_time distribution
#   1us
#  10us
# 100us
#   1ms
#  10ms
# 100ms  ################################################################
#    1s
#  10s+
# Tables
#    SHOW TABLE STATUS FROM `isucon` LIKE 'user_present_all_received_history'\G
#    SHOW CREATE TABLE `isucon`.`user_present_all_received_history`\G
INSERT INTO `user_present_all_received_history` VALUES (1148363,538842799,21,1635692400,1635692400,1635692400,NULL) /*... omitted ...*/\G

# Query 5: 8 QPS, 1.63x concurrency, ID 0x13D274D305314539C3CEC5658CA257A8 at byte 49931230
# Scores: V/M = 0.02
# Time range: 2026-09-24T21:13:02 to 2026-09-24T21:13:03
# Attribute    pct   total     min     max     avg     95%  stddev  median
# ============ === ======= ======= ======= ======= ======= ======= =======
# Count          6       8
# Exec time      6      2s   123ms   366ms   204ms   356ms    66ms   184ms
# Lock time      0       0       0       0       0       0       0       0
# Rows sent      0       0       0       0       0       0       0       0
# Rows examine   0       0       0       0       0       0       0       0
# Query size    10   7.57M 716.14k 1005.06k 968.89k 961.27k  91.98k 961.27k
# String:
# Databases    isucon
# Hosts        localhost
# Users        isucon
# Query_time distribution
#   1us
#  10us
# 100us
#   1ms
#  10ms
# 100ms  ################################################################
#    1s
#  10s+
# Tables
#    SHOW TABLE STATUS FROM `isucon` LIKE 'user_items'\G
#    SHOW CREATE TABLE `isucon`.`user_items`\G
INSERT INTO `user_items` VALUES (1167064,5412259060,3,20,2,1632245312,1632245312,NULL) /*... omitted ...*/\G

# Query 6: 1.50 QPS, 0.18x concurrency, ID 0xA09392770A027971695452345619CF0E at byte 76185931
# Scores: V/M = 0.00
# Time range: 2026-09-24T21:13:36 to 2026-09-24T21:13:40
# Attribute    pct   total     min     max     avg     95%  stddev  median
# ============ === ======= ======= ======= ======= ======= ======= =======
# Count          4       6
# Exec time      2   706ms   101ms   137ms   118ms   134ms    13ms   125ms
# Lock time      8     7us     1us     2us     1us     1us       0     1us
# Rows sent      0     155      15      28   25.83   27.38    4.79   27.38
# Rows examine   0     310      30      56   51.67   54.21    9.49   54.21
# Query size     0     503      83      84   83.83   80.10       0   80.10
# String:
# Databases    isucon
# Hosts        localhost
# Users        isucon
# Query_time distribution
#   1us
#  10us
# 100us
#   1ms
#  10ms
# 100ms  ################################################################
#    1s
#  10s+
# Tables
#    SHOW TABLE STATUS FROM `isucon` LIKE 'user_present_all_received_history'\G
#    SHOW CREATE TABLE `isucon`.`user_present_all_received_history`\G
# EXPLAIN /*!50100 PARTITIONS*/
SELECT * FROM user_present_all_received_history WHERE user_id=9046793141 ORDER BY id\G

# Query 7: 0 QPS, 0x concurrency, ID 0xB6B9ED728E1332C1DD99773350309CB2 at byte 57870004
# Scores: V/M = 0.13
# Time range: all events occurred at 2026-09-24T21:13:04
# Attribute    pct   total     min     max     avg     95%  stddev  median
# ============ === ======= ======= ======= ======= ======= ======= =======
# Count          1       2
# Exec time      2   538ms   137ms   401ms   269ms   401ms   186ms   269ms
# Lock time      0       0       0       0       0       0       0       0
# Rows sent      0       0       0       0       0       0       0       0
# Rows examine   0       0       0       0       0       0       0       0
# Query size     2   1.73M 768.20k 1004.77k 886.48k 1004.77k 167.28k 886.48k
# String:
# Databases    isucon
# Hosts        localhost
# Users        isucon
# Query_time distribution
#   1us
#  10us
# 100us
#   1ms
#  10ms
# 100ms  ################################################################
#    1s
#  10s+
# Tables
#    SHOW TABLE STATUS FROM `isucon` LIKE 'user_login_bonuses'\G
#    SHOW CREATE TABLE `isucon`.`user_login_bonuses`\G
INSERT INTO `user_login_bonuses` VALUES (3134447,8767177037,4,7,1,1651978143,1654213748,NULL) /*... omitted ...*/\G

# Query 8: 0 QPS, 0x concurrency, ID 0x4AC4DC057720031F4B675AC0EA8F5E72 at byte 48451070
# Scores: V/M = 0.16
# Time range: all events occurred at 2026-09-24T21:13:02
# Attribute    pct   total     min     max     avg     95%  stddev  median
# ============ === ======= ======= ======= ======= ======= ======= =======
# Count          1       2
# Exec time      1   501ms   109ms   392ms   251ms   392ms   200ms   251ms
# Lock time      0       0       0       0       0       0       0       0
# Rows sent      0       0       0       0       0       0       0       0
# Rows examine   0       0       0       0       0       0       0       0
# Query size     1   1.41M 436.13k 1008.95k 722.54k 1008.95k 405.05k 722.54k
# String:
# Databases    isucon
# Hosts        localhost
# Users        isucon
# Query_time distribution
#   1us
#  10us
# 100us
#   1ms
#  10ms
# 100ms  ################################################################
#    1s
#  10s+
# Tables
#    SHOW TABLE STATUS FROM `isucon` LIKE 'user_devices'\G
#    SHOW CREATE TABLE `isucon`.`user_devices`\G
INSERT INTO `user_devices` VALUES (38256,6994093262,'1c131378-9090-4353-a094-4db47df536ef',3,1638359002,1638359002,NULL) /*... omitted ...*/\G
