
# 440ms user time, 60ms system time, 34.80M rss, 415.15G vsz
# Current date: Fri Sep 25 07:18:14 2026
# Hostname: YusukenoMac-mini.local
# Files: raw/mysql-slow-isucon-4.log
# Overall: 81 total, 11 unique, 1.80 QPS, 0.82x concurrency ______________
# Time range: 2026-09-24T22:14:11 to 2026-09-24T22:14:56
# Attribute          total     min     max     avg     95%  stddev  median
# ============     ======= ======= ======= ======= ======= ======= =======
# Exec time            37s   103ms     13s   458ms   374ms      2s   189ms
# Lock time           15us       0    11us       0       0     1us       0
# Rows sent        939.85k       0 939.85k  11.60k       0 101.09k       0
# Rows examine       3.51M       0   3.51M  44.37k       0 396.29k       0
# Query size        72.82M       6 1008.95k 920.57k 961.27k 245.79k 961.27k

# Profile
# Rank Query ID                            Response time Calls R/Call  V/M
# ==== =================================== ============= ===== ======= ===
#    1 0x79A889ED30BFA8BF517F86F6D70065B6  12.8998 34.8%     1 12.8998  0.00 LOAD DATA user_presents
#    2 0x2096778F723F6666B5D7DDC9D01010C7  10.2750 27.7%    46  0.2234  0.01 INSERT user_cards
#    3 0x2AAA48FA76EDFA622A0836D7C5F9C509   7.3469 19.8%     1  7.3469  0.00 SELECT user_presents
#    4 0x4112BAFCAD857E650001A24863DBA0F1   2.9175  7.9%    16  0.1823  0.02 INSERT user_present_all_received_history
#    5 0x13D274D305314539C3CEC5658CA257A8   1.6679  4.5%     8  0.2085  0.02 INSERT user_items
#    6 0xB6B9ED728E1332C1DD99773350309CB2   0.5174  1.4%     2  0.2587  0.09 INSERT user_login_bonuses
# MISC 0xMISC                               1.4830  4.0%     7  0.2119   0.0 <5 ITEMS>

# Query 1: 0 QPS, 0x concurrency, ID 0x79A889ED30BFA8BF517F86F6D70065B6 at byte 76371196
# Scores: V/M = 0.00
# Time range: all events occurred at 2026-09-24T22:14:42
# Attribute    pct   total     min     max     avg     95%  stddev  median
# ============ === ======= ======= ======= ======= ======= ======= =======
# Count          1       1
# Exec time     34     13s     13s     13s     13s     13s       0     13s
# Lock time     20     3us     3us     3us     3us     3us       0     3us
# Rows sent      0       0       0       0       0       0       0       0
# Rows examine   0       0       0       0       0       0       0       0
# Query size     0     146     146     146     146     146       0     146
# String:
# Databases    isucon
# Hosts        localhost
# Users        isucon
# Query_time distribution
#   1us
#  10us
# 100us
#   1ms
#  10ms
# 100ms
#    1s
#  10s+  ################################################################
# Tables
#    SHOW TABLE STATUS FROM `isucon` LIKE 'user_presents'\G
#    SHOW CREATE TABLE `isucon`.`user_presents`\G
LOAD DATA INFILE '/var/lib/mysql-files/5_user_presents_not_receive_data.tsv' REPLACE INTO TABLE user_presents FIELDS ESCAPED BY '|' IGNORE 1 LINES\G

# Query 2: 4.18 QPS, 0.93x concurrency, ID 0x2096778F723F6666B5D7DDC9D01010C7 at byte 29895749
# Scores: V/M = 0.01
# Time range: 2026-09-24T22:14:12 to 2026-09-24T22:14:23
# Attribute    pct   total     min     max     avg     95%  stddev  median
# ============ === ======= ======= ======= ======= ======= ======= =======
# Count         56      46
# Exec time     27     10s   173ms   389ms   223ms   356ms    55ms   198ms
# Lock time      0       0       0       0       0       0       0       0
# Rows sent      0       0       0       0       0       0       0       0
# Rows examine   0       0       0       0       0       0       0       0
# Query size    62  45.18M 970.86k 1006.59k 1005.76k 961.27k       0 961.27k
# String:
# Databases    isucon
# Hosts        localhost
# Users        isucon
# Query_time distribution
#   1us
#  10us
# 100us
#   1ms
#  10ms
# 100ms  ################################################################
#    1s
#  10s+
# Tables
#    SHOW TABLE STATUS FROM `isucon` LIKE 'user_cards'\G
#    SHOW CREATE TABLE `isucon`.`user_cards`\G
INSERT INTO `user_cards` VALUES (63183827760,6278019269,4,160,32,2695,1573901608,1573901608,NULL) /*... omitted ...*/\G

# Query 3: 0 QPS, 0x concurrency, ID 0x2AAA48FA76EDFA622A0836D7C5F9C509 at byte 76371545
# Scores: V/M = 0.00
# Time range: all events occurred at 2026-09-24T22:14:50
# Attribute    pct   total     min     max     avg     95%  stddev  median
# ============ === ======= ======= ======= ======= ======= ======= =======
# Count          1       1
# Exec time     19      7s      7s      7s      7s      7s       0      7s
# Lock time      6     1us     1us     1us     1us     1us       0     1us
# Rows sent    100 939.85k 939.85k 939.85k 939.85k 939.85k       0 939.85k
# Rows examine 100   3.51M   3.51M   3.51M   3.51M   3.51M       0   3.51M
# Query size     0     149     149     149     149     149       0     149
# String:
# Databases    isucon
# Hosts        localhost
# Users        isucon
# Query_time distribution
#   1us
#  10us
# 100us
#   1ms
#  10ms
# 100ms
#    1s  ################################################################
#  10s+
# Tables
#    SHOW TABLE STATUS FROM `isucon` LIKE 'user_presents'\G
#    SHOW CREATE TABLE `isucon`.`user_presents`\G
# EXPLAIN /*!50100 PARTITIONS*/
SELECT * FROM user_presents WHERE id<=100000000000 AND user_id>0 AND
		((user_id-1) % 5 = 3 OR ((user_id-1) % 5 = 0 AND ((user_id-1) DIV 5) % 4 = 2))\G

# Query 4: 5.33 QPS, 0.97x concurrency, ID 0x4112BAFCAD857E650001A24863DBA0F1 at byte 59513062
# Scores: V/M = 0.02
# Time range: 2026-09-24T22:14:26 to 2026-09-24T22:14:29
# Attribute    pct   total     min     max     avg     95%  stddev  median
# ============ === ======= ======= ======= ======= ======= ======= =======
# Count         19      16
# Exec time      7      3s   143ms   379ms   182ms   230ms    55ms   171ms
# Lock time      0       0       0       0       0       0       0       0
# Rows sent      0       0       0       0       0       0       0       0
# Rows examine   0       0       0       0       0       0       0       0
# Query size    20  15.09M 351.91k 1006.64k 965.67k 961.27k 149.16k 961.27k
# String:
# Databases    isucon
# Hosts        localhost
# Users        isucon
# Query_time distribution
#   1us
#  10us
# 100us
#   1ms
#  10ms
# 100ms  ################################################################
#    1s
#  10s+
# Tables
#    SHOW TABLE STATUS FROM `isucon` LIKE 'user_present_all_received_history'\G
#    SHOW CREATE TABLE `isucon`.`user_present_all_received_history`\G
INSERT INTO `user_present_all_received_history` VALUES (1148363,538842799,21,1635692400,1635692400,1635692400,NULL) /*... omitted ...*/\G

# Query 5: 4 QPS, 0.83x concurrency, ID 0x13D274D305314539C3CEC5658CA257A8 at byte 49758366
# Scores: V/M = 0.02
# Time range: 2026-09-24T22:14:24 to 2026-09-24T22:14:26
# Attribute    pct   total     min     max     avg     95%  stddev  median
# ============ === ======= ======= ======= ======= ======= ======= =======
# Count          9       8
# Exec time      4      2s   124ms   392ms   208ms   374ms    69ms   189ms
# Lock time      0       0       0       0       0       0       0       0
# Rows sent      0       0       0       0       0       0       0       0
# Rows examine   0       0       0       0       0       0       0       0
# Query size    10   7.57M 716.14k 1005.06k 968.89k 961.27k  91.98k 961.27k
# String:
# Databases    isucon
# Hosts        localhost
# Users        isucon
# Query_time distribution
#   1us
#  10us
# 100us
#   1ms
#  10ms
# 100ms  ################################################################
#    1s
#  10s+
# Tables
#    SHOW TABLE STATUS FROM `isucon` LIKE 'user_items'\G
#    SHOW CREATE TABLE `isucon`.`user_items`\G
INSERT INTO `user_items` VALUES (1167064,5412259060,3,20,2,1632245312,1632245312,NULL) /*... omitted ...*/\G

# Query 6: 0 QPS, 0x concurrency, ID 0xB6B9ED728E1332C1DD99773350309CB2 at byte 57697140
# Scores: V/M = 0.09
# Time range: all events occurred at 2026-09-24T22:14:26
# Attribute    pct   total     min     max     avg     95%  stddev  median
# ============ === ======= ======= ======= ======= ======= ======= =======
# Count          2       2
# Exec time      1   517ms   152ms   366ms   259ms   366ms   151ms   259ms
# Lock time      0       0       0       0       0       0       0       0
# Rows sent      0       0       0       0       0       0       0       0
# Rows examine   0       0       0       0       0       0       0       0
# Query size     2   1.73M 768.20k 1004.77k 886.48k 1004.77k 167.28k 886.48k
# String:
# Databases    isucon
# Hosts        localhost
# Users        isucon
# Query_time distribution
#   1us
#  10us
# 100us
#   1ms
#  10ms
# 100ms  ################################################################
#    1s
#  10s+
# Tables
#    SHOW TABLE STATUS FROM `isucon` LIKE 'user_login_bonuses'\G
#    SHOW CREATE TABLE `isucon`.`user_login_bonuses`\G
INSERT INTO `user_login_bonuses` VALUES (3134447,8767177037,4,7,1,1651978143,1654213748,NULL) /*... omitted ...*/\G
