
# 440ms user time, 50ms system time, 59.89M rss, 415.15G vsz
# Current date: Fri Sep 25 08:27:39 2026
# Hostname: YusukenoMac-mini.local
# Files: raw/mysql-slow-isucon-2.log
# Overall: 82 total, 14 unique, 2.56 QPS, 0.94x concurrency ______________
# Time range: 2026-09-24T23:23:37 to 2026-09-24T23:24:09
# Attribute          total     min     max     avg     95%  stddev  median
# ============     ======= ======= ======= ======= ======= ======= =======
# Exec time            30s   116ms      6s   366ms   412ms   659ms   241ms
# Lock time           32us       0    14us       0     1us     1us       0
# Rows sent          1.11M       0 873.95k  13.86k       0  97.31k       0
# Rows examine       4.56M       0   3.51M  56.95k       0 400.55k       0
# Query size        72.64M      33 1008.95k 907.11k 961.27k 267.75k 961.27k

# Profile
# Rank Query ID                            Response time Calls R/Call V/M 
# ==== =================================== ============= ===== ====== ====
#    1 0x2096778F723F6666B5D7DDC9D01010C7  12.6452 42.1%    46 0.2749  0.01 INSERT user_cards
#    2 0x2AAA48FA76EDFA622A0836D7C5F9C509   5.5987 18.7%     1 5.5987  0.00 SELECT user_presents
#    3 0x4112BAFCAD857E650001A24863DBA0F1   3.3156 11.1%    15 0.2210  0.01 INSERT user_present_all_received_history
#    4 0x79A889ED30BFA8BF517F86F6D70065B6   3.2797 10.9%     1 3.2797  0.00 LOAD DATA user_presents
#    5 0x13D274D305314539C3CEC5658CA257A8   1.9858  6.6%     8 0.2482  0.02 INSERT user_items
#    6 0x2B336EABF85109AFA95C9CC70452C0DD   0.7165  2.4%     1 0.7165  0.00 SELECT user_cards
#    7 0xB6B9ED728E1332C1DD99773350309CB2   0.5997  2.0%     2 0.2998  0.09 INSERT user_login_bonuses
#    8 0x4AC4DC057720031F4B675AC0EA8F5E72   0.5854  2.0%     2 0.2927  0.21 INSERT user_devices
# MISC 0xMISC                               1.2756  4.3%     6 0.2126   0.0 <6 ITEMS>

# Query 1: 3.54 QPS, 0.97x concurrency, ID 0x2096778F723F6666B5D7DDC9D01010C7 at byte 173290
# Scores: V/M = 0.01
# Time range: 2026-09-24T23:23:38 to 2026-09-24T23:23:51
# Attribute    pct   total     min     max     avg     95%  stddev  median
# ============ === ======= ======= ======= ======= ======= ======= =======
# Count         56      46
# Exec time     42     13s   219ms   411ms   275ms   339ms    47ms   253ms
# Lock time      0       0       0       0       0       0       0       0
# Rows sent      0       0       0       0       0       0       0       0
# Rows examine   0       0       0       0       0       0       0       0
# Query size    62  45.18M 970.86k 1006.59k 1005.76k 961.27k       0 961.27k
# String:
# Databases    isucon
# Hosts        localhost
# Users        isucon
# Query_time distribution
#   1us
#  10us
# 100us
#   1ms
#  10ms
# 100ms  ################################################################
#    1s
#  10s+
# Tables
#    SHOW TABLE STATUS FROM `isucon` LIKE 'user_cards'\G
#    SHOW CREATE TABLE `isucon`.`user_cards`\G
INSERT INTO `user_cards` VALUES (1042148,9904038980,6,720,36,5336,1639932222,1639932222,NULL) /*... omitted ...*/\G

# Query 2: 0 QPS, 0x concurrency, ID 0x2AAA48FA76EDFA622A0836D7C5F9C509 at byte 76183846
# Scores: V/M = 0.00
# Time range: all events occurred at 2026-09-24T23:24:08
# Attribute    pct   total     min     max     avg     95%  stddev  median
# ============ === ======= ======= ======= ======= ======= ======= =======
# Count          1       1
# Exec time     18      6s      6s      6s      6s      6s       0      6s
# Lock time      6     2us     2us     2us     2us     2us       0     2us
# Rows sent     76 873.95k 873.95k 873.95k 873.95k 873.95k       0 873.95k
# Rows examine  76   3.51M   3.51M   3.51M   3.51M   3.51M       0   3.51M
# Query size     0     149     149     149     149     149       0     149
# String:
# Databases    isucon
# Hosts        localhost
# Users        isucon
# Query_time distribution
#   1us
#  10us
# 100us
#   1ms
#  10ms
# 100ms
#    1s  ################################################################
#  10s+
# Tables
#    SHOW TABLE STATUS FROM `isucon` LIKE 'user_presents'\G
#    SHOW CREATE TABLE `isucon`.`user_presents`\G
# EXPLAIN /*!50100 PARTITIONS*/
SELECT * FROM user_presents WHERE id<=100000000000 AND user_id>0 AND
		((user_id-1) % 5 = 1 OR ((user_id-1) % 5 = 0 AND ((user_id-1) DIV 5) % 4 = 0))\G

# Query 3: 5 QPS, 1.11x concurrency, ID 0x4112BAFCAD857E650001A24863DBA0F1 at byte 59685926
# Scores: V/M = 0.01
# Time range: 2026-09-24T23:23:55 to 2026-09-24T23:23:58
# Attribute    pct   total     min     max     avg     95%  stddev  median
# ============ === ======= ======= ======= ======= ======= ======= =======
# Count         18      15
# Exec time     11      3s   176ms   385ms   221ms   323ms    57ms   189ms
# Lock time      0       0       0       0       0       0       0       0
# Rows sent      0       0       0       0       0       0       0       0
# Rows examine   0       0       0       0       0       0       0       0
# Query size    20  14.74M 1006.37k 1006.64k 1006.59k 961.27k       0 961.27k
# String:
# Databases    isucon
# Hosts        localhost
# Users        isucon
# Query_time distribution
#   1us
#  10us
# 100us
#   1ms
#  10ms
# 100ms  ################################################################
#    1s
#  10s+
# Tables
#    SHOW TABLE STATUS FROM `isucon` LIKE 'user_present_all_received_history'\G
#    SHOW CREATE TABLE `isucon`.`user_present_all_received_history`\G
INSERT INTO `user_present_all_received_history` VALUES (1148363,538842799,21,1635692400,1635692400,1635692400,NULL) /*... omitted ...*/\G

# Query 4: 0 QPS, 0x concurrency, ID 0x79A889ED30BFA8BF517F86F6D70065B6 at byte 76183498
# Scores: V/M = 0.00
# Time range: all events occurred at 2026-09-24T23:24:02
# Attribute    pct   total     min     max     avg     95%  stddev  median
# ============ === ======= ======= ======= ======= ======= ======= =======
# Count          1       1
# Exec time     10      3s      3s      3s      3s      3s       0      3s
# Lock time      6     2us     2us     2us     2us     2us       0     2us
# Rows sent      0       0       0       0       0       0       0       0
# Rows examine   0       0       0       0       0       0       0       0
# Query size     0     146     146     146     146     146       0     146
# String:
# Databases    isucon
# Hosts        localhost
# Users        isucon
# Query_time distribution
#   1us
#  10us
# 100us
#   1ms
#  10ms
# 100ms
#    1s  ################################################################
#  10s+
# Tables
#    SHOW TABLE STATUS FROM `isucon` LIKE 'user_presents'\G
#    SHOW CREATE TABLE `isucon`.`user_presents`\G
LOAD DATA INFILE '/var/lib/mysql-files/5_user_presents_not_receive_data.tsv' REPLACE INTO TABLE user_presents FIELDS ESCAPED BY '|' IGNORE 1 LINES\G

# Query 5: 8 QPS, 1.99x concurrency, ID 0x13D274D305314539C3CEC5658CA257A8 at byte 49931230
# Scores: V/M = 0.02
# Time range: 2026-09-24T23:23:53 to 2026-09-24T23:23:54
# Attribute    pct   total     min     max     avg     95%  stddev  median
# ============ === ======= ======= ======= ======= ======= ======= =======
# Count          9       8
# Exec time      6      2s   167ms   416ms   248ms   412ms    68ms   230ms
# Lock time      0       0       0       0       0       0       0       0
# Rows sent      0       0       0       0       0       0       0       0
# Rows examine   0       0       0       0       0       0       0       0
# Query size    10   7.57M 716.14k 1005.06k 968.89k 961.27k  91.98k 961.27k
# String:
# Databases    isucon
# Hosts        localhost
# Users        isucon
# Query_time distribution
#   1us
#  10us
# 100us
#   1ms
#  10ms
# 100ms  ################################################################
#    1s
#  10s+
# Tables
#    SHOW TABLE STATUS FROM `isucon` LIKE 'user_items'\G
#    SHOW CREATE TABLE `isucon`.`user_items`\G
INSERT INTO `user_items` VALUES (1167064,5412259060,3,20,2,1632245312,1632245312,NULL) /*... omitted ...*/\G

# Query 6: 0 QPS, 0x concurrency, ID 0x2B336EABF85109AFA95C9CC70452C0DD at byte 76184563
# Scores: V/M = 0.00
# Time range: all events occurred at 2026-09-24T23:24:09
# Attribute    pct   total     min     max     avg     95%  stddev  median
# ============ === ======= ======= ======= ======= ======= ======= =======
# Count          1       1
# Exec time      2   717ms   717ms   717ms   717ms   717ms       0   717ms
# Lock time      9     3us     3us     3us     3us     3us       0     3us
# Rows sent     15 172.52k 172.52k 172.52k 172.52k 172.52k       0 172.52k
# Rows examine  15 709.13k 709.13k 709.13k 709.13k 709.13k       0 709.13k
# Query size     0     121     121     121     121     121       0     121
# String:
# Databases    isucon
# Hosts        localhost
# Users        isucon
# Query_time distribution
#   1us
#  10us
# 100us
#   1ms
#  10ms
# 100ms  ################################################################
#    1s
#  10s+
# Tables
#    SHOW TABLE STATUS FROM `isucon` LIKE 'user_cards'\G
#    SHOW CREATE TABLE `isucon`.`user_cards`\G
# EXPLAIN /*!50100 PARTITIONS*/
SELECT * FROM user_cards WHERE ((user_id-1) % 5 = 1 OR ((user_id-1) % 5 = 0 AND ((user_id-1) DIV 5) % 4 = 0)) ORDER BY id\G

# Query 7: 0 QPS, 0x concurrency, ID 0xB6B9ED728E1332C1DD99773350309CB2 at byte 57870004
# Scores: V/M = 0.09
# Time range: all events occurred at 2026-09-24T23:23:55
# Attribute    pct   total     min     max     avg     95%  stddev  median
# ============ === ======= ======= ======= ======= ======= ======= =======
# Count          2       2
# Exec time      1   600ms   186ms   413ms   300ms   413ms   161ms   300ms
# Lock time      0       0       0       0       0       0       0       0
# Rows sent      0       0       0       0       0       0       0       0
# Rows examine   0       0       0       0       0       0       0       0
# Query size     2   1.73M 768.20k 1004.77k 886.48k 1004.77k 167.28k 886.48k
# String:
# Databases    isucon
# Hosts        localhost
# Users        isucon
# Query_time distribution
#   1us
#  10us
# 100us
#   1ms
#  10ms
# 100ms  ################################################################
#    1s
#  10s+
# Tables
#    SHOW TABLE STATUS FROM `isucon` LIKE 'user_login_bonuses'\G
#    SHOW CREATE TABLE `isucon`.`user_login_bonuses`\G
INSERT INTO `user_login_bonuses` VALUES (3134447,8767177037,4,7,1,1651978143,1654213748,NULL) /*... omitted ...*/\G

# Query 8: 0 QPS, 0x concurrency, ID 0x4AC4DC057720031F4B675AC0EA8F5E72 at byte 48451070
# Scores: V/M = 0.21
# Time range: all events occurred at 2026-09-24T23:23:52
# Attribute    pct   total     min     max     avg     95%  stddev  median
# ============ === ======= ======= ======= ======= ======= ======= =======
# Count          2       2
# Exec time      1   585ms   116ms   469ms   293ms   469ms   250ms   293ms
# Lock time      0       0       0       0       0       0       0       0
# Rows sent      0       0       0       0       0       0       0       0
# Rows examine   0       0       0       0       0       0       0       0
# Query size     1   1.41M 436.13k 1008.95k 722.54k 1008.95k 405.05k 722.54k
# String:
# Databases    isucon
# Hosts        localhost
# Users        isucon
# Query_time distribution
#   1us
#  10us
# 100us
#   1ms
#  10ms
# 100ms  ################################################################
#    1s
#  10s+
# Tables
#    SHOW TABLE STATUS FROM `isucon` LIKE 'user_devices'\G
#    SHOW CREATE TABLE `isucon`.`user_devices`\G
INSERT INTO `user_devices` VALUES (38256,6994093262,'1c131378-9090-4353-a094-4db47df536ef',3,1638359002,1638359002,NULL) /*... omitted ...*/\G
