
# 450ms user time, 60ms system time, 40.39M rss, 415.15G vsz
# Current date: Fri Sep 25 10:32:36 2026
# Hostname: YusukenoMac-mini.local
# Files: raw/mysql-slow-isucon-2.log
# Overall: 82 total, 13 unique, 2.73 QPS, 0.92x concurrency ______________
# Time range: 2026-09-25T01:28:34 to 2026-09-25T01:29:04
# Attribute          total     min     max     avg     95%  stddev  median
# ============     ======= ======= ======= ======= ======= ======= =======
# Exec time            27s   109ms      5s   335ms   412ms   597ms   230ms
# Lock time           37us       0    16us       0     2us     1us       0
# Rows sent          1.11M       0 873.95k  13.86k       0  97.31k       0
# Rows examine       4.56M       0   3.51M  56.95k       0 400.55k       0
# Query size        72.82M      33 1008.95k 909.35k 961.27k 262.70k 961.27k

# Profile
# Rank Query ID                            Response time Calls R/Call V/M 
# ==== =================================== ============= ===== ====== ====
#    1 0x2096778F723F6666B5D7DDC9D01010C7  11.8172 43.0%    46 0.2569  0.01 INSERT user_cards
#    2 0x2AAA48FA76EDFA622A0836D7C5F9C509   5.3247 19.4%     1 5.3247  0.00 SELECT user_presents
#    3 0x4112BAFCAD857E650001A24863DBA0F1   3.1923 11.6%    16 0.1995  0.02 INSERT user_present_all_received_history
#    4 0x79A889ED30BFA8BF517F86F6D70065B6   2.3998  8.7%     1 2.3998  0.00 LOAD DATA user_presents
#    5 0x13D274D305314539C3CEC5658CA257A8   1.8619  6.8%     8 0.2327  0.01 INSERT user_items
#    6 0x2B336EABF85109AFA95C9CC70452C0DD   0.7134  2.6%     1 0.7134  0.00 SELECT user_cards
#    7 0xB6B9ED728E1332C1DD99773350309CB2   0.5932  2.2%     2 0.2966  0.12 INSERT user_login_bonuses
#    8 0x4AC4DC057720031F4B675AC0EA8F5E72   0.5595  2.0%     2 0.2797  0.16 INSERT user_devices
# MISC 0xMISC                               1.0083  3.7%     5 0.2017   0.0 <5 ITEMS>

# Query 1: 3.83 QPS, 0.98x concurrency, ID 0x2096778F723F6666B5D7DDC9D01010C7 at byte 19586632
# Scores: V/M = 0.01
# Time range: 2026-09-25T01:28:35 to 2026-09-25T01:28:47
# Attribute    pct   total     min     max     avg     95%  stddev  median
# ============ === ======= ======= ======= ======= ======= ======= =======
# Count         56      46
# Exec time     43     12s   205ms   420ms   257ms   323ms    48ms   230ms
# Lock time      0       0       0       0       0       0       0       0
# Rows sent      0       0       0       0       0       0       0       0
# Rows examine   0       0       0       0       0       0       0       0
# Query size    62  45.18M 970.86k 1006.59k 1005.76k 961.27k       0 961.27k
# String:
# Databases    isucon
# Hosts        localhost
# Users        isucon
# Query_time distribution
#   1us
#  10us
# 100us
#   1ms
#  10ms
# 100ms  ################################################################
#    1s
#  10s+
# Tables
#    SHOW TABLE STATUS FROM `isucon` LIKE 'user_cards'\G
#    SHOW CREATE TABLE `isucon`.`user_cards`\G
INSERT INTO `user_cards` VALUES (41495665151,3703247521,3,76,38,7696,1571593513,1571593513,NULL) /*... omitted ...*/\G

# Query 2: 0 QPS, 0x concurrency, ID 0x2AAA48FA76EDFA622A0836D7C5F9C509 at byte 76371544
# Scores: V/M = 0.00
# Time range: all events occurred at 2026-09-25T01:29:03
# Attribute    pct   total     min     max     avg     95%  stddev  median
# ============ === ======= ======= ======= ======= ======= ======= =======
# Count          1       1
# Exec time     19      5s      5s      5s      5s      5s       0      5s
# Lock time      8     3us     3us     3us     3us     3us       0     3us
# Rows sent     76 873.95k 873.95k 873.95k 873.95k 873.95k       0 873.95k
# Rows examine  76   3.51M   3.51M   3.51M   3.51M   3.51M       0   3.51M
# Query size     0     149     149     149     149     149       0     149
# String:
# Databases    isucon
# Hosts        localhost
# Users        isucon
# Query_time distribution
#   1us
#  10us
# 100us
#   1ms
#  10ms
# 100ms
#    1s  ################################################################
#  10s+
# Tables
#    SHOW TABLE STATUS FROM `isucon` LIKE 'user_presents'\G
#    SHOW CREATE TABLE `isucon`.`user_presents`\G
# EXPLAIN /*!50100 PARTITIONS*/
SELECT * FROM user_presents WHERE id<=100000000000 AND user_id>0 AND
		((user_id-1) % 5 = 1 OR ((user_id-1) % 5 = 0 AND ((user_id-1) DIV 5) % 4 = 0))\G

# Query 3: 5.33 QPS, 1.06x concurrency, ID 0x4112BAFCAD857E650001A24863DBA0F1 at byte 59513062
# Scores: V/M = 0.02
# Time range: 2026-09-25T01:28:51 to 2026-09-25T01:28:54
# Attribute    pct   total     min     max     avg     95%  stddev  median
# ============ === ======= ======= ======= ======= ======= ======= =======
# Count         19      16
# Exec time     11      3s   144ms   414ms   200ms   208ms    58ms   180ms
# Lock time      0       0       0       0       0       0       0       0
# Rows sent      0       0       0       0       0       0       0       0
# Rows examine   0       0       0       0       0       0       0       0
# Query size    20  15.09M 351.91k 1006.64k 965.67k 961.27k 149.16k 961.27k
# String:
# Databases    isucon
# Hosts        localhost
# Users        isucon
# Query_time distribution
#   1us
#  10us
# 100us
#   1ms
#  10ms
# 100ms  ################################################################
#    1s
#  10s+
# Tables
#    SHOW TABLE STATUS FROM `isucon` LIKE 'user_present_all_received_history'\G
#    SHOW CREATE TABLE `isucon`.`user_present_all_received_history`\G
INSERT INTO `user_present_all_received_history` VALUES (1148363,538842799,21,1635692400,1635692400,1635692400,NULL) /*... omitted ...*/\G

# Query 4: 0 QPS, 0x concurrency, ID 0x79A889ED30BFA8BF517F86F6D70065B6 at byte 76371196
# Scores: V/M = 0.00
# Time range: all events occurred at 2026-09-25T01:28:57
# Attribute    pct   total     min     max     avg     95%  stddev  median
# ============ === ======= ======= ======= ======= ======= ======= =======
# Count          1       1
# Exec time      8      2s      2s      2s      2s      2s       0      2s
# Lock time      8     3us     3us     3us     3us     3us       0     3us
# Rows sent      0       0       0       0       0       0       0       0
# Rows examine   0       0       0       0       0       0       0       0
# Query size     0     146     146     146     146     146       0     146
# String:
# Databases    isucon
# Hosts        localhost
# Users        isucon
# Query_time distribution
#   1us
#  10us
# 100us
#   1ms
#  10ms
# 100ms
#    1s  ################################################################
#  10s+
# Tables
#    SHOW TABLE STATUS FROM `isucon` LIKE 'user_presents'\G
#    SHOW CREATE TABLE `isucon`.`user_presents`\G
LOAD DATA INFILE '/var/lib/mysql-files/5_user_presents_not_receive_data.tsv' REPLACE INTO TABLE user_presents FIELDS ESCAPED BY '|' IGNORE 1 LINES\G

# Query 5: 8 QPS, 1.86x concurrency, ID 0x13D274D305314539C3CEC5658CA257A8 at byte 49758366
# Scores: V/M = 0.01
# Time range: 2026-09-25T01:28:49 to 2026-09-25T01:28:50
# Attribute    pct   total     min     max     avg     95%  stddev  median
# ============ === ======= ======= ======= ======= ======= ======= =======
# Count          9       8
# Exec time      6      2s   174ms   392ms   233ms   374ms    58ms   208ms
# Lock time      0       0       0       0       0       0       0       0
# Rows sent      0       0       0       0       0       0       0       0
# Rows examine   0       0       0       0       0       0       0       0
# Query size    10   7.57M 716.14k 1005.06k 968.89k 961.27k  91.98k 961.27k
# String:
# Databases    isucon
# Hosts        localhost
# Users        isucon
# Query_time distribution
#   1us
#  10us
# 100us
#   1ms
#  10ms
# 100ms  ################################################################
#    1s
#  10s+
# Tables
#    SHOW TABLE STATUS FROM `isucon` LIKE 'user_items'\G
#    SHOW CREATE TABLE `isucon`.`user_items`\G
INSERT INTO `user_items` VALUES (1167064,5412259060,3,20,2,1632245312,1632245312,NULL) /*... omitted ...*/\G

# Query 6: 0 QPS, 0x concurrency, ID 0x2B336EABF85109AFA95C9CC70452C0DD at byte 76372261
# Scores: V/M = 0.00
# Time range: all events occurred at 2026-09-25T01:29:04
# Attribute    pct   total     min     max     avg     95%  stddev  median
# ============ === ======= ======= ======= ======= ======= ======= =======
# Count          1       1
# Exec time      2   713ms   713ms   713ms   713ms   713ms       0   713ms
# Lock time     16     6us     6us     6us     6us     6us       0     6us
# Rows sent     15 172.52k 172.52k 172.52k 172.52k 172.52k       0 172.52k
# Rows examine  15 709.13k 709.13k 709.13k 709.13k 709.13k       0 709.13k
# Query size     0     121     121     121     121     121       0     121
# String:
# Databases    isucon
# Hosts        localhost
# Users        isucon
# Query_time distribution
#   1us
#  10us
# 100us
#   1ms
#  10ms
# 100ms  ################################################################
#    1s
#  10s+
# Tables
#    SHOW TABLE STATUS FROM `isucon` LIKE 'user_cards'\G
#    SHOW CREATE TABLE `isucon`.`user_cards`\G
# EXPLAIN /*!50100 PARTITIONS*/
SELECT * FROM user_cards WHERE ((user_id-1) % 5 = 1 OR ((user_id-1) % 5 = 0 AND ((user_id-1) DIV 5) % 4 = 0)) ORDER BY id\G

# Query 7: 0 QPS, 0x concurrency, ID 0xB6B9ED728E1332C1DD99773350309CB2 at byte 57697140
# Scores: V/M = 0.12
# Time range: all events occurred at 2026-09-25T01:28:51
# Attribute    pct   total     min     max     avg     95%  stddev  median
# ============ === ======= ======= ======= ======= ======= ======= =======
# Count          2       2
# Exec time      2   593ms   163ms   431ms   297ms   431ms   189ms   297ms
# Lock time      0       0       0       0       0       0       0       0
# Rows sent      0       0       0       0       0       0       0       0
# Rows examine   0       0       0       0       0       0       0       0
# Query size     2   1.73M 768.20k 1004.77k 886.48k 1004.77k 167.28k 886.48k
# String:
# Databases    isucon
# Hosts        localhost
# Users        isucon
# Query_time distribution
#   1us
#  10us
# 100us
#   1ms
#  10ms
# 100ms  ################################################################
#    1s
#  10s+
# Tables
#    SHOW TABLE STATUS FROM `isucon` LIKE 'user_login_bonuses'\G
#    SHOW CREATE TABLE `isucon`.`user_login_bonuses`\G
INSERT INTO `user_login_bonuses` VALUES (3134447,8767177037,4,7,1,1651978143,1654213748,NULL) /*... omitted ...*/\G

# Query 8: 0 QPS, 0x concurrency, ID 0x4AC4DC057720031F4B675AC0EA8F5E72 at byte 48278206
# Scores: V/M = 0.16
# Time range: all events occurred at 2026-09-25T01:28:48
# Attribute    pct   total     min     max     avg     95%  stddev  median
# ============ === ======= ======= ======= ======= ======= ======= =======
# Count          2       2
# Exec time      2   559ms   129ms   431ms   280ms   431ms   213ms   280ms
# Lock time      0       0       0       0       0       0       0       0
# Rows sent      0       0       0       0       0       0       0       0
# Rows examine   0       0       0       0       0       0       0       0
# Query size     1   1.41M 436.13k 1008.95k 722.54k 1008.95k 405.05k 722.54k
# String:
# Databases    isucon
# Hosts        localhost
# Users        isucon
# Query_time distribution
#   1us
#  10us
# 100us
#   1ms
#  10ms
# 100ms  ################################################################
#    1s
#  10s+
# Tables
#    SHOW TABLE STATUS FROM `isucon` LIKE 'user_devices'\G
#    SHOW CREATE TABLE `isucon`.`user_devices`\G
INSERT INTO `user_devices` VALUES (38256,6994093262,'1c131378-9090-4353-a094-4db47df536ef',3,1638359002,1638359002,NULL) /*... omitted ...*/\G
