
# 430ms user time, 60ms system time, 44.31M rss, 415.15G vsz
# Current date: Fri Sep 25 07:08:28 2026
# Hostname: YusukenoMac-mini.local
# Files: raw/mysql-slow-isucon-4.log
# Overall: 77 total, 10 unique, 2.96 QPS, 0.96x concurrency ______________
# Time range: 2026-09-24T22:04:27 to 2026-09-24T22:04:53
# Attribute          total     min     max     avg     95%  stddev  median
# ============     ======= ======= ======= ======= ======= ======= =======
# Exec time            25s   100ms      5s   323ms   393ms   646ms   198ms
# Lock time           14us       0    10us       0       0     1us       0
# Rows sent        939.85k       0 939.85k  12.21k       0 103.65k       0
# Rows examine       3.51M       0   3.51M  46.67k       0 406.32k       0
# Query size        72.05M      33 1008.95k 958.16k 961.27k 188.80k 961.27k

# Profile
# Rank Query ID                            Response time Calls R/Call V/M 
# ==== =================================== ============= ===== ====== ====
#    1 0x2096778F723F6666B5D7DDC9D01010C7  10.3065 41.4%    46 0.2241  0.02 INSERT user_cards
#    2 0x2AAA48FA76EDFA622A0836D7C5F9C509   4.8588 19.5%     1 4.8588  0.00 SELECT user_presents
#    3 0x79A889ED30BFA8BF517F86F6D70065B6   3.7124 14.9%     1 3.7124  0.00 LOAD DATA user_presents
#    4 0x4112BAFCAD857E650001A24863DBA0F1   2.8633 11.5%    15 0.1909  0.02 INSERT user_present_all_received_history
#    5 0x13D274D305314539C3CEC5658CA257A8   1.6123  6.5%     8 0.2015  0.02 INSERT user_items
#    6 0xB6B9ED728E1332C1DD99773350309CB2   0.5258  2.1%     2 0.2629  0.12 INSERT user_login_bonuses
# MISC 0xMISC                               0.9958  4.0%     4 0.2490   0.0 <4 ITEMS>

# Query 1: 4.60 QPS, 1.03x concurrency, ID 0x2096778F723F6666B5D7DDC9D01010C7 at byte 37112144
# Scores: V/M = 0.02
# Time range: 2026-09-24T22:04:28 to 2026-09-24T22:04:38
# Attribute    pct   total     min     max     avg     95%  stddev  median
# ============ === ======= ======= ======= ======= ======= ======= =======
# Count         59      46
# Exec time     41     10s   174ms   544ms   224ms   308ms    63ms   198ms
# Lock time      0       0       0       0       0       0       0       0
# Rows sent      0       0       0       0       0       0       0       0
# Rows examine   0       0       0       0       0       0       0       0
# Query size    62  45.18M 970.86k 1006.59k 1005.76k 961.27k       0 961.27k
# String:
# Databases    isucon
# Hosts        localhost
# Users        isucon
# Query_time distribution
#   1us
#  10us
# 100us
#   1ms
#  10ms
# 100ms  ################################################################
#    1s
#  10s+
# Tables
#    SHOW TABLE STATUS FROM `isucon` LIKE 'user_cards'\G
#    SHOW CREATE TABLE `isucon`.`user_cards`\G
INSERT INTO `user_cards` VALUES (78363735527,9871775391,2,31,31,2034,1569508490,1569508490,NULL) /*... omitted ...*/\G

# Query 2: 0 QPS, 0x concurrency, ID 0x2AAA48FA76EDFA622A0836D7C5F9C509 at byte 75564186
# Scores: V/M = 0.00
# Time range: all events occurred at 2026-09-24T22:04:53
# Attribute    pct   total     min     max     avg     95%  stddev  median
# ============ === ======= ======= ======= ======= ======= ======= =======
# Count          1       1
# Exec time     19      5s      5s      5s      5s      5s       0      5s
# Lock time     14     2us     2us     2us     2us     2us       0     2us
# Rows sent    100 939.85k 939.85k 939.85k 939.85k 939.85k       0 939.85k
# Rows examine 100   3.51M   3.51M   3.51M   3.51M   3.51M       0   3.51M
# Query size     0     149     149     149     149     149       0     149
# String:
# Databases    isucon
# Hosts        localhost
# Users        isucon
# Query_time distribution
#   1us
#  10us
# 100us
#   1ms
#  10ms
# 100ms
#    1s  ################################################################
#  10s+
# Tables
#    SHOW TABLE STATUS FROM `isucon` LIKE 'user_presents'\G
#    SHOW CREATE TABLE `isucon`.`user_presents`\G
# EXPLAIN /*!50100 PARTITIONS*/
SELECT * FROM user_presents WHERE id<=100000000000 AND user_id>0 AND
		((user_id-1) % 5 = 3 OR ((user_id-1) % 5 = 0 AND ((user_id-1) DIV 5) % 4 = 2))\G

# Query 3: 0 QPS, 0x concurrency, ID 0x79A889ED30BFA8BF517F86F6D70065B6 at byte 75563838
# Scores: V/M = 0.00
# Time range: all events occurred at 2026-09-24T22:04:49
# Attribute    pct   total     min     max     avg     95%  stddev  median
# ============ === ======= ======= ======= ======= ======= ======= =======
# Count          1       1
# Exec time     14      4s      4s      4s      4s      4s       0      4s
# Lock time     14     2us     2us     2us     2us     2us       0     2us
# Rows sent      0       0       0       0       0       0       0       0
# Rows examine   0       0       0       0       0       0       0       0
# Query size     0     146     146     146     146     146       0     146
# String:
# Databases    isucon
# Hosts        localhost
# Users        isucon
# Query_time distribution
#   1us
#  10us
# 100us
#   1ms
#  10ms
# 100ms
#    1s  ################################################################
#  10s+
# Tables
#    SHOW TABLE STATUS FROM `isucon` LIKE 'user_presents'\G
#    SHOW CREATE TABLE `isucon`.`user_presents`\G
LOAD DATA INFILE '/var/lib/mysql-files/5_user_presents_not_receive_data.tsv' REPLACE INTO TABLE user_presents FIELDS ESCAPED BY '|' IGNORE 1 LINES\G

# Query 4: 7.50 QPS, 1.43x concurrency, ID 0x4112BAFCAD857E650001A24863DBA0F1 at byte 59066266
# Scores: V/M = 0.02
# Time range: 2026-09-24T22:04:42 to 2026-09-24T22:04:44
# Attribute    pct   total     min     max     avg     95%  stddev  median
# ============ === ======= ======= ======= ======= ======= ======= =======
# Count         19      15
# Exec time     11      3s   143ms   346ms   191ms   323ms    63ms   163ms
# Lock time      0       0       0       0       0       0       0       0
# Rows sent      0       0       0       0       0       0       0       0
# Rows examine   0       0       0       0       0       0       0       0
# Query size    20  14.74M 1006.37k 1006.64k 1006.59k 961.27k       0 961.27k
# String:
# Databases    isucon
# Hosts        localhost
# Users        isucon
# Query_time distribution
#   1us
#  10us
# 100us
#   1ms
#  10ms
# 100ms  ################################################################
#    1s
#  10s+
# Tables
#    SHOW TABLE STATUS FROM `isucon` LIKE 'user_present_all_received_history'\G
#    SHOW CREATE TABLE `isucon`.`user_present_all_received_history`\G
INSERT INTO `user_present_all_received_history` VALUES (1148363,538842799,21,1635692400,1635692400,1635692400,NULL) /*... omitted ...*/\G

# Query 5: 8 QPS, 1.61x concurrency, ID 0x13D274D305314539C3CEC5658CA257A8 at byte 49311570
# Scores: V/M = 0.02
# Time range: 2026-09-24T22:04:40 to 2026-09-24T22:04:41
# Attribute    pct   total     min     max     avg     95%  stddev  median
# ============ === ======= ======= ======= ======= ======= ======= =======
# Count         10       8
# Exec time      6      2s   126ms   360ms   202ms   356ms    64ms   194ms
# Lock time      0       0       0       0       0       0       0       0
# Rows sent      0       0       0       0       0       0       0       0
# Rows examine   0       0       0       0       0       0       0       0
# Query size    10   7.57M 716.14k 1005.06k 968.89k 961.27k  91.98k 961.27k
# String:
# Databases    isucon
# Hosts        localhost
# Users        isucon
# Query_time distribution
#   1us
#  10us
# 100us
#   1ms
#  10ms
# 100ms  ################################################################
#    1s
#  10s+
# Tables
#    SHOW TABLE STATUS FROM `isucon` LIKE 'user_items'\G
#    SHOW CREATE TABLE `isucon`.`user_items`\G
INSERT INTO `user_items` VALUES (1167064,5412259060,3,20,2,1632245312,1632245312,NULL) /*... omitted ...*/\G

# Query 6: 0 QPS, 0x concurrency, ID 0xB6B9ED728E1332C1DD99773350309CB2 at byte 57250344
# Scores: V/M = 0.12
# Time range: all events occurred at 2026-09-24T22:04:41
# Attribute    pct   total     min     max     avg     95%  stddev  median
# ============ === ======= ======= ======= ======= ======= ======= =======
# Count          2       2
# Exec time      2   526ms   139ms   387ms   263ms   387ms   175ms   263ms
# Lock time      0       0       0       0       0       0       0       0
# Rows sent      0       0       0       0       0       0       0       0
# Rows examine   0       0       0       0       0       0       0       0
# Query size     2   1.73M 768.20k 1004.77k 886.48k 1004.77k 167.28k 886.48k
# String:
# Databases    isucon
# Hosts        localhost
# Users        isucon
# Query_time distribution
#   1us
#  10us
# 100us
#   1ms
#  10ms
# 100ms  ################################################################
#    1s
#  10s+
# Tables
#    SHOW TABLE STATUS FROM `isucon` LIKE 'user_login_bonuses'\G
#    SHOW CREATE TABLE `isucon`.`user_login_bonuses`\G
INSERT INTO `user_login_bonuses` VALUES (3134447,8767177037,4,7,1,1651978143,1654213748,NULL) /*... omitted ...*/\G
