
# 470ms user time, 70ms system time, 43.12M rss, 415.15G vsz
# Current date: Fri Sep 25 15:41:02 2026
# Hostname: YusukenoMac-mini.local
# Files: raw/mysql-slow-isucon-3.log
# Overall: 83 total, 14 unique, 2.96 QPS, 0.92x concurrency ______________
# Time range: 2026-09-25T06:37:00 to 2026-09-25T06:37:28
# Attribute          total     min     max     avg     95%  stddev  median
# ============     ======= ======= ======= ======= ======= ======= =======
# Exec time            26s   104ms      5s   312ms   374ms   548ms   208ms
# Lock time           32us       0    13us       0     1us     1us       0
# Rows sent          1.10M       0 867.24k  13.60k       0  92.30k       0
# Rows examine       4.56M       0   3.51M  56.26k       0 398.17k       0
# Query size        72.98M      33 1008.95k 900.42k 961.27k 272.17k 961.27k

# Profile
# Rank Query ID                            Response time Calls R/Call V/M 
# ==== =================================== ============= ===== ====== ====
#    1 0x2096778F723F6666B5D7DDC9D01010C7  11.0065 42.6%    46 0.2393  0.01 INSERT user_cards
#    2 0x2AAA48FA76EDFA622A0836D7C5F9C509   5.1859 20.1%     1 5.1859  0.00 SELECT user_presents
#    3 0x4112BAFCAD857E650001A24863DBA0F1   3.1062 12.0%    16 0.1941  0.02 INSERT user_present_all_received_history
#    4 0x79A889ED30BFA8BF517F86F6D70065B6   1.8519  7.2%     1 1.8519  0.00 LOAD DATA user_presents
#    5 0x13D274D305314539C3CEC5658CA257A8   1.7339  6.7%     8 0.2167  0.02 INSERT user_items
#    6 0x2B336EABF85109AFA95C9CC70452C0DD   0.7040  2.7%     1 0.7040  0.00 SELECT user_cards
#    7 0x4AC4DC057720031F4B675AC0EA8F5E72   0.5303  2.1%     2 0.2651  0.20 INSERT user_devices
#    8 0xB6B9ED728E1332C1DD99773350309CB2   0.5281  2.0%     2 0.2640  0.11 INSERT user_login_bonuses
# MISC 0xMISC                               1.2105  4.7%     6 0.2017   0.0 <6 ITEMS>

# Query 1: 3.83 QPS, 0.92x concurrency, ID 0x2096778F723F6666B5D7DDC9D01010C7 at byte 173290
# Scores: V/M = 0.01
# Time range: 2026-09-25T06:37:01 to 2026-09-25T06:37:13
# Attribute    pct   total     min     max     avg     95%  stddev  median
# ============ === ======= ======= ======= ======= ======= ======= =======
# Count         55      46
# Exec time     42     11s   187ms   391ms   239ms   356ms    51ms   219ms
# Lock time      0       0       0       0       0       0       0       0
# Rows sent      0       0       0       0       0       0       0       0
# Rows examine   0       0       0       0       0       0       0       0
# Query size    61  45.18M 970.86k 1006.59k 1005.76k 961.27k       0 961.27k
# String:
# Databases    isucon
# Hosts        localhost
# Users        isucon
# Query_time distribution
#   1us
#  10us
# 100us
#   1ms
#  10ms
# 100ms  ################################################################
#    1s
#  10s+
# Tables
#    SHOW TABLE STATUS FROM `isucon` LIKE 'user_cards'\G
#    SHOW CREATE TABLE `isucon`.`user_cards`\G
INSERT INTO `user_cards` VALUES (1042148,9904038980,6,720,36,5336,1639932222,1639932222,NULL) /*... omitted ...*/\G

# Query 2: 0 QPS, 0x concurrency, ID 0x2AAA48FA76EDFA622A0836D7C5F9C509 at byte 76544408
# Scores: V/M = 0.00
# Time range: all events occurred at 2026-09-25T06:37:27
# Attribute    pct   total     min     max     avg     95%  stddev  median
# ============ === ======= ======= ======= ======= ======= ======= =======
# Count          1       1
# Exec time     20      5s      5s      5s      5s      5s       0      5s
# Lock time      9     3us     3us     3us     3us     3us       0     3us
# Rows sent     76 867.24k 867.24k 867.24k 867.24k 867.24k       0 867.24k
# Rows examine  76   3.51M   3.51M   3.51M   3.51M   3.51M       0   3.51M
# Query size     0     149     149     149     149     149       0     149
# String:
# Databases    isucon
# Hosts        localhost
# Users        isucon
# Query_time distribution
#   1us
#  10us
# 100us
#   1ms
#  10ms
# 100ms
#    1s  ################################################################
#  10s+
# Tables
#    SHOW TABLE STATUS FROM `isucon` LIKE 'user_presents'\G
#    SHOW CREATE TABLE `isucon`.`user_presents`\G
# EXPLAIN /*!50100 PARTITIONS*/
SELECT * FROM user_presents WHERE id<=100000000000 AND user_id>0 AND
		((user_id-1) % 5 = 2 OR ((user_id-1) % 5 = 0 AND ((user_id-1) DIV 5) % 4 = 1))\G

# Query 3: 5.33 QPS, 1.04x concurrency, ID 0x4112BAFCAD857E650001A24863DBA0F1 at byte 59685926
# Scores: V/M = 0.02
# Time range: 2026-09-25T06:37:16 to 2026-09-25T06:37:19
# Attribute    pct   total     min     max     avg     95%  stddev  median
# ============ === ======= ======= ======= ======= ======= ======= =======
# Count         19      16
# Exec time     12      3s   142ms   386ms   194ms   308ms    59ms   171ms
# Lock time      0       0       0       0       0       0       0       0
# Rows sent      0       0       0       0       0       0       0       0
# Rows examine   0       0       0       0       0       0       0       0
# Query size    20  15.09M 351.91k 1006.64k 965.67k 961.27k 149.16k 961.27k
# String:
# Databases    isucon
# Hosts        localhost
# Users        isucon
# Query_time distribution
#   1us
#  10us
# 100us
#   1ms
#  10ms
# 100ms  ################################################################
#    1s
#  10s+
# Tables
#    SHOW TABLE STATUS FROM `isucon` LIKE 'user_present_all_received_history'\G
#    SHOW CREATE TABLE `isucon`.`user_present_all_received_history`\G
INSERT INTO `user_present_all_received_history` VALUES (1148363,538842799,21,1635692400,1635692400,1635692400,NULL) /*... omitted ...*/\G

# Query 4: 0 QPS, 0x concurrency, ID 0x79A889ED30BFA8BF517F86F6D70065B6 at byte 76544060
# Scores: V/M = 0.00
# Time range: all events occurred at 2026-09-25T06:37:22
# Attribute    pct   total     min     max     avg     95%  stddev  median
# ============ === ======= ======= ======= ======= ======= ======= =======
# Count          1       1
# Exec time      7      2s      2s      2s      2s      2s       0      2s
# Lock time      6     2us     2us     2us     2us     2us       0     2us
# Rows sent      0       0       0       0       0       0       0       0
# Rows examine   0       0       0       0       0       0       0       0
# Query size     0     146     146     146     146     146       0     146
# String:
# Databases    isucon
# Hosts        localhost
# Users        isucon
# Query_time distribution
#   1us
#  10us
# 100us
#   1ms
#  10ms
# 100ms
#    1s  ################################################################
#  10s+
# Tables
#    SHOW TABLE STATUS FROM `isucon` LIKE 'user_presents'\G
#    SHOW CREATE TABLE `isucon`.`user_presents`\G
LOAD DATA INFILE '/var/lib/mysql-files/5_user_presents_not_receive_data.tsv' REPLACE INTO TABLE user_presents FIELDS ESCAPED BY '|' IGNORE 1 LINES\G

# Query 5: 8 QPS, 1.73x concurrency, ID 0x13D274D305314539C3CEC5658CA257A8 at byte 49931230
# Scores: V/M = 0.02
# Time range: 2026-09-25T06:37:14 to 2026-09-25T06:37:15
# Attribute    pct   total     min     max     avg     95%  stddev  median
# ============ === ======= ======= ======= ======= ======= ======= =======
# Count          9       8
# Exec time      6      2s   165ms   376ms   217ms   374ms    62ms   198ms
# Lock time      0       0       0       0       0       0       0       0
# Rows sent      0       0       0       0       0       0       0       0
# Rows examine   0       0       0       0       0       0       0       0
# Query size    10   7.57M 716.14k 1005.06k 968.89k 961.27k  91.98k 961.27k
# String:
# Databases    isucon
# Hosts        localhost
# Users        isucon
# Query_time distribution
#   1us
#  10us
# 100us
#   1ms
#  10ms
# 100ms  ################################################################
#    1s
#  10s+
# Tables
#    SHOW TABLE STATUS FROM `isucon` LIKE 'user_items'\G
#    SHOW CREATE TABLE `isucon`.`user_items`\G
INSERT INTO `user_items` VALUES (1167064,5412259060,3,20,2,1632245312,1632245312,NULL) /*... omitted ...*/\G

# Query 6: 0 QPS, 0x concurrency, ID 0x2B336EABF85109AFA95C9CC70452C0DD at byte 76545125
# Scores: V/M = 0.00
# Time range: all events occurred at 2026-09-25T06:37:28
# Attribute    pct   total     min     max     avg     95%  stddev  median
# ============ === ======= ======= ======= ======= ======= ======= =======
# Count          1       1
# Exec time      2   704ms   704ms   704ms   704ms   704ms       0   704ms
# Lock time     18     6us     6us     6us     6us     6us       0     6us
# Rows sent     15 171.04k 171.04k 171.04k 171.04k 171.04k       0 171.04k
# Rows examine  15 709.13k 709.13k 709.13k 709.13k 709.13k       0 709.13k
# Query size     0     121     121     121     121     121       0     121
# String:
# Databases    isucon
# Hosts        localhost
# Users        isucon
# Query_time distribution
#   1us
#  10us
# 100us
#   1ms
#  10ms
# 100ms  ################################################################
#    1s
#  10s+
# Tables
#    SHOW TABLE STATUS FROM `isucon` LIKE 'user_cards'\G
#    SHOW CREATE TABLE `isucon`.`user_cards`\G
# EXPLAIN /*!50100 PARTITIONS*/
SELECT * FROM user_cards WHERE ((user_id-1) % 5 = 2 OR ((user_id-1) % 5 = 0 AND ((user_id-1) DIV 5) % 4 = 1)) ORDER BY id\G

# Query 7: 2 QPS, 0.53x concurrency, ID 0x4AC4DC057720031F4B675AC0EA8F5E72 at byte 48451070
# Scores: V/M = 0.20
# Time range: 2026-09-25T06:37:13 to 2026-09-25T06:37:14
# Attribute    pct   total     min     max     avg     95%  stddev  median
# ============ === ======= ======= ======= ======= ======= ======= =======
# Count          2       2
# Exec time      2   530ms   104ms   426ms   265ms   426ms   228ms   265ms
# Lock time      0       0       0       0       0       0       0       0
# Rows sent      0       0       0       0       0       0       0       0
# Rows examine   0       0       0       0       0       0       0       0
# Query size     1   1.41M 436.13k 1008.95k 722.54k 1008.95k 405.05k 722.54k
# String:
# Databases    isucon
# Hosts        localhost
# Users        isucon
# Query_time distribution
#   1us
#  10us
# 100us
#   1ms
#  10ms
# 100ms  ################################################################
#    1s
#  10s+
# Tables
#    SHOW TABLE STATUS FROM `isucon` LIKE 'user_devices'\G
#    SHOW CREATE TABLE `isucon`.`user_devices`\G
INSERT INTO `user_devices` VALUES (38256,6994093262,'1c131378-9090-4353-a094-4db47df536ef',3,1638359002,1638359002,NULL) /*... omitted ...*/\G

# Query 8: 0 QPS, 0x concurrency, ID 0xB6B9ED728E1332C1DD99773350309CB2 at byte 57870004
# Scores: V/M = 0.11
# Time range: all events occurred at 2026-09-25T06:37:16
# Attribute    pct   total     min     max     avg     95%  stddev  median
# ============ === ======= ======= ======= ======= ======= ======= =======
# Count          2       2
# Exec time      2   528ms   143ms   385ms   264ms   385ms   172ms   264ms
# Lock time      0       0       0       0       0       0       0       0
# Rows sent      0       0       0       0       0       0       0       0
# Rows examine   0       0       0       0       0       0       0       0
# Query size     2   1.73M 768.20k 1004.77k 886.48k 1004.77k 167.28k 886.48k
# String:
# Databases    isucon
# Hosts        localhost
# Users        isucon
# Query_time distribution
#   1us
#  10us
# 100us
#   1ms
#  10ms
# 100ms  ################################################################
#    1s
#  10s+
# Tables
#    SHOW TABLE STATUS FROM `isucon` LIKE 'user_login_bonuses'\G
#    SHOW CREATE TABLE `isucon`.`user_login_bonuses`\G
INSERT INTO `user_login_bonuses` VALUES (3134447,8767177037,4,7,1,1651978143,1654213748,NULL) /*... omitted ...*/\G
