
# 460ms user time, 70ms system time, 61.92M rss, 415.15G vsz
# Current date: Fri Sep 25 04:27:53 2026
# Hostname: YusukenoMac-mini.local
# Files: raw/mysql-slow-isucon-1.log
# Overall: 250 total, 10 unique, 3.29 QPS, 0.60x concurrency _____________
# Time range: 2026-09-24T19:23:55 to 2026-09-24T19:25:11
# Attribute          total     min     max     avg     95%  stddev  median
# ============     ======= ======= ======= ======= ======= ======= =======
# Exec time            46s   101ms      4s   183ms   266ms   269ms   141ms
# Lock time          555us       0   319us     2us     1us    19us     1us
# Rows sent         57.42k       0     651  235.21  621.67  268.48   27.38
# Rows examine      15.32M       0 235.97k  62.74k 233.54k 102.68k   1.20k
# Query size        72.06M      82 1008.95k 295.18k 961.27k 435.79k  102.22

# Profile
# Rank Query ID                            Response time Calls R/Call V/M 
# ==== =================================== ============= ===== ====== ====
#    1 0x1CE12E6E67384F76ADA46506605DEB64  17.1397 37.4%   109 0.1572  0.01 SELECT user_presents
#    2 0x2096778F723F6666B5D7DDC9D01010C7  10.8885 23.8%    46 0.2367  0.02 INSERT user_cards
#    3 0xA09392770A027971695452345619CF0E   7.4892 16.3%    66 0.1135  0.00 SELECT user_present_all_received_history
#    4 0x79A889ED30BFA8BF517F86F6D70065B6   4.4813  9.8%     1 4.4813  0.00 LOAD DATA user_presents
#    5 0x4112BAFCAD857E650001A24863DBA0F1   2.7878  6.1%    15 0.1859  0.02 INSERT user_present_all_received_history
#    6 0x13D274D305314539C3CEC5658CA257A8   1.6219  3.5%     8 0.2027  0.02 INSERT user_items
# MISC 0xMISC                               1.4280  3.1%     5 0.2856   0.0 <4 ITEMS>

# Query 1: 3.41 QPS, 0.54x concurrency, ID 0x1CE12E6E67384F76ADA46506605DEB64 at byte 75608449
# Scores: V/M = 0.01
# Time range: 2026-09-24T19:24:39 to 2026-09-24T19:25:11
# Attribute    pct   total     min     max     avg     95%  stddev  median
# ============ === ======= ======= ======= ======= ======= ======= =======
# Count         43     109
# Exec time     37     17s   101ms   293ms   157ms   253ms    48ms   141ms
# Lock time     86   480us     1us   319us     4us     1us    30us     1us
# Rows sent     97  55.87k     114     651  524.90  621.67  152.79  621.67
# Rows examine   0 111.75k     228   1.27k   1.03k   1.20k  302.05   1.20k
# Query size     0  11.17k     103     105  104.95  102.22       0  102.22
# String:
# Databases    isucon
# Hosts        localhost
# Users        isucon
# Query_time distribution
#   1us
#  10us
# 100us
#   1ms
#  10ms
# 100ms  ################################################################
#    1s
#  10s+
# Tables
#    SHOW TABLE STATUS FROM `isucon` LIKE 'user_presents'\G
#    SHOW CREATE TABLE `isucon`.`user_presents`\G
# EXPLAIN /*!50100 PARTITIONS*/
SELECT * FROM user_presents WHERE user_id=9837040476 AND id<=100000000000 ORDER BY created_at DESC,id ASC\G

# Query 2: 4.18 QPS, 0.99x concurrency, ID 0x2096778F723F6666B5D7DDC9D01010C7 at byte 40204643
# Scores: V/M = 0.02
# Time range: 2026-09-24T19:23:55 to 2026-09-24T19:24:06
# Attribute    pct   total     min     max     avg     95%  stddev  median
# ============ === ======= ======= ======= ======= ======= ======= =======
# Count         18      46
# Exec time     23     11s   177ms   548ms   237ms   323ms    75ms   208ms
# Lock time      0       0       0       0       0       0       0       0
# Rows sent      0       0       0       0       0       0       0       0
# Rows examine   0       0       0       0       0       0       0       0
# Query size    62  45.18M 970.86k 1006.59k 1005.76k 961.27k       0 961.27k
# String:
# Databases    isucon
# Hosts        localhost
# Users        isucon
# Query_time distribution
#   1us
#  10us
# 100us
#   1ms
#  10ms
# 100ms  ################################################################
#    1s
#  10s+
# Tables
#    SHOW TABLE STATUS FROM `isucon` LIKE 'user_cards'\G
#    SHOW CREATE TABLE `isucon`.`user_cards`\G
INSERT INTO `user_cards` VALUES (84884607225,6443797960,2,35,35,4829,1625457760,1625457760,NULL) /*... omitted ...*/\G

# Query 3: 6.60 QPS, 0.75x concurrency, ID 0xA09392770A027971695452345619CF0E at byte 75582923
# Scores: V/M = 0.00
# Time range: 2026-09-24T19:24:18 to 2026-09-24T19:24:28
# Attribute    pct   total     min     max     avg     95%  stddev  median
# ============ === ======= ======= ======= ======= ======= ======= =======
# Count         26      66
# Exec time     16      7s   102ms   135ms   113ms   122ms     7ms   110ms
# Lock time     13    73us     1us     2us     1us     1us       0     1us
# Rows sent      2   1.55k      15      28   24.06   27.38    5.91   27.38
# Rows examine  99  15.21M 235.97k 235.97k 235.97k 235.97k       0 235.97k
# Query size     0   5.41k      82      84   83.88   80.10       0   80.10
# String:
# Databases    isucon
# Hosts        localhost
# Users        isucon
# Query_time distribution
#   1us
#  10us
# 100us
#   1ms
#  10ms
# 100ms  ################################################################
#    1s
#  10s+
# Tables
#    SHOW TABLE STATUS FROM `isucon` LIKE 'user_present_all_received_history'\G
#    SHOW CREATE TABLE `isucon`.`user_present_all_received_history`\G
# EXPLAIN /*!50100 PARTITIONS*/
SELECT * FROM user_present_all_received_history WHERE user_id=4197205450 ORDER BY id\G

# Query 4: 0 QPS, 0x concurrency, ID 0x79A889ED30BFA8BF517F86F6D70065B6 at byte 75563603
# Scores: V/M = 0.00
# Time range: all events occurred at 2026-09-24T19:24:17
# Attribute    pct   total     min     max     avg     95%  stddev  median
# ============ === ======= ======= ======= ======= ======= ======= =======
# Count          0       1
# Exec time      9      4s      4s      4s      4s      4s       0      4s
# Lock time      0     2us     2us     2us     2us     2us       0     2us
# Rows sent      0       0       0       0       0       0       0       0
# Rows examine   0       0       0       0       0       0       0       0
# Query size     0     146     146     146     146     146       0     146
# String:
# Databases    isucon
# Hosts        localhost
# Users        isucon
# Query_time distribution
#   1us
#  10us
# 100us
#   1ms
#  10ms
# 100ms
#    1s  ################################################################
#  10s+
# Tables
#    SHOW TABLE STATUS FROM `isucon` LIKE 'user_presents'\G
#    SHOW CREATE TABLE `isucon`.`user_presents`\G
LOAD DATA INFILE '/var/lib/mysql-files/5_user_presents_not_receive_data.tsv' REPLACE INTO TABLE user_presents FIELDS ESCAPED BY '|' IGNORE 1 LINES\G

# Query 5: 5 QPS, 0.93x concurrency, ID 0x4112BAFCAD857E650001A24863DBA0F1 at byte 59066031
# Scores: V/M = 0.02
# Time range: 2026-09-24T19:24:09 to 2026-09-24T19:24:12
# Attribute    pct   total     min     max     avg     95%  stddev  median
# ============ === ======= ======= ======= ======= ======= ======= =======
# Count          6      15
# Exec time      6      3s   151ms   364ms   186ms   266ms    57ms   155ms
# Lock time      0       0       0       0       0       0       0       0
# Rows sent      0       0       0       0       0       0       0       0
# Rows examine   0       0       0       0       0       0       0       0
# Query size    20  14.74M 1006.37k 1006.64k 1006.59k 961.27k       0 961.27k
# String:
# Databases    isucon
# Hosts        localhost
# Users        isucon
# Query_time distribution
#   1us
#  10us
# 100us
#   1ms
#  10ms
# 100ms  ################################################################
#    1s
#  10s+
# Tables
#    SHOW TABLE STATUS FROM `isucon` LIKE 'user_present_all_received_history'\G
#    SHOW CREATE TABLE `isucon`.`user_present_all_received_history`\G
INSERT INTO `user_present_all_received_history` VALUES (1148363,538842799,21,1635692400,1635692400,1635692400,NULL) /*... omitted ...*/\G

# Query 6: 4 QPS, 0.81x concurrency, ID 0x13D274D305314539C3CEC5658CA257A8 at byte 49311335
# Scores: V/M = 0.02
# Time range: 2026-09-24T19:24:07 to 2026-09-24T19:24:09
# Attribute    pct   total     min     max     avg     95%  stddev  median
# ============ === ======= ======= ======= ======= ======= ======= =======
# Count          3       8
# Exec time      3      2s   133ms   365ms   203ms   356ms    62ms   189ms
# Lock time      0       0       0       0       0       0       0       0
# Rows sent      0       0       0       0       0       0       0       0
# Rows examine   0       0       0       0       0       0       0       0
# Query size    10   7.57M 716.14k 1005.06k 968.89k 961.27k  91.98k 961.27k
# String:
# Databases    isucon
# Hosts        localhost
# Users        isucon
# Query_time distribution
#   1us
#  10us
# 100us
#   1ms
#  10ms
# 100ms  ################################################################
#    1s
#  10s+
# Tables
#    SHOW TABLE STATUS FROM `isucon` LIKE 'user_items'\G
#    SHOW CREATE TABLE `isucon`.`user_items`\G
INSERT INTO `user_items` VALUES (1167064,5412259060,3,20,2,1632245312,1632245312,NULL) /*... omitted ...*/\G
