2026-09-23T14:49:30.802540890Z	BENCHMARK_START
[ADMIN] 14:49:31.489031 benchmarker --target-host=172.31.45.101 --request-timeout=10s --initialize-request-timeout=1m0s --exit-error-on-fail=true --stage=prod --max-parallelism=100 --prepare-only=false
14:50:24.218274 [ValidationScenario] 整合性チェックを開始します
[ADMIN] 14:50:24.218264 [LANGUAGE] go
14:50:24.609724 整合性チェック Request:POST /login (日跨ぎ前）
14:50:27.043945 整合性チェック Request:POST /login (日跨ぎ後）
14:50:29.105490 整合性チェック Request:POST /admin/login 失敗の場合
14:50:29.170492 整合性チェック Request:POST /admin/login
14:50:29.246598 整合性チェック Request:GET /admin/user/{userID}
14:50:29.331296 整合性チェック Request:POST /login 失敗の場合
14:50:29.333002 整合性チェック Request:POST /user
14:50:31.831970 整合性チェック Request:POST /login
14:50:34.091141 整合性チェック Request:GET /user/{userId}/home セッション無効の場合
14:50:34.093061 整合性チェック Request:GET /user/{userId}/home
14:50:34.095421 整合性チェック Request:GET /user/{userId}/home 他人のホーム表示の場合
14:50:34.097030 整合性チェック Request:POST /user/{userId}/reward
14:50:34.105865 整合性チェック Request:POST /user/{userId}/card
14:50:34.123233 整合性チェック Request:GET /user/{userId}/item
14:50:34.140367 整合性チェック Request:POST /user/{userId}/addexp/{cardId}
14:50:34.158574 整合性チェック Request:GET /user/{userId}/present/index/:n
14:50:34.162898 整合性チェック Request:POST /user/{userId}/present/receive
14:50:34.302532 整合性チェック Request:GET /user/{userId}/gacha/index
14:50:34.324858 整合性チェック Request:POST /user/{userId}/gacha/draw/{gachaID}/10
14:50:34.406794 整合性チェック Request:GET /admin/master
14:50:34.415085 整合性チェック Request:POST /admin/user/{userID}/ban
14:50:34.428517 整合性チェック Request:POST /login Banの場合
14:50:34.430221 [ValidationScenario] 整合性チェックを終了します
14:50:34.430227 整合性チェックに成功しました！
14:50:34.430228 初期化処理が成功しました！
14:50:34.430248 アプリケーションへの負荷走行を開始します
[ADMIN] 14:50:34.430293 シナリオ走行を開始しました [シナリオ名: Banユーザログイン]
[ADMIN] 14:50:34.430305 シナリオ走行を開始しました [シナリオ名: 新規ユーザー登録]
[ADMIN] 14:50:34.430370 シナリオ走行を開始しました [シナリオ名: ログイン]
[ADMIN] 14:50:34.932883 シナリオ走行を終了しました [シナリオ名: Banユーザログイン]
[ADMIN] 14:50:34.932915 シナリオ走行を開始しました [シナリオ名: Banユーザログイン]
[ADMIN] 14:50:35.435714 シナリオ走行を終了しました [シナリオ名: Banユーザログイン]
[ADMIN] 14:50:35.435748 シナリオ走行を開始しました [シナリオ名: Banユーザログイン]
[ADMIN] 14:50:35.938782 シナリオ走行を終了しました [シナリオ名: Banユーザログイン]
[ADMIN] 14:50:35.938833 シナリオ走行を開始しました [シナリオ名: Banユーザログイン]
[ADMIN] 14:50:36.441469 シナリオ走行を終了しました [シナリオ名: Banユーザログイン]
[ADMIN] 14:50:36.441498 シナリオ走行を開始しました [シナリオ名: Banユーザログイン]
[ADMIN] 14:50:36.944281 シナリオ走行を終了しました [シナリオ名: Banユーザログイン]
[ADMIN] 14:50:36.944320 シナリオ走行を開始しました [シナリオ名: Banユーザログイン]
[ADMIN] 14:50:37.447015 シナリオ走行を終了しました [シナリオ名: Banユーザログイン]
[ADMIN] 14:50:37.447043 シナリオ走行を開始しました [シナリオ名: Banユーザログイン]
[ADMIN] 14:50:37.949707 シナリオ走行を終了しました [シナリオ名: Banユーザログイン]
[ADMIN] 14:50:37.949734 シナリオ走行を開始しました [シナリオ名: Banユーザログイン]
[ADMIN] 14:50:38.452209 シナリオ走行を終了しました [シナリオ名: Banユーザログイン]
[ADMIN] 14:50:38.452237 シナリオ走行を開始しました [シナリオ名: Banユーザログイン]
[ADMIN] 14:50:38.739675 シナリオ走行を終了しました [シナリオ名: ログイン]
[ADMIN] 14:50:38.739690 シナリオ走行を開始しました [シナリオ名: ログイン]
[ADMIN] 14:50:38.954358 シナリオ走行を終了しました [シナリオ名: Banユーザログイン]
[ADMIN] 14:50:38.954379 シナリオ走行を開始しました [シナリオ名: Banユーザログイン]
[ADMIN] 14:50:39.263506 シナリオ走行を終了しました [シナリオ名: 新規ユーザー登録]
[ADMIN] 14:50:39.263568 シナリオ走行を開始しました [シナリオ名: 新規ユーザー登録]
[ADMIN] 14:50:39.457161 シナリオ走行を終了しました [シナリオ名: Banユーザログイン]
[ADMIN] 14:50:39.457201 シナリオ走行を開始しました [シナリオ名: Banユーザログイン]
[ADMIN] 14:50:39.960718 シナリオ走行を終了しました [シナリオ名: Banユーザログイン]
[ADMIN] 14:50:39.960763 シナリオ走行を開始しました [シナリオ名: Banユーザログイン]
[ADMIN] 14:50:40.463715 シナリオ走行を終了しました [シナリオ名: Banユーザログイン]
[ADMIN] 14:50:40.463741 シナリオ走行を開始しました [シナリオ名: Banユーザログイン]
[ADMIN] 14:50:40.967141 シナリオ走行を終了しました [シナリオ名: Banユーザログイン]
[ADMIN] 14:50:40.967180 シナリオ走行を開始しました [シナリオ名: Banユーザログイン]
[ADMIN] 14:50:41.470180 シナリオ走行を終了しました [シナリオ名: Banユーザログイン]
[ADMIN] 14:50:41.470215 シナリオ走行を開始しました [シナリオ名: Banユーザログイン]
[ADMIN] 14:50:41.973346 シナリオ走行を終了しました [シナリオ名: Banユーザログイン]
[ADMIN] 14:50:41.973372 シナリオ走行を開始しました [シナリオ名: Banユーザログイン]
[ADMIN] 14:50:42.476446 シナリオ走行を終了しました [シナリオ名: Banユーザログイン]
[ADMIN] 14:50:42.476471 シナリオ走行を開始しました [シナリオ名: Banユーザログイン]
[ADMIN] 14:50:42.803413 シナリオ走行を終了しました [シナリオ名: ログイン]
[ADMIN] 14:50:42.803431 シナリオ走行を開始しました [シナリオ名: ログイン]
[ADMIN] 14:50:42.979019 シナリオ走行を終了しました [シナリオ名: Banユーザログイン]
[ADMIN] 14:50:42.979049 シナリオ走行を開始しました [シナリオ名: Banユーザログイン]
[ADMIN] 14:50:43.481538 シナリオ走行を終了しました [シナリオ名: Banユーザログイン]
[ADMIN] 14:50:43.481574 シナリオ走行を開始しました [シナリオ名: Banユーザログイン]
[ADMIN] 14:50:43.984153 シナリオ走行を終了しました [シナリオ名: Banユーザログイン]
[ADMIN] 14:50:43.984176 シナリオ走行を開始しました [シナリオ名: Banユーザログイン]
[ADMIN] 14:50:44.114701 シナリオ走行を終了しました [シナリオ名: 新規ユーザー登録]
[ADMIN] 14:50:44.114732 シナリオ走行を開始しました [シナリオ名: 新規ユーザー登録]
14:50:44.430442 現在のログイン成功数: [total: 2 (+2人)]
14:50:44.430454 現在のユーザー登録成功数: [total: 2 (+2人)]
[ADMIN] 14:50:44.487596 シナリオ走行を終了しました [シナリオ名: Banユーザログイン]
[ADMIN] 14:50:44.487629 シナリオ走行を開始しました [シナリオ名: Banユーザログイン]
[ADMIN] 14:50:44.993856 シナリオ走行を終了しました [シナリオ名: Banユーザログイン]
[ADMIN] 14:50:44.993887 シナリオ走行を開始しました [シナリオ名: Banユーザログイン]
[ADMIN] 14:50:45.496506 シナリオ走行を終了しました [シナリオ名: Banユーザログイン]
[ADMIN] 14:50:45.496537 シナリオ走行を開始しました [シナリオ名: Banユーザログイン]
[ADMIN] 14:50:45.999124 シナリオ走行を終了しました [シナリオ名: Banユーザログイン]
[ADMIN] 14:50:45.999151 シナリオ走行を開始しました [シナリオ名: Banユーザログイン]
[ADMIN] 14:50:46.502521 シナリオ走行を終了しました [シナリオ名: Banユーザログイン]
[ADMIN] 14:50:46.502551 シナリオ走行を開始しました [シナリオ名: Banユーザログイン]
[ADMIN] 14:50:47.005687 シナリオ走行を終了しました [シナリオ名: Banユーザログイン]
[ADMIN] 14:50:47.005709 シナリオ走行を開始しました [シナリオ名: Banユーザログイン]
[ADMIN] 14:50:47.097273 シナリオ走行を終了しました [シナリオ名: ログイン]
[ADMIN] 14:50:47.097294 シナリオ走行を開始しました [シナリオ名: ログイン]
[ADMIN] 14:50:47.508212 シナリオ走行を終了しました [シナリオ名: Banユーザログイン]
[ADMIN] 14:50:47.508237 シナリオ走行を開始しました [シナリオ名: Banユーザログイン]
[ADMIN] 14:50:48.011226 シナリオ走行を終了しました [シナリオ名: Banユーザログイン]
[ADMIN] 14:50:48.011251 シナリオ走行を開始しました [シナリオ名: Banユーザログイン]
[ADMIN] 14:50:48.513936 シナリオ走行を終了しました [シナリオ名: Banユーザログイン]
[ADMIN] 14:50:48.513962 シナリオ走行を開始しました [シナリオ名: Banユーザログイン]
[ADMIN] 14:50:48.832266 シナリオ走行を終了しました [シナリオ名: 新規ユーザー登録]
[ADMIN] 14:50:48.832299 シナリオ走行を開始しました [シナリオ名: 新規ユーザー登録]
[ADMIN] 14:50:49.016089 シナリオ走行を終了しました [シナリオ名: Banユーザログイン]
[ADMIN] 14:50:49.016113 シナリオ走行を開始しました [シナリオ名: Banユーザログイン]
[ADMIN] 14:50:49.518788 シナリオ走行を終了しました [シナリオ名: Banユーザログイン]
[ADMIN] 14:50:49.518813 シナリオ走行を開始しました [シナリオ名: Banユーザログイン]
[ADMIN] 14:50:50.021776 シナリオ走行を終了しました [シナリオ名: Banユーザログイン]
[ADMIN] 14:50:50.021808 シナリオ走行を開始しました [シナリオ名: Banユーザログイン]
[ADMIN] 14:50:50.524760 シナリオ走行を終了しました [シナリオ名: Banユーザログイン]
[ADMIN] 14:50:50.524786 シナリオ走行を開始しました [シナリオ名: Banユーザログイン]
[ADMIN] 14:50:51.027209 シナリオ走行を終了しました [シナリオ名: Banユーザログイン]
[ADMIN] 14:50:51.027228 シナリオ走行を開始しました [シナリオ名: Banユーザログイン]
[ADMIN] 14:50:51.172113 シナリオ走行を終了しました [シナリオ名: ログイン]
[ADMIN] 14:50:51.172137 シナリオ走行を開始しました [シナリオ名: ログイン]
[ADMIN] 14:50:51.172186 シナリオ走行を開始しました [シナリオ名: ログイン]
[ADMIN] 14:50:51.172195 シナリオ走行を開始しました [シナリオ名: ログイン]
[ADMIN] 14:50:51.172264 シナリオ走行を開始しました [シナリオ名: ログイン]
[ADMIN] 14:50:51.219742 シナリオ走行を終了しました [シナリオ名: ログイン]
[ADMIN] 14:50:51.219758 シナリオ走行を開始しました [シナリオ名: ログイン]
[ADMIN] 14:50:51.222022 シナリオ走行を終了しました [シナリオ名: ログイン]
[ADMIN] 14:50:51.222035 シナリオ走行を開始しました [シナリオ名: ログイン]
[ADMIN] 14:50:51.529690 シナリオ走行を終了しました [シナリオ名: Banユーザログイン]
[ADMIN] 14:50:51.529721 シナリオ走行を開始しました [シナリオ名: Banユーザログイン]
[ADMIN] 14:50:52.032209 シナリオ走行を終了しました [シナリオ名: Banユーザログイン]
[ADMIN] 14:50:52.032238 シナリオ走行を開始しました [シナリオ名: Banユーザログイン]
[ADMIN] 14:50:52.534807 シナリオ走行を終了しました [シナリオ名: Banユーザログイン]
[ADMIN] 14:50:52.534835 シナリオ走行を開始しました [シナリオ名: Banユーザログイン]
[ADMIN] 14:50:53.037840 シナリオ走行を終了しました [シナリオ名: Banユーザログイン]
[ADMIN] 14:50:53.037864 シナリオ走行を開始しました [シナリオ名: Banユーザログイン]
[ADMIN] 14:50:53.540554 シナリオ走行を終了しました [シナリオ名: Banユーザログイン]
[ADMIN] 14:50:53.540584 シナリオ走行を開始しました [シナリオ名: Banユーザログイン]
[ADMIN] 14:50:54.043195 シナリオ走行を終了しました [シナリオ名: Banユーザログイン]
[ADMIN] 14:50:54.043234 シナリオ走行を開始しました [シナリオ名: Banユーザログイン]
[ADMIN] 14:50:54.430407 シナリオ走行を開始しました [シナリオ名: マスター更新]
[ADMIN] 14:50:54.545603 シナリオ走行を終了しました [シナリオ名: Banユーザログイン]
[ADMIN] 14:50:54.545630 シナリオ走行を開始しました [シナリオ名: Banユーザログイン]
14:50:54.561390 マスターデータの更新が完了しました。次のマスターバージョンは「2」です。
[ADMIN] 14:50:54.568094 シナリオ走行を終了しました [シナリオ名: マスター更新]
[ADMIN] 14:50:55.048184 シナリオ走行を終了しました [シナリオ名: Banユーザログイン]
[ADMIN] 14:50:55.048213 シナリオ走行を開始しました [シナリオ名: Banユーザログイン]
[ADMIN] 14:50:55.550605 シナリオ走行を終了しました [シナリオ名: Banユーザログイン]
[ADMIN] 14:50:55.550644 シナリオ走行を開始しました [シナリオ名: Banユーザログイン]
[ADMIN] 14:50:56.053100 シナリオ走行を終了しました [シナリオ名: Banユーザログイン]
[ADMIN] 14:50:56.053128 シナリオ走行を開始しました [シナリオ名: Banユーザログイン]
[ADMIN] 14:50:56.555708 シナリオ走行を終了しました [シナリオ名: Banユーザログイン]
[ADMIN] 14:50:56.555744 シナリオ走行を開始しました [シナリオ名: Banユーザログイン]
[ADMIN] 14:50:57.058313 シナリオ走行を終了しました [シナリオ名: Banユーザログイン]
[ADMIN] 14:50:57.058339 シナリオ走行を開始しました [シナリオ名: Banユーザログイン]
[ADMIN] 14:50:57.561303 シナリオ走行を終了しました [シナリオ名: Banユーザログイン]
[ADMIN] 14:50:57.561345 シナリオ走行を開始しました [シナリオ名: Banユーザログイン]
[ADMIN] 14:50:58.064911 シナリオ走行を終了しました [シナリオ名: Banユーザログイン]
[ADMIN] 14:50:58.064937 シナリオ走行を開始しました [シナリオ名: Banユーザログイン]
[ADMIN] 14:50:58.568247 シナリオ走行を終了しました [シナリオ名: Banユーザログイン]
[ADMIN] 14:50:58.568283 シナリオ走行を開始しました [シナリオ名: Banユーザログイン]
[ADMIN] 14:50:59.070871 シナリオ走行を終了しました [シナリオ名: Banユーザログイン]
[ADMIN] 14:50:59.070897 シナリオ走行を開始しました [シナリオ名: Banユーザログイン]
[ADMIN] 14:50:59.573297 シナリオ走行を終了しました [シナリオ名: Banユーザログイン]
[ADMIN] 14:50:59.573325 シナリオ走行を開始しました [シナリオ名: Banユーザログイン]
[ADMIN] 14:51:00.076077 シナリオ走行を終了しました [シナリオ名: Banユーザログイン]
[ADMIN] 14:51:00.076105 シナリオ走行を開始しました [シナリオ名: Banユーザログイン]
[ADMIN] 14:51:00.578605 シナリオ走行を終了しました [シナリオ名: Banユーザログイン]
[ADMIN] 14:51:00.578645 シナリオ走行を開始しました [シナリオ名: Banユーザログイン]
[ADMIN] 14:51:01.081255 シナリオ走行を終了しました [シナリオ名: Banユーザログイン]
[ADMIN] 14:51:01.081284 シナリオ走行を開始しました [シナリオ名: Banユーザログイン]
[ADMIN] 14:51:01.220677 シナリオ走行を終了しました [シナリオ名: ログイン]
[ADMIN] 14:51:01.220693 シナリオ走行を開始しました [シナリオ名: ログイン]
[ADMIN] 14:51:01.222308 シナリオ走行を終了しました [シナリオ名: ログイン]
[ADMIN] 14:51:01.222319 シナリオ走行を開始しました [シナリオ名: ログイン]
[ADMIN] 14:51:01.584126 シナリオ走行を終了しました [シナリオ名: Banユーザログイン]
[ADMIN] 14:51:01.584147 シナリオ走行を開始しました [シナリオ名: Banユーザログイン]
[ADMIN] 14:51:02.087266 シナリオ走行を終了しました [シナリオ名: Banユーザログイン]
[ADMIN] 14:51:02.087291 シナリオ走行を開始しました [シナリオ名: Banユーザログイン]
[ADMIN] 14:51:02.590151 シナリオ走行を終了しました [シナリオ名: Banユーザログイン]
[ADMIN] 14:51:02.590185 シナリオ走行を開始しました [シナリオ名: Banユーザログイン]
[ADMIN] 14:51:03.093464 シナリオ走行を終了しました [シナリオ名: Banユーザログイン]
[ADMIN] 14:51:03.093488 シナリオ走行を開始しました [シナリオ名: Banユーザログイン]
[ADMIN] 14:51:03.595962 シナリオ走行を終了しました [シナリオ名: Banユーザログイン]
[ADMIN] 14:51:03.595996 シナリオ走行を開始しました [シナリオ名: Banユーザログイン]
[ADMIN] 14:51:04.099021 シナリオ走行を終了しました [シナリオ名: Banユーザログイン]
[ADMIN] 14:51:04.099047 シナリオ走行を開始しました [シナリオ名: Banユーザログイン]
[ADMIN] 14:51:04.564432 シナリオ走行を終了しました [シナリオ名: 新規ユーザー登録]
[ADMIN] 14:51:04.564458 シナリオ走行を開始しました [シナリオ名: 新規ユーザー登録]
[ADMIN] 14:51:04.602953 シナリオ走行を終了しました [シナリオ名: Banユーザログイン]
[ADMIN] 14:51:04.602974 シナリオ走行を開始しました [シナリオ名: Banユーザログイン]
[ADMIN] 14:51:05.106370 シナリオ走行を終了しました [シナリオ名: Banユーザログイン]
[ADMIN] 14:51:05.106397 シナリオ走行を開始しました [シナリオ名: Banユーザログイン]
[ADMIN] 14:51:05.609383 シナリオ走行を終了しました [シナリオ名: Banユーザログイン]
[ADMIN] 14:51:05.609413 シナリオ走行を開始しました [シナリオ名: Banユーザログイン]
[ADMIN] 14:51:06.112579 シナリオ走行を終了しました [シナリオ名: Banユーザログイン]
[ADMIN] 14:51:06.112606 シナリオ走行を開始しました [シナリオ名: Banユーザログイン]
[ADMIN] 14:51:06.615449 シナリオ走行を終了しました [シナリオ名: Banユーザログイン]
[ADMIN] 14:51:06.615473 シナリオ走行を開始しました [シナリオ名: Banユーザログイン]
[ADMIN] 14:51:07.118557 シナリオ走行を終了しました [シナリオ名: Banユーザログイン]
[ADMIN] 14:51:07.118578 シナリオ走行を開始しました [シナリオ名: Banユーザログイン]
[ADMIN] 14:51:07.366160 シナリオ走行を終了しました [シナリオ名: ログイン]
[ADMIN] 14:51:07.366178 シナリオ走行を開始しました [シナリオ名: ログイン]
[ADMIN] 14:51:07.620872 シナリオ走行を終了しました [シナリオ名: Banユーザログイン]
[ADMIN] 14:51:07.620906 シナリオ走行を開始しました [シナリオ名: Banユーザログイン]
[ADMIN] 14:51:07.895066 シナリオ走行を終了しました [シナリオ名: ログイン]
[ADMIN] 14:51:07.895082 シナリオ走行を開始しました [シナリオ名: ログイン]
[ADMIN] 14:51:08.124651 シナリオ走行を終了しました [シナリオ名: Banユーザログイン]
[ADMIN] 14:51:08.124681 シナリオ走行を開始しました [シナリオ名: Banユーザログイン]
[ADMIN] 14:51:08.627777 シナリオ走行を終了しました [シナリオ名: Banユーザログイン]
[ADMIN] 14:51:08.627805 シナリオ走行を開始しました [シナリオ名: Banユーザログイン]
[ADMIN] 14:51:09.130767 シナリオ走行を終了しました [シナリオ名: Banユーザログイン]
[ADMIN] 14:51:09.130801 シナリオ走行を開始しました [シナリオ名: Banユーザログイン]
[ADMIN] 14:51:09.633664 シナリオ走行を終了しました [シナリオ名: Banユーザログイン]
[ADMIN] 14:51:09.633705 シナリオ走行を開始しました [シナリオ名: Banユーザログイン]
[ADMIN] 14:51:10.136802 シナリオ走行を終了しました [シナリオ名: Banユーザログイン]
[ADMIN] 14:51:10.136831 シナリオ走行を開始しました [シナリオ名: Banユーザログイン]
[ADMIN] 14:51:10.639554 シナリオ走行を終了しました [シナリオ名: Banユーザログイン]
[ADMIN] 14:51:10.639585 シナリオ走行を開始しました [シナリオ名: Banユーザログイン]
[ADMIN] 14:51:11.142135 シナリオ走行を終了しました [シナリオ名: Banユーザログイン]
[ADMIN] 14:51:11.142162 シナリオ走行を開始しました [シナリオ名: Banユーザログイン]
[ADMIN] 14:51:11.221414 シナリオ走行を終了しました [シナリオ名: ログイン]
[ADMIN] 14:51:11.221430 シナリオ走行を開始しました [シナリオ名: ログイン]
[ADMIN] 14:51:11.222983 シナリオ走行を終了しました [シナリオ名: ログイン]
[ADMIN] 14:51:11.222995 シナリオ走行を開始しました [シナリオ名: ログイン]
[ADMIN] 14:51:11.644834 シナリオ走行を終了しました [シナリオ名: Banユーザログイン]
[ADMIN] 14:51:11.644867 シナリオ走行を開始しました [シナリオ名: Banユーザログイン]
[ADMIN] 14:51:12.147398 シナリオ走行を終了しました [シナリオ名: Banユーザログイン]
[ADMIN] 14:51:12.147427 シナリオ走行を開始しました [シナリオ名: Banユーザログイン]
[ADMIN] 14:51:12.650009 シナリオ走行を終了しました [シナリオ名: Banユーザログイン]
[ADMIN] 14:51:12.650038 シナリオ走行を開始しました [シナリオ名: Banユーザログイン]
[ADMIN] 14:51:13.152851 シナリオ走行を終了しました [シナリオ名: Banユーザログイン]
[ADMIN] 14:51:13.152879 シナリオ走行を開始しました [シナリオ名: Banユーザログイン]
[ADMIN] 14:51:13.655680 シナリオ走行を終了しました [シナリオ名: Banユーザログイン]
[ADMIN] 14:51:13.655707 シナリオ走行を開始しました [シナリオ名: Banユーザログイン]
[ADMIN] 14:51:14.158307 シナリオ走行を終了しました [シナリオ名: Banユーザログイン]
[ADMIN] 14:51:14.158335 シナリオ走行を開始しました [シナリオ名: Banユーザログイン]
[ADMIN] 14:51:14.564948 シナリオ走行を終了しました [シナリオ名: 新規ユーザー登録]
[ADMIN] 14:51:14.564991 シナリオ走行を開始しました [シナリオ名: 新規ユーザー登録]
[ADMIN] 14:51:14.564991 シナリオ走行を開始しました [シナリオ名: 新規ユーザー登録]
[ADMIN] 14:51:14.660615 シナリオ走行を終了しました [シナリオ名: Banユーザログイン]
[ADMIN] 14:51:14.660640 シナリオ走行を開始しました [シナリオ名: Banユーザログイン]
14:51:15.395630 エラーが9件増えました(現在9件)
[ADMIN] 14:51:15.395515 シナリオ走行を終了しました [シナリオ名: Banユーザログイン]
[ADMIN] 14:51:15.395564 シナリオ走行を開始しました [シナリオ名: Banユーザログイン]
[ADMIN] 14:51:15.898291 シナリオ走行を終了しました [シナリオ名: Banユーザログイン]
[ADMIN] 14:51:15.898324 シナリオ走行を開始しました [シナリオ名: Banユーザログイン]
[ADMIN] 14:51:16.400854 シナリオ走行を終了しました [シナリオ名: Banユーザログイン]
[ADMIN] 14:51:16.400888 シナリオ走行を開始しました [シナリオ名: Banユーザログイン]
[ADMIN] 14:51:16.921332 シナリオ走行を終了しました [シナリオ名: Banユーザログイン]
[ADMIN] 14:51:16.921357 シナリオ走行を開始しました [シナリオ名: Banユーザログイン]
[ADMIN] 14:51:17.367227 シナリオ走行を終了しました [シナリオ名: ログイン]
[ADMIN] 14:51:17.367243 シナリオ走行を開始しました [シナリオ名: ログイン]
[ADMIN] 14:51:17.423768 シナリオ走行を終了しました [シナリオ名: Banユーザログイン]
[ADMIN] 14:51:17.423786 シナリオ走行を開始しました [シナリオ名: Banユーザログイン]
[ADMIN] 14:51:17.896423 シナリオ走行を終了しました [シナリオ名: ログイン]
[ADMIN] 14:51:17.896447 シナリオ走行を開始しました [シナリオ名: ログイン]
[ADMIN] 14:51:17.896502 シナリオ走行を開始しました [シナリオ名: ログイン]
[ADMIN] 14:51:17.926053 シナリオ走行を終了しました [シナリオ名: Banユーザログイン]
[ADMIN] 14:51:17.926078 シナリオ走行を開始しました [シナリオ名: Banユーザログイン]
[ADMIN] 14:51:18.428415 シナリオ走行を終了しました [シナリオ名: Banユーザログイン]
[ADMIN] 14:51:18.428446 シナリオ走行を開始しました [シナリオ名: Banユーザログイン]
[ADMIN] 14:51:18.931398 シナリオ走行を終了しました [シナリオ名: Banユーザログイン]
[ADMIN] 14:51:18.931428 シナリオ走行を開始しました [シナリオ名: Banユーザログイン]
[ADMIN] 14:51:19.434015 シナリオ走行を終了しました [シナリオ名: Banユーザログイン]
[ADMIN] 14:51:19.434041 シナリオ走行を開始しました [シナリオ名: Banユーザログイン]
[ADMIN] 14:51:19.936591 シナリオ走行を終了しました [シナリオ名: Banユーザログイン]
[ADMIN] 14:51:19.936622 シナリオ走行を開始しました [シナリオ名: Banユーザログイン]
[ADMIN] 14:51:20.439143 シナリオ走行を終了しました [シナリオ名: Banユーザログイン]
[ADMIN] 14:51:20.439173 シナリオ走行を開始しました [シナリオ名: Banユーザログイン]
[ADMIN] 14:51:20.941997 シナリオ走行を終了しました [シナリオ名: Banユーザログイン]
[ADMIN] 14:51:20.942025 シナリオ走行を開始しました [シナリオ名: Banユーザログイン]
[ADMIN] 14:51:21.222565 シナリオ走行を終了しました [シナリオ名: ログイン]
[ADMIN] 14:51:21.223570 シナリオ走行を終了しました [シナリオ名: ログイン]
[ADMIN] 14:51:21.444768 シナリオ走行を終了しました [シナリオ名: Banユーザログイン]
[ADMIN] 14:51:21.444792 シナリオ走行を開始しました [シナリオ名: Banユーザログイン]
[ADMIN] 14:51:21.947433 シナリオ走行を終了しました [シナリオ名: Banユーザログイン]
[ADMIN] 14:51:21.947458 シナリオ走行を開始しました [シナリオ名: Banユーザログイン]
[ADMIN] 14:51:22.449894 シナリオ走行を終了しました [シナリオ名: Banユーザログイン]
[ADMIN] 14:51:22.449919 シナリオ走行を開始しました [シナリオ名: Banユーザログイン]
[ADMIN] 14:51:22.952694 シナリオ走行を終了しました [シナリオ名: Banユーザログイン]
[ADMIN] 14:51:22.952718 シナリオ走行を開始しました [シナリオ名: Banユーザログイン]
[ADMIN] 14:51:23.455555 シナリオ走行を終了しました [シナリオ名: Banユーザログイン]
[ADMIN] 14:51:23.455579 シナリオ走行を開始しました [シナリオ名: Banユーザログイン]
[ADMIN] 14:51:23.958160 シナリオ走行を終了しました [シナリオ名: Banユーザログイン]
[ADMIN] 14:51:23.958192 シナリオ走行を開始しました [シナリオ名: Banユーザログイン]
[ADMIN] 14:51:24.460506 シナリオ走行を終了しました [シナリオ名: Banユーザログイン]
[ADMIN] 14:51:24.460537 シナリオ走行を開始しました [シナリオ名: Banユーザログイン]
[ADMIN] 14:51:24.565720 シナリオ走行を終了しました [シナリオ名: 新規ユーザー登録]
[ADMIN] 14:51:24.565745 シナリオ走行を開始しました [シナリオ名: 新規ユーザー登録]
[ADMIN] 14:51:24.565790 シナリオ走行を終了しました [シナリオ名: 新規ユーザー登録]
[ADMIN] 14:51:24.565812 シナリオ走行を開始しました [シナリオ名: 新規ユーザー登録]
[ADMIN] 14:51:24.565914 シナリオ走行を開始しました [シナリオ名: 新規ユーザー登録]
[ADMIN] 14:51:24.962607 シナリオ走行を終了しました [シナリオ名: Banユーザログイン]
[ADMIN] 14:51:24.962649 シナリオ走行を開始しました [シナリオ名: Banユーザログイン]
14:51:25.465312 エラーが6件増えました(現在15件)
[ADMIN] 14:51:25.465174 シナリオ走行を終了しました [シナリオ名: Banユーザログイン]
[ADMIN] 14:51:25.465219 シナリオ走行を開始しました [シナリオ名: Banユーザログイン]
[ADMIN] 14:51:25.968428 シナリオ走行を終了しました [シナリオ名: Banユーザログイン]
[ADMIN] 14:51:25.968455 シナリオ走行を開始しました [シナリオ名: Banユーザログイン]
[ADMIN] 14:51:26.470967 シナリオ走行を終了しました [シナリオ名: Banユーザログイン]
[ADMIN] 14:51:26.470993 シナリオ走行を開始しました [シナリオ名: Banユーザログイン]
[ADMIN] 14:51:26.974517 シナリオ走行を終了しました [シナリオ名: Banユーザログイン]
[ADMIN] 14:51:26.974543 シナリオ走行を開始しました [シナリオ名: Banユーザログイン]
[ADMIN] 14:51:27.367986 シナリオ走行を終了しました [シナリオ名: ログイン]
[ADMIN] 14:51:27.477011 シナリオ走行を終了しました [シナリオ名: Banユーザログイン]
[ADMIN] 14:51:27.477037 シナリオ走行を開始しました [シナリオ名: Banユーザログイン]
[ADMIN] 14:51:27.897693 シナリオ走行を終了しました [シナリオ名: ログイン]
[ADMIN] 14:51:27.897710 シナリオ走行を開始しました [シナリオ名: ログイン]
[ADMIN] 14:51:27.897723 シナリオ走行を開始しました [シナリオ名: ログイン]
[ADMIN] 14:51:27.897754 シナリオ走行を終了しました [シナリオ名: ログイン]
[ADMIN] 14:51:27.897763 シナリオ走行を開始しました [シナリオ名: ログイン]
[ADMIN] 14:51:27.897815 シナリオ走行を開始しました [シナリオ名: ログイン]
[ADMIN] 14:51:27.897879 シナリオ走行を開始しました [シナリオ名: ログイン]
[ADMIN] 14:51:27.944244 シナリオ走行を終了しました [シナリオ名: ログイン]
[ADMIN] 14:51:27.944259 シナリオ走行を開始しました [シナリオ名: ログイン]
[ADMIN] 14:51:27.944314 シナリオ走行を開始しました [シナリオ名: ログイン]
[ADMIN] 14:51:27.979733 シナリオ走行を終了しました [シナリオ名: Banユーザログイン]
[ADMIN] 14:51:27.979748 シナリオ走行を開始しました [シナリオ名: Banユーザログイン]
[ADMIN] 14:51:28.482525 シナリオ走行を終了しました [シナリオ名: Banユーザログイン]
[ADMIN] 14:51:28.482551 シナリオ走行を開始しました [シナリオ名: Banユーザログイン]
[ADMIN] 14:51:28.985011 シナリオ走行を終了しました [シナリオ名: Banユーザログイン]
[ADMIN] 14:51:28.985037 シナリオ走行を開始しました [シナリオ名: Banユーザログイン]
[ADMIN] 14:51:29.487930 シナリオ走行を終了しました [シナリオ名: Banユーザログイン]
[ADMIN] 14:51:29.487954 シナリオ走行を開始しました [シナリオ名: Banユーザログイン]
[ADMIN] 14:51:30.003391 シナリオ走行を終了しました [シナリオ名: Banユーザログイン]
[ADMIN] 14:51:30.003412 シナリオ走行を開始しました [シナリオ名: Banユーザログイン]
[ADMIN] 14:51:30.506241 シナリオ走行を終了しました [シナリオ名: Banユーザログイン]
[ADMIN] 14:51:30.506277 シナリオ走行を開始しました [シナリオ名: Banユーザログイン]
[ADMIN] 14:51:31.008844 シナリオ走行を終了しました [シナリオ名: Banユーザログイン]
[ADMIN] 14:51:31.008886 シナリオ走行を開始しました [シナリオ名: Banユーザログイン]
[ADMIN] 14:51:31.511421 シナリオ走行を終了しました [シナリオ名: Banユーザログイン]
[ADMIN] 14:51:31.511446 シナリオ走行を開始しました [シナリオ名: Banユーザログイン]
[ADMIN] 14:51:32.013741 シナリオ走行を終了しました [シナリオ名: Banユーザログイン]
[ADMIN] 14:51:32.013762 シナリオ走行を開始しました [シナリオ名: Banユーザログイン]
[ADMIN] 14:51:32.517017 シナリオ走行を終了しました [シナリオ名: Banユーザログイン]
[ADMIN] 14:51:32.517044 シナリオ走行を開始しました [シナリオ名: Banユーザログイン]
[ADMIN] 14:51:33.019661 シナリオ走行を終了しました [シナリオ名: Banユーザログイン]
[ADMIN] 14:51:33.019687 シナリオ走行を開始しました [シナリオ名: Banユーザログイン]
[ADMIN] 14:51:33.522531 シナリオ走行を終了しました [シナリオ名: Banユーザログイン]
[ADMIN] 14:51:33.522555 シナリオ走行を開始しました [シナリオ名: Banユーザログイン]
[ADMIN] 14:51:34.030488 シナリオ走行を終了しました [シナリオ名: Banユーザログイン]
[ADMIN] 14:51:34.030516 シナリオ走行を開始しました [シナリオ名: Banユーザログイン]
[ADMIN] 14:51:34.077209 シナリオ走行を終了しました [シナリオ名: ログイン]
14:51:34.431230 負荷走行がすべて終了しました
[ADMIN] 14:51:34.431052 シナリオ走行を終了しました [シナリオ名: Banユーザログイン]
[ADMIN] 14:51:34.431136 シナリオ走行を終了しました [シナリオ名: 新規ユーザー登録]
[ADMIN] 14:51:34.431140 シナリオ走行を終了しました [シナリオ名: ログイン]
[ADMIN] 14:51:34.431211 シナリオ走行を終了しました [シナリオ名: ログイン]
[ADMIN] 14:51:34.431222 シナリオ走行を終了しました [シナリオ名: ログイン]
[ADMIN] 14:51:34.431232 シナリオ走行を終了しました [シナリオ名: 新規ユーザー登録]
[ADMIN] 14:51:34.431233 負荷走行がすべて終了しました
[ADMIN] 14:51:34.431283 シナリオ走行を終了しました [シナリオ名: ログイン]
[ADMIN] 14:51:34.431310 シナリオ走行を終了しました [シナリオ名: ログイン]
[ADMIN] 14:51:34.431381 シナリオ走行を終了しました [シナリオ名: 新規ユーザー登録]
14:51:37.431744 ERROR[0] load: scenario-error-status-code: POST /login : expected(200) != actual(500)
14:51:37.431756 ERROR[1] load: scenario-error-status-code: POST /login : expected(200) != actual(500)
14:51:37.431774 ERROR[2] load: timeout: scenario-error-invalid-request: timeout: Post "http://172.31.45.101/login": context deadline exceeded (Client.Timeout exceeded while awaiting headers)
14:51:37.431779 ERROR[3] load: timeout: scenario-error-invalid-request: timeout: Post "http://172.31.45.101/login": context deadline exceeded (Client.Timeout exceeded while awaiting headers)
14:51:37.431783 ERROR[4] load: timeout: scenario-error-invalid-request: timeout: Post "http://172.31.45.101/login": context deadline exceeded (Client.Timeout exceeded while awaiting headers)
14:51:37.431787 ERROR[5] load: timeout: scenario-error-invalid-request: timeout: Post "http://172.31.45.101/login": context deadline exceeded (Client.Timeout exceeded while awaiting headers)
14:51:37.431790 ERROR[6] load: timeout: scenario-error-invalid-request: timeout: Post "http://172.31.45.101/login": context deadline exceeded (Client.Timeout exceeded while awaiting headers)
14:51:37.431793 ERROR[7] load: timeout: scenario-error-invalid-request: timeout: Post "http://172.31.45.101/login": context deadline exceeded (Client.Timeout exceeded while awaiting headers)
14:51:37.431797 ERROR[8] load: timeout: scenario-error-invalid-request: timeout: Post "http://172.31.45.101/user": context deadline exceeded (Client.Timeout exceeded while awaiting headers)
14:51:37.431801 ERROR[9] load: timeout: scenario-error-invalid-request: timeout: Post "http://172.31.45.101/login": context deadline exceeded (Client.Timeout exceeded while awaiting headers)
14:51:37.431804 ERROR[10] load: timeout: scenario-error-invalid-request: timeout: Post "http://172.31.45.101/login": context deadline exceeded (Client.Timeout exceeded while awaiting headers)
14:51:37.431808 ERROR[11] load: timeout: scenario-error-invalid-request: timeout: Post "http://172.31.45.101/login": context deadline exceeded (Client.Timeout exceeded while awaiting headers)
14:51:37.431814 ERROR[12] load: timeout: scenario-error-invalid-request: timeout: Post "http://172.31.45.101/login": context deadline exceeded (Client.Timeout exceeded while awaiting headers)
14:51:37.431818 ERROR[13] load: timeout: scenario-error-invalid-request: timeout: Post "http://172.31.45.101/user": context deadline exceeded (Client.Timeout exceeded while awaiting headers)
14:51:37.431822 ERROR[14] load: timeout: scenario-error-invalid-request: timeout: Post "http://172.31.45.101/user": context deadline exceeded (Client.Timeout exceeded while awaiting headers)
14:51:37.431827 ERROR[15] load: timeout: scenario-error-invalid-request: timeout: Post "http://172.31.45.101/login": context deadline exceeded (Client.Timeout exceeded while awaiting headers)
14:51:37.431830 ERROR[16] load: timeout: scenario-error-invalid-request: timeout: Post "http://172.31.45.101/login": context deadline exceeded (Client.Timeout exceeded while awaiting headers)
14:51:37.431834 ERROR[17] load: timeout: scenario-error-invalid-request: timeout: Post "http://172.31.45.101/login": context deadline exceeded (Client.Timeout exceeded while awaiting headers)
14:51:37.431836 ERROR[18] load: scenario-error-status-code: POST /login : expected(200) != actual(500)
14:51:37.431838 ERROR[19] load: scenario-error-status-code: POST /login : expected(200) != actual(500)
14:51:37.431850 [PASSED]: true
14:51:37.431852 [SCORE] 0 (addition: 260, deduction: 300)
[ADMIN] 14:51:37.431866 [SCORE] map[GET /user/:userId/gacha/index:8 GET /user/:userId/home:8 GET /user/:userId/item:4 GET /user/:userId/present/index/:n:12 POST /login:6 POST /login(ban):119 POST /user:5 POST /user/:userId/card:4 POST /user/:userId/card/addexp/:cardId:4 POST /user/:userId/gacha/draw/:gachaId:8 POST /user/:userId/present/receive:12 POST /user/:userId/reward:4]
2026-09-23T14:51:37.573736267Z	BENCHMARK_END
