
# 470ms user time, 50ms system time, 58.58M rss, 415.15G vsz
# Current date: Wed Sep 23 23:53:35 2026
# Hostname: YusukenoMac-mini.local
# Files: raw/mysql-slow-isucon-1.log
# Overall: 1.02k total, 13 unique, 7.57 QPS, 4.30x concurrency ___________
# Time range: 2026-09-23T14:49:36 to 2026-09-23T14:51:51
# Attribute          total     min     max     avg     95%  stddev  median
# ============     ======= ======= ======= ======= ======= ======= =======
# Exec time           580s   100ms     27s   568ms   740ms      1s   455ms
# Lock time           140s       0     17s   137ms     1us      1s     1us
# Rows sent            538       0       2    0.53    0.99    0.51    0.99
# Rows examine     214.51M       0 236.34k 214.93k 233.54k  66.84k 233.54k
# Query size        72.72M      44 1008.95k  72.87k 961.27k 247.57k   92.72

# Profile
# Rank Query ID                            Response time  Calls R/Call  V/
# ==== =================================== ============== ===== ======= ==
#    1 0x8267197805BC46534E450B6529CB3B76  394.2818 67.9%   930  0.4240  0.09 SELECT user_present_all_received_history
#    2 0x5FF17CFE4371C68C8E9D993D1C94471F  128.0982 22.1%    13  9.8537  2.30 INSERT user_sessions
#    3 0x79A889ED30BFA8BF517F86F6D70065B6   26.8678  4.6%     1 26.8678  0.00 LOAD DATA user_presents
#    4 0x2096778F723F6666B5D7DDC9D01010C7   13.0962  2.3%    46  0.2847  0.01 INSERT user_cards
# MISC 0xMISC                               18.0241  3.1%    32  0.5633   0.0 <9 ITEMS>

# Query 1: 10.69 QPS, 4.53x concurrency, ID 0x8267197805BC46534E450B6529CB3B76 at byte 76390495
# This item is included in the report because it matches --limit.
# Scores: V/M = 0.09
# Time range: 2026-09-23T14:50:24 to 2026-09-23T14:51:51
# Attribute    pct   total     min     max     avg     95%  stddev  median
# ============ === ======= ======= ======= ======= ======= ======= =======
# Count         90     930
# Exec time     67    394s   106ms   807ms   424ms   740ms   193ms   455ms
# Lock time      0     1ms       0    44us     1us     1us     1us     1us
# Rows sent     99     537       0       2    0.58    0.99    0.51    0.99
# Rows examine  99 214.51M 235.97k 236.34k 236.19k 233.54k       0 233.54k
# Query size     0  83.14k      86      94   91.55   92.72       4   92.72
# String:
# Databases    isucon
# Hosts        localhost
# Users        isucon
# Query_time distribution
#   1us
#  10us
# 100us
#   1ms
#  10ms
# 100ms  ################################################################
#    1s
#  10s+
# Tables
#    SHOW TABLE STATUS FROM `isucon` LIKE 'user_present_all_received_history'\G
#    SHOW CREATE TABLE `isucon`.`user_present_all_received_history`\G
# EXPLAIN /*!50100 PARTITIONS*/
SELECT * FROM user_present_all_received_history WHERE user_id=4107797701 AND present_all_id=11\G

# Query 2: 0.29 QPS, 2.85x concurrency, ID 0x5FF17CFE4371C68C8E9D993D1C94471F at byte 76397349
# This item is included in the report because it matches --limit.
# Scores: V/M = 2.30
# Time range: 2026-09-23T14:50:57 to 2026-09-23T14:51:42
# Attribute    pct   total     min     max     avg     95%  stddev  median
# ============ === ======= ======= ======= ======= ======= ======= =======
# Count          1      13
# Exec time     22    128s      2s     17s     10s     15s      5s     10s
# Lock time     91    128s      2s     17s     10s     15s      5s     10s
# Rows sent      0       0       0       0       0       0       0       0
# Rows examine   0       0       0       0       0       0       0       0
# Query size     0   2.38k     187     188  187.62  183.58       0  183.58
# String:
# Databases    isucon
# Hosts        localhost
# Users        isucon
# Query_time distribution
#   1us
#  10us
# 100us
#   1ms
#  10ms
# 100ms
#    1s  ################################################################
#  10s+  ######################################################
# Tables
#    SHOW TABLE STATUS FROM `isucon` LIKE 'user_sessions'\G
#    SHOW CREATE TABLE `isucon`.`user_sessions`\G
INSERT INTO user_sessions(id, user_id, session_id, created_at, updated_at, expired_at) VALUES (1067, 9872503738, 'af493cb4-a872-4fad-b9cf-1b427fb1e304', 1661698277, 1661698277, 1661784677)\G

# Query 3: 0 QPS, 0x concurrency, ID 0x79A889ED30BFA8BF517F86F6D70065B6 at byte 76183263
# This item is included in the report because it matches --limit.
# Scores: V/M = 0.00
# Time range: all events occurred at 2026-09-23T14:50:24
# Attribute    pct   total     min     max     avg     95%  stddev  median
# ============ === ======= ======= ======= ======= ======= ======= =======
# Count          0       1
# Exec time      4     27s     27s     27s     27s     27s       0     27s
# Lock time      0     1us     1us     1us     1us     1us       0     1us
# Rows sent      0       0       0       0       0       0       0       0
# Rows examine   0       0       0       0       0       0       0       0
# Query size     0     146     146     146     146     146       0     146
# String:
# Databases    isucon
# Hosts        localhost
# Users        isucon
# Query_time distribution
#   1us
#  10us
# 100us
#   1ms
#  10ms
# 100ms
#    1s
#  10s+  ################################################################
# Tables
#    SHOW TABLE STATUS FROM `isucon` LIKE 'user_presents'\G
#    SHOW CREATE TABLE `isucon`.`user_presents`\G
LOAD DATA INFILE '/var/lib/mysql-files/5_user_presents_not_receive_data.tsv' REPLACE INTO TABLE user_presents FIELDS ESCAPED BY '|' IGNORE 1 LINES\G

# Query 4: 3.54 QPS, 1.01x concurrency, ID 0x2096778F723F6666B5D7DDC9D01010C7 at byte 16666540
# This item is included in the report because it matches --limit.
# Scores: V/M = 0.01
# Time range: 2026-09-23T14:49:37 to 2026-09-23T14:49:50
# Attribute    pct   total     min     max     avg     95%  stddev  median
# ============ === ======= ======= ======= ======= ======= ======= =======
# Count          4      46
# Exec time      2     13s   210ms   455ms   285ms   374ms    62ms   266ms
# Lock time      0       0       0       0       0       0       0       0
# Rows sent      0       0       0       0       0       0       0       0
# Rows examine   0       0       0       0       0       0       0       0
# Query size    62  45.18M 970.86k 1006.59k 1005.76k 961.27k       0 961.27k
# String:
# Databases    isucon
# Hosts        localhost
# Users        isucon
# Query_time distribution
#   1us
#  10us
# 100us
#   1ms
#  10ms
# 100ms  ################################################################
#    1s
#  10s+
# Tables
#    SHOW TABLE STATUS FROM `isucon` LIKE 'user_cards'\G
#    SHOW CREATE TABLE `isucon`.`user_cards`\G
INSERT INTO `user_cards` VALUES (34961518611,798865810,4,130,26,934,1584267073,1584267073,NULL) /*... omitted ...*/\G
