
# 460ms user time, 60ms system time, 45.16M rss, 415.15G vsz
# Current date: Fri Sep 25 08:08:57 2026
# Hostname: YusukenoMac-mini.local
# Files: raw/mysql-slow-isucon-3.log
# Overall: 81 total, 13 unique, 0.92 QPS, 0.29x concurrency ______________
# Time range: 2026-09-24T23:04:56 to 2026-09-24T23:06:24
# Attribute          total     min     max     avg     95%  stddev  median
# ============     ======= ======= ======= ======= ======= ======= =======
# Exec time            26s   108ms      5s   315ms   393ms   565ms   208ms
# Lock time           34us       0    14us       0       0     1us       0
# Rows sent        867.24k       0 867.24k  10.71k       0  91.69k       0
# Rows examine       3.51M       0   3.51M  44.37k       0 396.29k       0
# Query size        73.53M       6   1.14M 929.60k 961.27k 241.62k 961.27k

# Profile
# Rank Query ID                            Response time Calls R/Call V/M 
# ==== =================================== ============= ===== ====== ====
#    1 0x2096778F723F6666B5D7DDC9D01010C7  10.9370 42.9%    46 0.2378  0.01 INSERT user_cards
#    2 0x2AAA48FA76EDFA622A0836D7C5F9C509   4.8094 18.8%     1 4.8094  0.00 SELECT user_presents
#    3 0x4112BAFCAD857E650001A24863DBA0F1   3.1310 12.3%    16 0.1957  0.02 INSERT user_present_all_received_history
#    4 0x79A889ED30BFA8BF517F86F6D70065B6   2.6460 10.4%     1 2.6460  0.00 LOAD DATA user_presents
#    5 0x13D274D305314539C3CEC5658CA257A8   1.6841  6.6%     8 0.2105  0.02 INSERT user_items
#    6 0xB6B9ED728E1332C1DD99773350309CB2   0.5437  2.1%     2 0.2718  0.11 INSERT user_login_bonuses
#    7 0x4AC4DC057720031F4B675AC0EA8F5E72   0.4311  1.7%     1 0.4311  0.00 INSERT user_devices
#    8 0x4CA790418140A0962A385C2101E13805   0.4018  1.6%     1 0.4018  0.00 DROP TABLE user_cards `user_cards`
# MISC 0xMISC                               0.9301  3.6%     5 0.1860   0.0 <5 ITEMS>

# Query 1: 4.18 QPS, 0.99x concurrency, ID 0x2096778F723F6666B5D7DDC9D01010C7 at byte 795
# Scores: V/M = 0.01
# Time range: 2026-09-24T23:04:57 to 2026-09-24T23:05:08
# Attribute    pct   total     min     max     avg     95%  stddev  median
# ============ === ======= ======= ======= ======= ======= ======= =======
# Count         56      46
# Exec time     42     11s   182ms   402ms   238ms   323ms    53ms   208ms
# Lock time      0       0       0       0       0       0       0       0
# Rows sent      0       0       0       0       0       0       0       0
# Rows examine   0       0       0       0       0       0       0       0
# Query size    61  45.18M 970.86k 1006.59k 1005.76k 961.27k       0 961.27k
# String:
# Databases    isucon
# Hosts        localhost
# Users        isucon
# Query_time distribution
#   1us
#  10us
# 100us
#   1ms
#  10ms
# 100ms  ################################################################
#    1s
#  10s+
# Tables
#    SHOW TABLE STATUS FROM `isucon` LIKE 'user_cards'\G
#    SHOW CREATE TABLE `isucon`.`user_cards`\G
INSERT INTO `user_cards` VALUES (1042148,9904038980,6,720,36,5336,1639932222,1639932222,NULL) /*... omitted ...*/\G

# Query 2: 0 QPS, 0x concurrency, ID 0x2AAA48FA76EDFA622A0836D7C5F9C509 at byte 77121028
# Scores: V/M = 0.00
# Time range: all events occurred at 2026-09-24T23:05:27
# Attribute    pct   total     min     max     avg     95%  stddev  median
# ============ === ======= ======= ======= ======= ======= ======= =======
# Count          1       1
# Exec time     18      5s      5s      5s      5s      5s       0      5s
# Lock time      5     2us     2us     2us     2us     2us       0     2us
# Rows sent    100 867.24k 867.24k 867.24k 867.24k 867.24k       0 867.24k
# Rows examine 100   3.51M   3.51M   3.51M   3.51M   3.51M       0   3.51M
# Query size     0     149     149     149     149     149       0     149
# String:
# Databases    isucon
# Hosts        localhost
# Users        isucon
# Query_time distribution
#   1us
#  10us
# 100us
#   1ms
#  10ms
# 100ms
#    1s  ################################################################
#  10s+
# Tables
#    SHOW TABLE STATUS FROM `isucon` LIKE 'user_presents'\G
#    SHOW CREATE TABLE `isucon`.`user_presents`\G
# EXPLAIN /*!50100 PARTITIONS*/
SELECT * FROM user_presents WHERE id<=100000000000 AND user_id>0 AND
		((user_id-1) % 5 = 2 OR ((user_id-1) % 5 = 0 AND ((user_id-1) DIV 5) % 4 = 1))\G

# Query 3: 5.33 QPS, 1.04x concurrency, ID 0x4112BAFCAD857E650001A24863DBA0F1 at byte 59066635
# Scores: V/M = 0.02
# Time range: 2026-09-24T23:05:12 to 2026-09-24T23:05:15
# Attribute    pct   total     min     max     avg     95%  stddev  median
# ============ === ======= ======= ======= ======= ======= ======= =======
# Count         19      16
# Exec time     12      3s   148ms   377ms   196ms   266ms    57ms   171ms
# Lock time      0       0       0       0       0       0       0       0
# Rows sent      0       0       0       0       0       0       0       0
# Rows examine   0       0       0       0       0       0       0       0
# Query size    20  15.09M 351.91k 1006.64k 965.67k 961.27k 149.16k 961.27k
# String:
# Databases    isucon
# Hosts        localhost
# Users        isucon
# Query_time distribution
#   1us
#  10us
# 100us
#   1ms
#  10ms
# 100ms  ################################################################
#    1s
#  10s+
# Tables
#    SHOW TABLE STATUS FROM `isucon` LIKE 'user_present_all_received_history'\G
#    SHOW CREATE TABLE `isucon`.`user_present_all_received_history`\G
INSERT INTO `user_present_all_received_history` VALUES (1148363,538842799,21,1635692400,1635692400,1635692400,NULL) /*... omitted ...*/\G

# Query 4: 0 QPS, 0x concurrency, ID 0x79A889ED30BFA8BF517F86F6D70065B6 at byte 75924769
# Scores: V/M = 0.00
# Time range: all events occurred at 2026-09-24T23:05:18
# Attribute    pct   total     min     max     avg     95%  stddev  median
# ============ === ======= ======= ======= ======= ======= ======= =======
# Count          1       1
# Exec time     10      3s      3s      3s      3s      3s       0      3s
# Lock time      5     2us     2us     2us     2us     2us       0     2us
# Rows sent      0       0       0       0       0       0       0       0
# Rows examine   0       0       0       0       0       0       0       0
# Query size     0     146     146     146     146     146       0     146
# String:
# Databases    isucon
# Hosts        localhost
# Users        isucon
# Query_time distribution
#   1us
#  10us
# 100us
#   1ms
#  10ms
# 100ms
#    1s  ################################################################
#  10s+
# Tables
#    SHOW TABLE STATUS FROM `isucon` LIKE 'user_presents'\G
#    SHOW CREATE TABLE `isucon`.`user_presents`\G
LOAD DATA INFILE '/var/lib/mysql-files/5_user_presents_not_receive_data.tsv' REPLACE INTO TABLE user_presents FIELDS ESCAPED BY '|' IGNORE 1 LINES\G

# Query 5: 8 QPS, 1.68x concurrency, ID 0x13D274D305314539C3CEC5658CA257A8 at byte 49311939
# Scores: V/M = 0.02
# Time range: 2026-09-24T23:05:10 to 2026-09-24T23:05:11
# Attribute    pct   total     min     max     avg     95%  stddev  median
# ============ === ======= ======= ======= ======= ======= ======= =======
# Count          9       8
# Exec time      6      2s   140ms   369ms   211ms   356ms    61ms   198ms
# Lock time      0       0       0       0       0       0       0       0
# Rows sent      0       0       0       0       0       0       0       0
# Rows examine   0       0       0       0       0       0       0       0
# Query size    10   7.57M 716.14k 1005.06k 968.89k 961.27k  91.98k 961.27k
# String:
# Databases    isucon
# Hosts        localhost
# Users        isucon
# Query_time distribution
#   1us
#  10us
# 100us
#   1ms
#  10ms
# 100ms  ################################################################
#    1s
#  10s+
# Tables
#    SHOW TABLE STATUS FROM `isucon` LIKE 'user_items'\G
#    SHOW CREATE TABLE `isucon`.`user_items`\G
INSERT INTO `user_items` VALUES (1167064,5412259060,3,20,2,1632245312,1632245312,NULL) /*... omitted ...*/\G

# Query 6: 0 QPS, 0x concurrency, ID 0xB6B9ED728E1332C1DD99773350309CB2 at byte 57250713
# Scores: V/M = 0.11
# Time range: all events occurred at 2026-09-24T23:05:12
# Attribute    pct   total     min     max     avg     95%  stddev  median
# ============ === ======= ======= ======= ======= ======= ======= =======
# Count          2       2
# Exec time      2   544ms   147ms   396ms   272ms   396ms   176ms   272ms
# Lock time      0       0       0       0       0       0       0       0
# Rows sent      0       0       0       0       0       0       0       0
# Rows examine   0       0       0       0       0       0       0       0
# Query size     2   1.73M 768.20k 1004.77k 886.48k 1004.77k 167.28k 886.48k
# String:
# Databases    isucon
# Hosts        localhost
# Users        isucon
# Query_time distribution
#   1us
#  10us
# 100us
#   1ms
#  10ms
# 100ms  ################################################################
#    1s
#  10s+
# Tables
#    SHOW TABLE STATUS FROM `isucon` LIKE 'user_login_bonuses'\G
#    SHOW CREATE TABLE `isucon`.`user_login_bonuses`\G
INSERT INTO `user_login_bonuses` VALUES (3134447,8767177037,4,7,1,1651978143,1654213748,NULL) /*... omitted ...*/\G

# Query 7: 0 QPS, 0x concurrency, ID 0x4AC4DC057720031F4B675AC0EA8F5E72 at byte 48278575
# Scores: V/M = 0.00
# Time range: all events occurred at 2026-09-24T23:05:09
# Attribute    pct   total     min     max     avg     95%  stddev  median
# ============ === ======= ======= ======= ======= ======= ======= =======
# Count          1       1
# Exec time      1   431ms   431ms   431ms   431ms   431ms       0   431ms
# Lock time      0       0       0       0       0       0       0       0
# Rows sent      0       0       0       0       0       0       0       0
# Rows examine   0       0       0       0       0       0       0       0
# Query size     1 1008.95k 1008.95k 1008.95k 1008.95k 1008.95k       0 1008.95k
# String:
# Databases    isucon
# Hosts        localhost
# Users        isucon
# Query_time distribution
#   1us
#  10us
# 100us
#   1ms
#  10ms
# 100ms  ################################################################
#    1s
#  10s+
# Tables
#    SHOW TABLE STATUS FROM `isucon` LIKE 'user_devices'\G
#    SHOW CREATE TABLE `isucon`.`user_devices`\G
INSERT INTO `user_devices` VALUES (38256,6994093262,'1c131378-9090-4353-a094-4db47df536ef',3,1638359002,1638359002,NULL) /*... omitted ...*/\G

# Query 8: 0 QPS, 0x concurrency, ID 0x4CA790418140A0962A385C2101E13805 at byte 0
# Scores: V/M = 0.00
# Time range: all events occurred at 2026-09-24T23:04:56
# Attribute    pct   total     min     max     avg     95%  stddev  median
# ============ === ======= ======= ======= ======= ======= ======= =======
# Count          1       1
# Exec time      1   402ms   402ms   402ms   402ms   402ms       0   402ms
# Lock time     41    14us    14us    14us    14us    14us       0    14us
# Rows sent      0       0       0       0       0       0       0       0
# Rows examine   0       0       0       0       0       0       0       0
# Query size     0      33      33      33      33      33       0      33
# String:
# Databases    isucon
# Hosts        localhost
# Users        isucon
# Query_time distribution
#   1us
#  10us
# 100us
#   1ms
#  10ms
# 100ms  ################################################################
#    1s
#  10s+
# Tables
#    SHOW TABLE STATUS FROM `isucon` LIKE 'user_cards'\G
#    SHOW CREATE TABLE `isucon`.`user_cards`\G
DROP TABLE IF EXISTS `user_cards`\G
