
# 460ms user time, 60ms system time, 48.72M rss, 415.15G vsz
# Current date: Fri Sep 25 05:04:52 2026
# Hostname: YusukenoMac-mini.local
# Files: raw/mysql-slow-isucon-5.log
# Overall: 82 total, 10 unique, 2.28 QPS, 0.64x concurrency ______________
# Time range: 2026-09-24T20:00:50 to 2026-09-24T20:01:26
# Attribute          total     min     max     avg     95%  stddev  median
# ============     ======= ======= ======= ======= ======= ======= =======
# Exec time            23s   108ms      4s   283ms   374ms   386ms   219ms
# Lock time           20us       0    10us       0     1us     1us       0
# Rows sent            140       0      28    1.71       0    6.55       0
# Rows examine       1.15M       0 235.97k  14.39k       0  55.88k       0
# Query size        72.48M      33 1008.95k 905.05k 961.27k 273.61k 961.27k

# Profile
# Rank Query ID                            Response time Calls R/Call V/M 
# ==== =================================== ============= ===== ====== ====
#    1 0x2096778F723F6666B5D7DDC9D01010C7  11.6562 50.3%    46 0.2534  0.01 INSERT user_cards
#    2 0x79A889ED30BFA8BF517F86F6D70065B6   3.7201 16.1%     1 3.7201  0.00 LOAD DATA user_presents
#    3 0x4112BAFCAD857E650001A24863DBA0F1   3.0835 13.3%    15 0.2056  0.01 INSERT user_present_all_received_history
#    4 0x13D274D305314539C3CEC5658CA257A8   1.8070  7.8%     8 0.2259  0.02 INSERT user_items
#    5 0xA09392770A027971695452345619CF0E   1.0297  4.4%     5 0.2059  0.03 SELECT user_present_all_received_history
#    6 0xB6B9ED728E1332C1DD99773350309CB2   0.5662  2.4%     2 0.2831  0.11 INSERT user_login_bonuses
#    7 0x4AC4DC057720031F4B675AC0EA8F5E72   0.5590  2.4%     2 0.2795  0.13 INSERT user_devices
# MISC 0xMISC                               0.7453  3.2%     3 0.2484   0.0 <3 ITEMS>

# Query 1: 3.83 QPS, 0.97x concurrency, ID 0x2096778F723F6666B5D7DDC9D01010C7 at byte 426
# Scores: V/M = 0.01
# Time range: 2026-09-24T20:00:51 to 2026-09-24T20:01:03
# Attribute    pct   total     min     max     avg     95%  stddev  median
# ============ === ======= ======= ======= ======= ======= ======= =======
# Count         56      46
# Exec time     50     12s   197ms   408ms   253ms   356ms    55ms   230ms
# Lock time      0       0       0       0       0       0       0       0
# Rows sent      0       0       0       0       0       0       0       0
# Rows examine   0       0       0       0       0       0       0       0
# Query size    62  45.18M 970.86k 1006.59k 1005.76k 961.27k       0 961.27k
# String:
# Databases    isucon
# Hosts        localhost
# Users        isucon
# Query_time distribution
#   1us
#  10us
# 100us
#   1ms
#  10ms
# 100ms  ################################################################
#    1s
#  10s+
# Tables
#    SHOW TABLE STATUS FROM `isucon` LIKE 'user_cards'\G
#    SHOW CREATE TABLE `isucon`.`user_cards`\G
INSERT INTO `user_cards` VALUES (1042148,9904038980,6,720,36,5336,1639932222,1639932222,NULL) /*... omitted ...*/\G

# Query 2: 0 QPS, 0x concurrency, ID 0x79A889ED30BFA8BF517F86F6D70065B6 at byte 76010634
# Scores: V/M = 0.00
# Time range: all events occurred at 2026-09-24T20:01:14
# Attribute    pct   total     min     max     avg     95%  stddev  median
# ============ === ======= ======= ======= ======= ======= ======= =======
# Count          1       1
# Exec time     16      4s      4s      4s      4s      4s       0      4s
# Lock time      9     2us     2us     2us     2us     2us       0     2us
# Rows sent      0       0       0       0       0       0       0       0
# Rows examine   0       0       0       0       0       0       0       0
# Query size     0     146     146     146     146     146       0     146
# String:
# Databases    isucon
# Hosts        localhost
# Users        isucon
# Query_time distribution
#   1us
#  10us
# 100us
#   1ms
#  10ms
# 100ms
#    1s  ################################################################
#  10s+
# Tables
#    SHOW TABLE STATUS FROM `isucon` LIKE 'user_presents'\G
#    SHOW CREATE TABLE `isucon`.`user_presents`\G
LOAD DATA INFILE '/var/lib/mysql-files/5_user_presents_not_receive_data.tsv' REPLACE INTO TABLE user_presents FIELDS ESCAPED BY '|' IGNORE 1 LINES\G

# Query 3: 5 QPS, 1.03x concurrency, ID 0x4112BAFCAD857E650001A24863DBA0F1 at byte 59513062
# Scores: V/M = 0.01
# Time range: 2026-09-24T20:01:07 to 2026-09-24T20:01:10
# Attribute    pct   total     min     max     avg     95%  stddev  median
# ============ === ======= ======= ======= ======= ======= ======= =======
# Count         18      15
# Exec time     13      3s   175ms   370ms   206ms   266ms    49ms   180ms
# Lock time      0       0       0       0       0       0       0       0
# Rows sent      0       0       0       0       0       0       0       0
# Rows examine   0       0       0       0       0       0       0       0
# Query size    20  14.74M 1006.37k 1006.64k 1006.59k 961.27k       0 961.27k
# String:
# Databases    isucon
# Hosts        localhost
# Users        isucon
# Query_time distribution
#   1us
#  10us
# 100us
#   1ms
#  10ms
# 100ms  ################################################################
#    1s
#  10s+
# Tables
#    SHOW TABLE STATUS FROM `isucon` LIKE 'user_present_all_received_history'\G
#    SHOW CREATE TABLE `isucon`.`user_present_all_received_history`\G
INSERT INTO `user_present_all_received_history` VALUES (1148363,538842799,21,1635692400,1635692400,1635692400,NULL) /*... omitted ...*/\G

# Query 4: 4 QPS, 0.90x concurrency, ID 0x13D274D305314539C3CEC5658CA257A8 at byte 49758366
# Scores: V/M = 0.02
# Time range: 2026-09-24T20:01:04 to 2026-09-24T20:01:06
# Attribute    pct   total     min     max     avg     95%  stddev  median
# ============ === ======= ======= ======= ======= ======= ======= =======
# Count          9       8
# Exec time      7      2s   159ms   389ms   226ms   374ms    61ms   208ms
# Lock time      0       0       0       0       0       0       0       0
# Rows sent      0       0       0       0       0       0       0       0
# Rows examine   0       0       0       0       0       0       0       0
# Query size    10   7.57M 716.14k 1005.06k 968.89k 961.27k  91.98k 961.27k
# String:
# Databases    isucon
# Hosts        localhost
# Users        isucon
# Query_time distribution
#   1us
#  10us
# 100us
#   1ms
#  10ms
# 100ms  ################################################################
#    1s
#  10s+
# Tables
#    SHOW TABLE STATUS FROM `isucon` LIKE 'user_items'\G
#    SHOW CREATE TABLE `isucon`.`user_items`\G
INSERT INTO `user_items` VALUES (1167064,5412259060,3,20,2,1632245312,1632245312,NULL) /*... omitted ...*/\G

# Query 5: 0.71 QPS, 0.15x concurrency, ID 0xA09392770A027971695452345619CF0E at byte 76011858
# Scores: V/M = 0.03
# Time range: 2026-09-24T20:01:19 to 2026-09-24T20:01:26
# Attribute    pct   total     min     max     avg     95%  stddev  median
# ============ === ======= ======= ======= ======= ======= ======= =======
# Count          6       5
# Exec time      4      1s   108ms   280ms   206ms   279ms    78ms   253ms
# Lock time     39     8us     1us     2us     1us     1us       0     1us
# Rows sent    100     140      28      28      28      28       0      28
# Rows examine 100   1.15M 235.97k 235.97k 235.97k 235.97k       0 235.97k
# Query size     0     420      84      84      84      84       0      84
# String:
# Databases    isucon
# Hosts        localhost
# Users        isucon
# Query_time distribution
#   1us
#  10us
# 100us
#   1ms
#  10ms
# 100ms  ################################################################
#    1s
#  10s+
# Tables
#    SHOW TABLE STATUS FROM `isucon` LIKE 'user_present_all_received_history'\G
#    SHOW CREATE TABLE `isucon`.`user_present_all_received_history`\G
# EXPLAIN /*!50100 PARTITIONS*/
SELECT * FROM user_present_all_received_history WHERE user_id=5433018760 ORDER BY id\G

# Query 6: 0 QPS, 0x concurrency, ID 0xB6B9ED728E1332C1DD99773350309CB2 at byte 57697140
# Scores: V/M = 0.11
# Time range: all events occurred at 2026-09-24T20:01:06
# Attribute    pct   total     min     max     avg     95%  stddev  median
# ============ === ======= ======= ======= ======= ======= ======= =======
# Count          2       2
# Exec time      2   566ms   156ms   410ms   283ms   410ms   180ms   283ms
# Lock time      0       0       0       0       0       0       0       0
# Rows sent      0       0       0       0       0       0       0       0
# Rows examine   0       0       0       0       0       0       0       0
# Query size     2   1.73M 768.20k 1004.77k 886.48k 1004.77k 167.28k 886.48k
# String:
# Databases    isucon
# Hosts        localhost
# Users        isucon
# Query_time distribution
#   1us
#  10us
# 100us
#   1ms
#  10ms
# 100ms  ################################################################
#    1s
#  10s+
# Tables
#    SHOW TABLE STATUS FROM `isucon` LIKE 'user_login_bonuses'\G
#    SHOW CREATE TABLE `isucon`.`user_login_bonuses`\G
INSERT INTO `user_login_bonuses` VALUES (3134447,8767177037,4,7,1,1651978143,1654213748,NULL) /*... omitted ...*/\G

# Query 7: 0 QPS, 0x concurrency, ID 0x4AC4DC057720031F4B675AC0EA8F5E72 at byte 48278206
# Scores: V/M = 0.13
# Time range: all events occurred at 2026-09-24T20:01:04
# Attribute    pct   total     min     max     avg     95%  stddev  median
# ============ === ======= ======= ======= ======= ======= ======= =======
# Count          2       2
# Exec time      2   559ms   146ms   413ms   280ms   413ms   189ms   280ms
# Lock time      0       0       0       0       0       0       0       0
# Rows sent      0       0       0       0       0       0       0       0
# Rows examine   0       0       0       0       0       0       0       0
# Query size     1   1.41M 436.13k 1008.95k 722.54k 1008.95k 405.05k 722.54k
# String:
# Databases    isucon
# Hosts        localhost
# Users        isucon
# Query_time distribution
#   1us
#  10us
# 100us
#   1ms
#  10ms
# 100ms  ################################################################
#    1s
#  10s+
# Tables
#    SHOW TABLE STATUS FROM `isucon` LIKE 'user_devices'\G
#    SHOW CREATE TABLE `isucon`.`user_devices`\G
INSERT INTO `user_devices` VALUES (38256,6994093262,'1c131378-9090-4353-a094-4db47df536ef',3,1638359002,1638359002,NULL) /*... omitted ...*/\G
