
# 450ms user time, 50ms system time, 55.09M rss, 415.15G vsz
# Current date: Fri Sep 25 05:04:52 2026
# Hostname: YusukenoMac-mini.local
# Files: raw/mysql-slow-isucon-2.log
# Overall: 89 total, 10 unique, 2.54 QPS, 0.69x concurrency ______________
# Time range: 2026-09-24T20:00:50 to 2026-09-24T20:01:25
# Attribute          total     min     max     avg     95%  stddev  median
# ============     ======= ======= ======= ======= ======= ======= =======
# Exec time            24s   100ms      4s   271ms   393ms   394ms   219ms
# Lock time           56us       0    21us       0     1us     2us       0
# Rows sent            284       0      28    3.19   27.38    8.20       0
# Rows examine       2.77M       0 235.97k  31.82k 233.54k  79.76k       0
# Query size        72.48M      33 1008.95k 833.88k 961.27k 351.08k 961.27k

# Profile
# Rank Query ID                            Response time Calls R/Call V/M 
# ==== =================================== ============= ===== ====== ====
#    1 0x2096778F723F6666B5D7DDC9D01010C7  11.7652 48.9%    46 0.2558  0.01 INSERT user_cards
#    2 0x79A889ED30BFA8BF517F86F6D70065B6   3.8915 16.2%     1 3.8915  0.00 LOAD DATA user_presents
#    3 0x4112BAFCAD857E650001A24863DBA0F1   3.2726 13.6%    15 0.2182  0.02 INSERT user_present_all_received_history
#    4 0x13D274D305314539C3CEC5658CA257A8   1.9564  8.1%     8 0.2445  0.02 INSERT user_items
#    5 0xA09392770A027971695452345619CF0E   1.2781  5.3%    12 0.1065  0.00 SELECT user_present_all_received_history
#    6 0xB6B9ED728E1332C1DD99773350309CB2   0.5843  2.4%     2 0.2921  0.11 INSERT user_login_bonuses
#    7 0x4AC4DC057720031F4B675AC0EA8F5E72   0.5458  2.3%     2 0.2729  0.19 INSERT user_devices
# MISC 0xMISC                               0.7832  3.3%     3 0.2611   0.0 <3 ITEMS>

# Query 1: 3.83 QPS, 0.98x concurrency, ID 0x2096778F723F6666B5D7DDC9D01010C7 at byte 426
# Scores: V/M = 0.01
# Time range: 2026-09-24T20:00:51 to 2026-09-24T20:01:03
# Attribute    pct   total     min     max     avg     95%  stddev  median
# ============ === ======= ======= ======= ======= ======= ======= =======
# Count         51      46
# Exec time     48     12s   200ms   416ms   256ms   356ms    53ms   230ms
# Lock time      0       0       0       0       0       0       0       0
# Rows sent      0       0       0       0       0       0       0       0
# Rows examine   0       0       0       0       0       0       0       0
# Query size    62  45.18M 970.86k 1006.59k 1005.76k 961.27k       0 961.27k
# String:
# Databases    isucon
# Hosts        localhost
# Users        isucon
# Query_time distribution
#   1us
#  10us
# 100us
#   1ms
#  10ms
# 100ms  ################################################################
#    1s
#  10s+
# Tables
#    SHOW TABLE STATUS FROM `isucon` LIKE 'user_cards'\G
#    SHOW CREATE TABLE `isucon`.`user_cards`\G
INSERT INTO `user_cards` VALUES (1042148,9904038980,6,720,36,5336,1639932222,1639932222,NULL) /*... omitted ...*/\G

# Query 2: 0 QPS, 0x concurrency, ID 0x79A889ED30BFA8BF517F86F6D70065B6 at byte 76010634
# Scores: V/M = 0.00
# Time range: all events occurred at 2026-09-24T20:01:15
# Attribute    pct   total     min     max     avg     95%  stddev  median
# ============ === ======= ======= ======= ======= ======= ======= =======
# Count          1       1
# Exec time     16      4s      4s      4s      4s      4s       0      4s
# Lock time      7     4us     4us     4us     4us     4us       0     4us
# Rows sent      0       0       0       0       0       0       0       0
# Rows examine   0       0       0       0       0       0       0       0
# Query size     0     146     146     146     146     146       0     146
# String:
# Databases    isucon
# Hosts        localhost
# Users        isucon
# Query_time distribution
#   1us
#  10us
# 100us
#   1ms
#  10ms
# 100ms
#    1s  ################################################################
#  10s+
# Tables
#    SHOW TABLE STATUS FROM `isucon` LIKE 'user_presents'\G
#    SHOW CREATE TABLE `isucon`.`user_presents`\G
LOAD DATA INFILE '/var/lib/mysql-files/5_user_presents_not_receive_data.tsv' REPLACE INTO TABLE user_presents FIELDS ESCAPED BY '|' IGNORE 1 LINES\G

# Query 3: 5 QPS, 1.09x concurrency, ID 0x4112BAFCAD857E650001A24863DBA0F1 at byte 71884375
# Scores: V/M = 0.02
# Time range: 2026-09-24T20:01:07 to 2026-09-24T20:01:10
# Attribute    pct   total     min     max     avg     95%  stddev  median
# ============ === ======= ======= ======= ======= ======= ======= =======
# Count         16      15
# Exec time     13      3s   177ms   386ms   218ms   323ms    59ms   180ms
# Lock time      0       0       0       0       0       0       0       0
# Rows sent      0       0       0       0       0       0       0       0
# Rows examine   0       0       0       0       0       0       0       0
# Query size    20  14.74M 1006.37k 1006.64k 1006.59k 961.27k       0 961.27k
# String:
# Databases    isucon
# Hosts        localhost
# Users        isucon
# Query_time distribution
#   1us
#  10us
# 100us
#   1ms
#  10ms
# 100ms  ################################################################
#    1s
#  10s+
# Tables
#    SHOW TABLE STATUS FROM `isucon` LIKE 'user_present_all_received_history'\G
#    SHOW CREATE TABLE `isucon`.`user_present_all_received_history`\G
INSERT INTO `user_present_all_received_history` VALUES (78288513454,1432147366,25,1646060400,1646060400,1646060400,NULL) /*... omitted ...*/\G

# Query 4: 4 QPS, 0.98x concurrency, ID 0x13D274D305314539C3CEC5658CA257A8 at byte 49758366
# Scores: V/M = 0.02
# Time range: 2026-09-24T20:01:04 to 2026-09-24T20:01:06
# Attribute    pct   total     min     max     avg     95%  stddev  median
# ============ === ======= ======= ======= ======= ======= ======= =======
# Count          8       8
# Exec time      8      2s   148ms   397ms   245ms   393ms    68ms   242ms
# Lock time      0       0       0       0       0       0       0       0
# Rows sent      0       0       0       0       0       0       0       0
# Rows examine   0       0       0       0       0       0       0       0
# Query size    10   7.57M 716.14k 1005.06k 968.89k 961.27k  91.98k 961.27k
# String:
# Databases    isucon
# Hosts        localhost
# Users        isucon
# Query_time distribution
#   1us
#  10us
# 100us
#   1ms
#  10ms
# 100ms  ################################################################
#    1s
#  10s+
# Tables
#    SHOW TABLE STATUS FROM `isucon` LIKE 'user_items'\G
#    SHOW CREATE TABLE `isucon`.`user_items`\G
INSERT INTO `user_items` VALUES (1167064,5412259060,3,20,2,1632245312,1632245312,NULL) /*... omitted ...*/\G

# Query 5: 1.20 QPS, 0.13x concurrency, ID 0xA09392770A027971695452345619CF0E at byte 76012734
# Scores: V/M = 0.00
# Time range: 2026-09-24T20:01:15 to 2026-09-24T20:01:25
# Attribute    pct   total     min     max     avg     95%  stddev  median
# ============ === ======= ======= ======= ======= ======= ======= =======
# Count         13      12
# Exec time      5      1s   100ms   119ms   107ms   110ms     5ms   100ms
# Lock time     69    39us     1us    21us     3us     2us     5us     1us
# Rows sent    100     284      15      28   23.67   27.38    6.06   27.38
# Rows examine 100   2.77M 235.97k 235.97k 235.97k 235.97k       0 235.97k
# Query size     0    1007      83      84   83.92   80.10       0   80.10
# String:
# Databases    isucon
# Hosts        localhost
# Users        isucon
# Query_time distribution
#   1us
#  10us
# 100us
#   1ms
#  10ms
# 100ms  ################################################################
#    1s
#  10s+
# Tables
#    SHOW TABLE STATUS FROM `isucon` LIKE 'user_present_all_received_history'\G
#    SHOW CREATE TABLE `isucon`.`user_present_all_received_history`\G
# EXPLAIN /*!50100 PARTITIONS*/
SELECT * FROM user_present_all_received_history WHERE user_id=2535884242 ORDER BY id\G

# Query 6: 2 QPS, 0.58x concurrency, ID 0xB6B9ED728E1332C1DD99773350309CB2 at byte 57697140
# Scores: V/M = 0.11
# Time range: 2026-09-24T20:01:06 to 2026-09-24T20:01:07
# Attribute    pct   total     min     max     avg     95%  stddev  median
# ============ === ======= ======= ======= ======= ======= ======= =======
# Count          2       2
# Exec time      2   584ms   168ms   416ms   292ms   416ms   175ms   292ms
# Lock time      0       0       0       0       0       0       0       0
# Rows sent      0       0       0       0       0       0       0       0
# Rows examine   0       0       0       0       0       0       0       0
# Query size     2   1.73M 768.20k 1004.77k 886.48k 1004.77k 167.28k 886.48k
# String:
# Databases    isucon
# Hosts        localhost
# Users        isucon
# Query_time distribution
#   1us
#  10us
# 100us
#   1ms
#  10ms
# 100ms  ################################################################
#    1s
#  10s+
# Tables
#    SHOW TABLE STATUS FROM `isucon` LIKE 'user_login_bonuses'\G
#    SHOW CREATE TABLE `isucon`.`user_login_bonuses`\G
INSERT INTO `user_login_bonuses` VALUES (3134447,8767177037,4,7,1,1651978143,1654213748,NULL) /*... omitted ...*/\G

# Query 7: 0 QPS, 0x concurrency, ID 0x4AC4DC057720031F4B675AC0EA8F5E72 at byte 48278206
# Scores: V/M = 0.19
# Time range: all events occurred at 2026-09-24T20:01:04
# Attribute    pct   total     min     max     avg     95%  stddev  median
# ============ === ======= ======= ======= ======= ======= ======= =======
# Count          2       2
# Exec time      2   546ms   113ms   433ms   273ms   433ms   227ms   273ms
# Lock time      0       0       0       0       0       0       0       0
# Rows sent      0       0       0       0       0       0       0       0
# Rows examine   0       0       0       0       0       0       0       0
# Query size     1   1.41M 436.13k 1008.95k 722.54k 1008.95k 405.05k 722.54k
# String:
# Databases    isucon
# Hosts        localhost
# Users        isucon
# Query_time distribution
#   1us
#  10us
# 100us
#   1ms
#  10ms
# 100ms  ################################################################
#    1s
#  10s+
# Tables
#    SHOW TABLE STATUS FROM `isucon` LIKE 'user_devices'\G
#    SHOW CREATE TABLE `isucon`.`user_devices`\G
INSERT INTO `user_devices` VALUES (38256,6994093262,'1c131378-9090-4353-a094-4db47df536ef',3,1638359002,1638359002,NULL) /*... omitted ...*/\G
