
# 460ms user time, 50ms system time, 55.77M rss, 415.15G vsz
# Current date: Fri Sep 25 05:04:53 2026
# Hostname: YusukenoMac-mini.local
# Files: raw/mysql-slow-isucon-4.log
# Overall: 80 total, 10 unique, 2.22 QPS, 0.57x concurrency ______________
# Time range: 2026-09-24T20:00:50 to 2026-09-24T20:01:26
# Attribute          total     min     max     avg     95%  stddev  median
# ============     ======= ======= ======= ======= ======= ======= =======
# Exec time            20s   102ms      3s   255ms   374ms   322ms   198ms
# Lock time           17us       0     9us       0     1us     1us       0
# Rows sent             99       0      28    1.24       0    5.41       0
# Rows examine     943.90k       0 235.97k  11.80k       0  50.90k       0
# Query size        72.05M      33 1008.95k 922.23k 961.27k 254.19k 961.27k

# Profile
# Rank Query ID                            Response time Calls R/Call V/M 
# ==== =================================== ============= ===== ====== ====
#    1 0x2096778F723F6666B5D7DDC9D01010C7  10.5617 51.7%    46 0.2296  0.02 INSERT user_cards
#    2 0x79A889ED30BFA8BF517F86F6D70065B6   3.0527 15.0%     1 3.0527  0.00 LOAD DATA user_presents
#    3 0x4112BAFCAD857E650001A24863DBA0F1   2.8304 13.9%    15 0.1887  0.02 INSERT user_present_all_received_history
#    4 0x13D274D305314539C3CEC5658CA257A8   1.6734  8.2%     8 0.2092  0.02 INSERT user_items
#    5 0xA09392770A027971695452345619CF0E   0.6558  3.2%     4 0.1640  0.02 SELECT user_present_all_received_history
#    6 0xB6B9ED728E1332C1DD99773350309CB2   0.5275  2.6%     2 0.2638  0.09 INSERT user_login_bonuses
#    7 0x4AC4DC057720031F4B675AC0EA8F5E72   0.3920  1.9%     1 0.3920  0.00 INSERT user_devices
# MISC 0xMISC                               0.7170  3.5%     3 0.2390   0.0 <3 ITEMS>

# Query 1: 4.18 QPS, 0.96x concurrency, ID 0x2096778F723F6666B5D7DDC9D01010C7 at byte 426
# Scores: V/M = 0.02
# Time range: 2026-09-24T20:00:51 to 2026-09-24T20:01:02
# Attribute    pct   total     min     max     avg     95%  stddev  median
# ============ === ======= ======= ======= ======= ======= ======= =======
# Count         57      46
# Exec time     51     11s   172ms   410ms   230ms   323ms    61ms   198ms
# Lock time      0       0       0       0       0       0       0       0
# Rows sent      0       0       0       0       0       0       0       0
# Rows examine   0       0       0       0       0       0       0       0
# Query size    62  45.18M 970.86k 1006.59k 1005.76k 961.27k       0 961.27k
# String:
# Databases    isucon
# Hosts        localhost
# Users        isucon
# Query_time distribution
#   1us
#  10us
# 100us
#   1ms
#  10ms
# 100ms  ################################################################
#    1s
#  10s+
# Tables
#    SHOW TABLE STATUS FROM `isucon` LIKE 'user_cards'\G
#    SHOW CREATE TABLE `isucon`.`user_cards`\G
INSERT INTO `user_cards` VALUES (1042148,9904038980,6,720,36,5336,1639932222,1639932222,NULL) /*... omitted ...*/\G

# Query 2: 0 QPS, 0x concurrency, ID 0x79A889ED30BFA8BF517F86F6D70065B6 at byte 75563838
# Scores: V/M = 0.00
# Time range: all events occurred at 2026-09-24T20:01:11
# Attribute    pct   total     min     max     avg     95%  stddev  median
# ============ === ======= ======= ======= ======= ======= ======= =======
# Count          1       1
# Exec time     14      3s      3s      3s      3s      3s       0      3s
# Lock time     11     2us     2us     2us     2us     2us       0     2us
# Rows sent      0       0       0       0       0       0       0       0
# Rows examine   0       0       0       0       0       0       0       0
# Query size     0     146     146     146     146     146       0     146
# String:
# Databases    isucon
# Hosts        localhost
# Users        isucon
# Query_time distribution
#   1us
#  10us
# 100us
#   1ms
#  10ms
# 100ms
#    1s  ################################################################
#  10s+
# Tables
#    SHOW TABLE STATUS FROM `isucon` LIKE 'user_presents'\G
#    SHOW CREATE TABLE `isucon`.`user_presents`\G
LOAD DATA INFILE '/var/lib/mysql-files/5_user_presents_not_receive_data.tsv' REPLACE INTO TABLE user_presents FIELDS ESCAPED BY '|' IGNORE 1 LINES\G

# Query 3: 5 QPS, 0.94x concurrency, ID 0x4112BAFCAD857E650001A24863DBA0F1 at byte 59066266
# Scores: V/M = 0.02
# Time range: 2026-09-24T20:01:05 to 2026-09-24T20:01:08
# Attribute    pct   total     min     max     avg     95%  stddev  median
# ============ === ======= ======= ======= ======= ======= ======= =======
# Count         18      15
# Exec time     13      3s   146ms   352ms   189ms   279ms    60ms   155ms
# Lock time      0       0       0       0       0       0       0       0
# Rows sent      0       0       0       0       0       0       0       0
# Rows examine   0       0       0       0       0       0       0       0
# Query size    20  14.74M 1006.37k 1006.64k 1006.59k 961.27k       0 961.27k
# String:
# Databases    isucon
# Hosts        localhost
# Users        isucon
# Query_time distribution
#   1us
#  10us
# 100us
#   1ms
#  10ms
# 100ms  ################################################################
#    1s
#  10s+
# Tables
#    SHOW TABLE STATUS FROM `isucon` LIKE 'user_present_all_received_history'\G
#    SHOW CREATE TABLE `isucon`.`user_present_all_received_history`\G
INSERT INTO `user_present_all_received_history` VALUES (1148363,538842799,21,1635692400,1635692400,1635692400,NULL) /*... omitted ...*/\G

# Query 4: 8 QPS, 1.67x concurrency, ID 0x13D274D305314539C3CEC5658CA257A8 at byte 49311570
# Scores: V/M = 0.02
# Time range: 2026-09-24T20:01:03 to 2026-09-24T20:01:04
# Attribute    pct   total     min     max     avg     95%  stddev  median
# ============ === ======= ======= ======= ======= ======= ======= =======
# Count         10       8
# Exec time      8      2s   141ms   387ms   209ms   374ms    66ms   194ms
# Lock time      0       0       0       0       0       0       0       0
# Rows sent      0       0       0       0       0       0       0       0
# Rows examine   0       0       0       0       0       0       0       0
# Query size    10   7.57M 716.14k 1005.06k 968.89k 961.27k  91.98k 961.27k
# String:
# Databases    isucon
# Hosts        localhost
# Users        isucon
# Query_time distribution
#   1us
#  10us
# 100us
#   1ms
#  10ms
# 100ms  ################################################################
#    1s
#  10s+
# Tables
#    SHOW TABLE STATUS FROM `isucon` LIKE 'user_items'\G
#    SHOW CREATE TABLE `isucon`.`user_items`\G
INSERT INTO `user_items` VALUES (1167064,5412259060,3,20,2,1632245312,1632245312,NULL) /*... omitted ...*/\G

# Query 5: 1 QPS, 0.16x concurrency, ID 0xA09392770A027971695452345619CF0E at byte 75565062
# Scores: V/M = 0.02
# Time range: 2026-09-24T20:01:22 to 2026-09-24T20:01:26
# Attribute    pct   total     min     max     avg     95%  stddev  median
# ============ === ======= ======= ======= ======= ======= ======= =======
# Count          5       4
# Exec time      3   656ms   102ms   230ms   164ms   230ms    62ms   224ms
# Lock time     35     6us     1us     2us     1us     1us       0     1us
# Rows sent    100      99      15      28   24.75   27.38    5.57   27.38
# Rows examine 100 943.90k 235.97k 235.97k 235.97k 235.97k       0 235.97k
# Query size     0     336      84      84      84      84       0      84
# String:
# Databases    isucon
# Hosts        localhost
# Users        isucon
# Query_time distribution
#   1us
#  10us
# 100us
#   1ms
#  10ms
# 100ms  ################################################################
#    1s
#  10s+
# Tables
#    SHOW TABLE STATUS FROM `isucon` LIKE 'user_present_all_received_history'\G
#    SHOW CREATE TABLE `isucon`.`user_present_all_received_history`\G
# EXPLAIN /*!50100 PARTITIONS*/
SELECT * FROM user_present_all_received_history WHERE user_id=1045945819 ORDER BY id\G

# Query 6: 0 QPS, 0x concurrency, ID 0xB6B9ED728E1332C1DD99773350309CB2 at byte 57250344
# Scores: V/M = 0.09
# Time range: all events occurred at 2026-09-24T20:01:05
# Attribute    pct   total     min     max     avg     95%  stddev  median
# ============ === ======= ======= ======= ======= ======= ======= =======
# Count          2       2
# Exec time      2   528ms   156ms   372ms   264ms   372ms   153ms   264ms
# Lock time      0       0       0       0       0       0       0       0
# Rows sent      0       0       0       0       0       0       0       0
# Rows examine   0       0       0       0       0       0       0       0
# Query size     2   1.73M 768.20k 1004.77k 886.48k 1004.77k 167.28k 886.48k
# String:
# Databases    isucon
# Hosts        localhost
# Users        isucon
# Query_time distribution
#   1us
#  10us
# 100us
#   1ms
#  10ms
# 100ms  ################################################################
#    1s
#  10s+
# Tables
#    SHOW TABLE STATUS FROM `isucon` LIKE 'user_login_bonuses'\G
#    SHOW CREATE TABLE `isucon`.`user_login_bonuses`\G
INSERT INTO `user_login_bonuses` VALUES (3134447,8767177037,4,7,1,1651978143,1654213748,NULL) /*... omitted ...*/\G

# Query 7: 0 QPS, 0x concurrency, ID 0x4AC4DC057720031F4B675AC0EA8F5E72 at byte 48278206
# Scores: V/M = 0.00
# Time range: all events occurred at 2026-09-24T20:01:02
# Attribute    pct   total     min     max     avg     95%  stddev  median
# ============ === ======= ======= ======= ======= ======= ======= =======
# Count          1       1
# Exec time      1   392ms   392ms   392ms   392ms   392ms       0   392ms
# Lock time      0       0       0       0       0       0       0       0
# Rows sent      0       0       0       0       0       0       0       0
# Rows examine   0       0       0       0       0       0       0       0
# Query size     1 1008.95k 1008.95k 1008.95k 1008.95k 1008.95k       0 1008.95k
# String:
# Databases    isucon
# Hosts        localhost
# Users        isucon
# Query_time distribution
#   1us
#  10us
# 100us
#   1ms
#  10ms
# 100ms  ################################################################
#    1s
#  10s+
# Tables
#    SHOW TABLE STATUS FROM `isucon` LIKE 'user_devices'\G
#    SHOW CREATE TABLE `isucon`.`user_devices`\G
INSERT INTO `user_devices` VALUES (38256,6994093262,'1c131378-9090-4353-a094-4db47df536ef',3,1638359002,1638359002,NULL) /*... omitted ...*/\G
