2026-09-24T20:20:07.577690081Z	BENCHMARK_START
[ADMIN] 20:20:07.630994 benchmarker --target-host=172.31.45.101 --request-timeout=10s --initialize-request-timeout=1m0s --exit-error-on-fail=true --stage=prod --max-parallelism=100 --prepare-only=false
20:20:40.526023 [ValidationScenario] 整合性チェックを開始します
[ADMIN] 20:20:40.526011 [LANGUAGE] go
20:20:40.914419 整合性チェック Request:POST /login (日跨ぎ前）
20:20:41.035513 整合性チェック Request:POST /login (日跨ぎ後）
20:20:41.039454 整合性チェック Request:POST /admin/login 失敗の場合
20:20:41.102659 整合性チェック Request:POST /admin/login
20:20:41.164409 整合性チェック Request:GET /admin/user/{userID}
20:20:41.261999 整合性チェック Request:POST /login 失敗の場合
20:20:41.283893 整合性チェック Request:POST /user
20:20:41.299130 整合性チェック Request:POST /login
20:20:41.308323 整合性チェック Request:GET /user/{userId}/home セッション無効の場合
20:20:41.309543 整合性チェック Request:GET /user/{userId}/home
20:20:41.311524 整合性チェック Request:GET /user/{userId}/home 他人のホーム表示の場合
20:20:41.313413 [ValidationScenario] 整合性チェックを終了します
20:20:41.313420 整合性チェックに失敗しました
20:20:44.315566 [VALIDATION_ERR] prepare: validation-error-invalid-status-code: GET  /user/0/home の Response の　HTTP Status Code が違います : expected(403) != actual(401)
20:20:44.315601 続行不可能なエラーが検出されたので、ここで処理を終了します。
20:20:44.315610 [PASSED]: false
20:20:44.315612 [SCORE] 0 (addition: 0, deduction: 0)
[ADMIN] 20:20:44.315627 [SCORE] map[GET /user/:userId/gacha/index:0 GET /user/:userId/home:0 GET /user/:userId/item:0 GET /user/:userId/present/index/:n:0 POST /login:0 POST /login(ban):0 POST /user:0 POST /user/:userId/card:0 POST /user/:userId/card/addexp/:cardId:0 POST /user/:userId/gacha/draw/:gachaId:0 POST /user/:userId/present/receive:0 POST /user/:userId/reward:0]

SCORE: 0
BENCHMARK_FAIL
2026-09-24T20:20:44.460629685Z	BENCHMARK_END
