
# 440ms user time, 80ms system time, 42.45M rss, 415.15G vsz
# Current date: Fri Sep 25 07:56:02 2026
# Hostname: YusukenoMac-mini.local
# Files: raw/mysql-slow-isucon-2.log
# Overall: 79 total, 11 unique, 2.47 QPS, 0.96x concurrency ______________
# Time range: 2026-09-24T22:52:01 to 2026-09-24T22:52:33
# Attribute          total     min     max     avg     95%  stddev  median
# ============     ======= ======= ======= ======= ======= ======= =======
# Exec time            31s   104ms      6s   388ms   393ms   826ms   230ms
# Lock time           19us       0    14us       0       0     1us       0
# Rows sent        873.95k       0 873.95k  11.06k       0  97.47k       0
# Rows examine       3.51M       0   3.51M  45.49k       0 401.21k       0
# Query size        72.64M      33 1008.95k 941.56k 961.27k 211.54k 961.27k

# Profile
# Rank Query ID                            Response time Calls R/Call V/M 
# ==== =================================== ============= ===== ====== ====
#    1 0x2096778F723F6666B5D7DDC9D01010C7  12.0473 39.3%    46 0.2619  0.01 INSERT user_cards
#    2 0x79A889ED30BFA8BF517F86F6D70065B6   5.8614 19.1%     1 5.8614  0.00 LOAD DATA user_presents
#    3 0x2AAA48FA76EDFA622A0836D7C5F9C509   5.4003 17.6%     1 5.4003  0.00 SELECT user_presents
#    4 0x4112BAFCAD857E650001A24863DBA0F1   3.2321 10.5%    15 0.2155  0.01 INSERT user_present_all_received_history
#    5 0x13D274D305314539C3CEC5658CA257A8   1.9930  6.5%     8 0.2491  0.02 INSERT user_items
#    6 0xB6B9ED728E1332C1DD99773350309CB2   0.6080  2.0%     2 0.3040  0.13 INSERT user_login_bonuses
# MISC 0xMISC                               1.5290  5.0%     6 0.2548   0.0 <5 ITEMS>

# Query 1: 3.83 QPS, 1.00x concurrency, ID 0x2096778F723F6666B5D7DDC9D01010C7 at byte 173290
# Scores: V/M = 0.01
# Time range: 2026-09-24T22:52:02 to 2026-09-24T22:52:14
# Attribute    pct   total     min     max     avg     95%  stddev  median
# ============ === ======= ======= ======= ======= ======= ======= =======
# Count         58      46
# Exec time     39     12s   210ms   397ms   262ms   356ms    48ms   241ms
# Lock time      0       0       0       0       0       0       0       0
# Rows sent      0       0       0       0       0       0       0       0
# Rows examine   0       0       0       0       0       0       0       0
# Query size    62  45.18M 970.86k 1006.59k 1005.76k 961.27k       0 961.27k
# String:
# Databases    isucon
# Hosts        localhost
# Users        isucon
# Query_time distribution
#   1us
#  10us
# 100us
#   1ms
#  10ms
# 100ms  ################################################################
#    1s
#  10s+
# Tables
#    SHOW TABLE STATUS FROM `isucon` LIKE 'user_cards'\G
#    SHOW CREATE TABLE `isucon`.`user_cards`\G
INSERT INTO `user_cards` VALUES (1042148,9904038980,6,720,36,5336,1639932222,1639932222,NULL) /*... omitted ...*/\G

# Query 2: 0 QPS, 0x concurrency, ID 0x79A889ED30BFA8BF517F86F6D70065B6 at byte 76183498
# Scores: V/M = 0.00
# Time range: all events occurred at 2026-09-24T22:52:28
# Attribute    pct   total     min     max     avg     95%  stddev  median
# ============ === ======= ======= ======= ======= ======= ======= =======
# Count          1       1
# Exec time     19      6s      6s      6s      6s      6s       0      6s
# Lock time     15     3us     3us     3us     3us     3us       0     3us
# Rows sent      0       0       0       0       0       0       0       0
# Rows examine   0       0       0       0       0       0       0       0
# Query size     0     146     146     146     146     146       0     146
# String:
# Databases    isucon
# Hosts        localhost
# Users        isucon
# Query_time distribution
#   1us
#  10us
# 100us
#   1ms
#  10ms
# 100ms
#    1s  ################################################################
#  10s+
# Tables
#    SHOW TABLE STATUS FROM `isucon` LIKE 'user_presents'\G
#    SHOW CREATE TABLE `isucon`.`user_presents`\G
LOAD DATA INFILE '/var/lib/mysql-files/5_user_presents_not_receive_data.tsv' REPLACE INTO TABLE user_presents FIELDS ESCAPED BY '|' IGNORE 1 LINES\G

# Query 3: 0 QPS, 0x concurrency, ID 0x2AAA48FA76EDFA622A0836D7C5F9C509 at byte 76183846
# Scores: V/M = 0.00
# Time range: all events occurred at 2026-09-24T22:52:33
# Attribute    pct   total     min     max     avg     95%  stddev  median
# ============ === ======= ======= ======= ======= ======= ======= =======
# Count          1       1
# Exec time     17      5s      5s      5s      5s      5s       0      5s
# Lock time     10     2us     2us     2us     2us     2us       0     2us
# Rows sent    100 873.95k 873.95k 873.95k 873.95k 873.95k       0 873.95k
# Rows examine 100   3.51M   3.51M   3.51M   3.51M   3.51M       0   3.51M
# Query size     0     149     149     149     149     149       0     149
# String:
# Databases    isucon
# Hosts        localhost
# Users        isucon
# Query_time distribution
#   1us
#  10us
# 100us
#   1ms
#  10ms
# 100ms
#    1s  ################################################################
#  10s+
# Tables
#    SHOW TABLE STATUS FROM `isucon` LIKE 'user_presents'\G
#    SHOW CREATE TABLE `isucon`.`user_presents`\G
# EXPLAIN /*!50100 PARTITIONS*/
SELECT * FROM user_presents WHERE id<=100000000000 AND user_id>0 AND
		((user_id-1) % 5 = 1 OR ((user_id-1) % 5 = 0 AND ((user_id-1) DIV 5) % 4 = 0))\G

# Query 4: 3.75 QPS, 0.81x concurrency, ID 0x4112BAFCAD857E650001A24863DBA0F1 at byte 59685926
# Scores: V/M = 0.01
# Time range: 2026-09-24T22:52:18 to 2026-09-24T22:52:22
# Attribute    pct   total     min     max     avg     95%  stddev  median
# ============ === ======= ======= ======= ======= ======= ======= =======
# Count         18      15
# Exec time     10      3s   186ms   381ms   215ms   266ms    49ms   189ms
# Lock time      0       0       0       0       0       0       0       0
# Rows sent      0       0       0       0       0       0       0       0
# Rows examine   0       0       0       0       0       0       0       0
# Query size    20  14.74M 1006.37k 1006.64k 1006.59k 961.27k       0 961.27k
# String:
# Databases    isucon
# Hosts        localhost
# Users        isucon
# Query_time distribution
#   1us
#  10us
# 100us
#   1ms
#  10ms
# 100ms  ################################################################
#    1s
#  10s+
# Tables
#    SHOW TABLE STATUS FROM `isucon` LIKE 'user_present_all_received_history'\G
#    SHOW CREATE TABLE `isucon`.`user_present_all_received_history`\G
INSERT INTO `user_present_all_received_history` VALUES (1148363,538842799,21,1635692400,1635692400,1635692400,NULL) /*... omitted ...*/\G

# Query 5: 8 QPS, 1.99x concurrency, ID 0x13D274D305314539C3CEC5658CA257A8 at byte 49931230
# Scores: V/M = 0.02
# Time range: 2026-09-24T22:52:16 to 2026-09-24T22:52:17
# Attribute    pct   total     min     max     avg     95%  stddev  median
# ============ === ======= ======= ======= ======= ======= ======= =======
# Count         10       8
# Exec time      6      2s   155ms   407ms   249ms   393ms    71ms   224ms
# Lock time      0       0       0       0       0       0       0       0
# Rows sent      0       0       0       0       0       0       0       0
# Rows examine   0       0       0       0       0       0       0       0
# Query size    10   7.57M 716.14k 1005.06k 968.89k 961.27k  91.98k 961.27k
# String:
# Databases    isucon
# Hosts        localhost
# Users        isucon
# Query_time distribution
#   1us
#  10us
# 100us
#   1ms
#  10ms
# 100ms  ################################################################
#    1s
#  10s+
# Tables
#    SHOW TABLE STATUS FROM `isucon` LIKE 'user_items'\G
#    SHOW CREATE TABLE `isucon`.`user_items`\G
INSERT INTO `user_items` VALUES (1167064,5412259060,3,20,2,1632245312,1632245312,NULL) /*... omitted ...*/\G

# Query 6: 0 QPS, 0x concurrency, ID 0xB6B9ED728E1332C1DD99773350309CB2 at byte 57870004
# Scores: V/M = 0.13
# Time range: all events occurred at 2026-09-24T22:52:18
# Attribute    pct   total     min     max     avg     95%  stddev  median
# ============ === ======= ======= ======= ======= ======= ======= =======
# Count          2       2
# Exec time      1   608ms   163ms   445ms   304ms   445ms   200ms   304ms
# Lock time      0       0       0       0       0       0       0       0
# Rows sent      0       0       0       0       0       0       0       0
# Rows examine   0       0       0       0       0       0       0       0
# Query size     2   1.73M 768.20k 1004.77k 886.48k 1004.77k 167.28k 886.48k
# String:
# Databases    isucon
# Hosts        localhost
# Users        isucon
# Query_time distribution
#   1us
#  10us
# 100us
#   1ms
#  10ms
# 100ms  ################################################################
#    1s
#  10s+
# Tables
#    SHOW TABLE STATUS FROM `isucon` LIKE 'user_login_bonuses'\G
#    SHOW CREATE TABLE `isucon`.`user_login_bonuses`\G
INSERT INTO `user_login_bonuses` VALUES (3134447,8767177037,4,7,1,1651978143,1654213748,NULL) /*... omitted ...*/\G
