
# 440ms user time, 60ms system time, 43.00M rss, 415.15G vsz
# Current date: Fri Sep 25 06:47:45 2026
# Hostname: YusukenoMac-mini.local
# Files: raw/mysql-slow-isucon-5.log
# Overall: 78 total, 10 unique, 2.69 QPS, 0.91x concurrency ______________
# Time range: 2026-09-24T21:43:43 to 2026-09-24T21:44:12
# Attribute          total     min     max     avg     95%  stddev  median
# ============     ======= ======= ======= ======= ======= ======= =======
# Exec time            26s   105ms      5s   339ms   393ms   638ms   219ms
# Lock time           17us       0    12us       0       0     1us       0
# Rows sent        912.79k       0 912.79k  11.70k       0  98.09k       0
# Rows examine       3.51M       0   3.51M  46.07k       0 403.74k       0
# Query size        72.47M      33 1008.95k 951.46k 961.27k 195.74k 961.27k

# Profile
# Rank Query ID                            Response time Calls R/Call V/M 
# ==== =================================== ============= ===== ====== ====
#    1 0x2096778F723F6666B5D7DDC9D01010C7  11.2661 42.6%    46 0.2449  0.01 INSERT user_cards
#    2 0x2AAA48FA76EDFA622A0836D7C5F9C509   5.0955 19.3%     1 5.0955  0.00 SELECT user_presents
#    3 0x79A889ED30BFA8BF517F86F6D70065B6   3.4978 13.2%     1 3.4978  0.00 LOAD DATA user_presents
#    4 0x4112BAFCAD857E650001A24863DBA0F1   3.0612 11.6%    15 0.2041  0.01 INSERT user_present_all_received_history
#    5 0x13D274D305314539C3CEC5658CA257A8   1.8011  6.8%     8 0.2251  0.02 INSERT user_items
#    6 0x4AC4DC057720031F4B675AC0EA8F5E72   0.5611  2.1%     2 0.2806  0.22 INSERT user_devices
# MISC 0xMISC                               1.1869  4.5%     5 0.2374   0.0 <4 ITEMS>

# Query 1: 3.83 QPS, 0.94x concurrency, ID 0x2096778F723F6666B5D7DDC9D01010C7 at byte 31957597
# Scores: V/M = 0.01
# Time range: 2026-09-24T21:43:44 to 2026-09-24T21:43:56
# Attribute    pct   total     min     max     avg     95%  stddev  median
# ============ === ======= ======= ======= ======= ======= ======= =======
# Count         58      46
# Exec time     42     11s   192ms   430ms   245ms   323ms    52ms   219ms
# Lock time      0       0       0       0       0       0       0       0
# Rows sent      0       0       0       0       0       0       0       0
# Rows examine   0       0       0       0       0       0       0       0
# Query size    62  45.18M 970.86k 1006.59k 1005.76k 961.27k       0 961.27k
# String:
# Databases    isucon
# Hosts        localhost
# Users        isucon
# Query_time distribution
#   1us
#  10us
# 100us
#   1ms
#  10ms
# 100ms  ################################################################
#    1s
#  10s+
# Tables
#    SHOW TABLE STATUS FROM `isucon` LIKE 'user_cards'\G
#    SHOW CREATE TABLE `isucon`.`user_cards`\G
INSERT INTO `user_cards` VALUES (67512817301,9011132552,4,130,26,928,1571090723,1571090723,NULL) /*... omitted ...*/\G

# Query 2: 0 QPS, 0x concurrency, ID 0x2AAA48FA76EDFA622A0836D7C5F9C509 at byte 76010982
# Scores: V/M = 0.00
# Time range: all events occurred at 2026-09-24T21:44:12
# Attribute    pct   total     min     max     avg     95%  stddev  median
# ============ === ======= ======= ======= ======= ======= ======= =======
# Count          1       1
# Exec time     19      5s      5s      5s      5s      5s       0      5s
# Lock time     11     2us     2us     2us     2us     2us       0     2us
# Rows sent    100 912.79k 912.79k 912.79k 912.79k 912.79k       0 912.79k
# Rows examine 100   3.51M   3.51M   3.51M   3.51M   3.51M       0   3.51M
# Query size     0     149     149     149     149     149       0     149
# String:
# Databases    isucon
# Hosts        localhost
# Users        isucon
# Query_time distribution
#   1us
#  10us
# 100us
#   1ms
#  10ms
# 100ms
#    1s  ################################################################
#  10s+
# Tables
#    SHOW TABLE STATUS FROM `isucon` LIKE 'user_presents'\G
#    SHOW CREATE TABLE `isucon`.`user_presents`\G
# EXPLAIN /*!50100 PARTITIONS*/
SELECT * FROM user_presents WHERE id<=100000000000 AND user_id>0 AND
		((user_id-1) % 5 = 4 OR ((user_id-1) % 5 = 0 AND ((user_id-1) DIV 5) % 4 = 3))\G

# Query 3: 0 QPS, 0x concurrency, ID 0x79A889ED30BFA8BF517F86F6D70065B6 at byte 76010634
# Scores: V/M = 0.00
# Time range: all events occurred at 2026-09-24T21:44:06
# Attribute    pct   total     min     max     avg     95%  stddev  median
# ============ === ======= ======= ======= ======= ======= ======= =======
# Count          1       1
# Exec time     13      3s      3s      3s      3s      3s       0      3s
# Lock time     17     3us     3us     3us     3us     3us       0     3us
# Rows sent      0       0       0       0       0       0       0       0
# Rows examine   0       0       0       0       0       0       0       0
# Query size     0     146     146     146     146     146       0     146
# String:
# Databases    isucon
# Hosts        localhost
# Users        isucon
# Query_time distribution
#   1us
#  10us
# 100us
#   1ms
#  10ms
# 100ms
#    1s  ################################################################
#  10s+
# Tables
#    SHOW TABLE STATUS FROM `isucon` LIKE 'user_presents'\G
#    SHOW CREATE TABLE `isucon`.`user_presents`\G
LOAD DATA INFILE '/var/lib/mysql-files/5_user_presents_not_receive_data.tsv' REPLACE INTO TABLE user_presents FIELDS ESCAPED BY '|' IGNORE 1 LINES\G

# Query 4: 7.50 QPS, 1.53x concurrency, ID 0x4112BAFCAD857E650001A24863DBA0F1 at byte 59513062
# Scores: V/M = 0.01
# Time range: 2026-09-24T21:44:00 to 2026-09-24T21:44:02
# Attribute    pct   total     min     max     avg     95%  stddev  median
# ============ === ======= ======= ======= ======= ======= ======= =======
# Count         19      15
# Exec time     11      3s   163ms   384ms   204ms   241ms    52ms   180ms
# Lock time      0       0       0       0       0       0       0       0
# Rows sent      0       0       0       0       0       0       0       0
# Rows examine   0       0       0       0       0       0       0       0
# Query size    20  14.74M 1006.37k 1006.64k 1006.59k 961.27k       0 961.27k
# String:
# Databases    isucon
# Hosts        localhost
# Users        isucon
# Query_time distribution
#   1us
#  10us
# 100us
#   1ms
#  10ms
# 100ms  ################################################################
#    1s
#  10s+
# Tables
#    SHOW TABLE STATUS FROM `isucon` LIKE 'user_present_all_received_history'\G
#    SHOW CREATE TABLE `isucon`.`user_present_all_received_history`\G
INSERT INTO `user_present_all_received_history` VALUES (1148363,538842799,21,1635692400,1635692400,1635692400,NULL) /*... omitted ...*/\G

# Query 5: 4 QPS, 0.90x concurrency, ID 0x13D274D305314539C3CEC5658CA257A8 at byte 49758366
# Scores: V/M = 0.02
# Time range: 2026-09-24T21:43:57 to 2026-09-24T21:43:59
# Attribute    pct   total     min     max     avg     95%  stddev  median
# ============ === ======= ======= ======= ======= ======= ======= =======
# Count         10       8
# Exec time      6      2s   143ms   387ms   225ms   374ms    64ms   198ms
# Lock time      0       0       0       0       0       0       0       0
# Rows sent      0       0       0       0       0       0       0       0
# Rows examine   0       0       0       0       0       0       0       0
# Query size    10   7.57M 716.14k 1005.06k 968.89k 961.27k  91.98k 961.27k
# String:
# Databases    isucon
# Hosts        localhost
# Users        isucon
# Query_time distribution
#   1us
#  10us
# 100us
#   1ms
#  10ms
# 100ms  ################################################################
#    1s
#  10s+
# Tables
#    SHOW TABLE STATUS FROM `isucon` LIKE 'user_items'\G
#    SHOW CREATE TABLE `isucon`.`user_items`\G
INSERT INTO `user_items` VALUES (1167064,5412259060,3,20,2,1632245312,1632245312,NULL) /*... omitted ...*/\G

# Query 6: 0 QPS, 0x concurrency, ID 0x4AC4DC057720031F4B675AC0EA8F5E72 at byte 48278206
# Scores: V/M = 0.22
# Time range: all events occurred at 2026-09-24T21:43:57
# Attribute    pct   total     min     max     avg     95%  stddev  median
# ============ === ======= ======= ======= ======= ======= ======= =======
# Count          2       2
# Exec time      2   561ms   105ms   456ms   281ms   456ms   248ms   281ms
# Lock time      0       0       0       0       0       0       0       0
# Rows sent      0       0       0       0       0       0       0       0
# Rows examine   0       0       0       0       0       0       0       0
# Query size     1   1.41M 436.13k 1008.95k 722.54k 1008.95k 405.05k 722.54k
# String:
# Databases    isucon
# Hosts        localhost
# Users        isucon
# Query_time distribution
#   1us
#  10us
# 100us
#   1ms
#  10ms
# 100ms  ################################################################
#    1s
#  10s+
# Tables
#    SHOW TABLE STATUS FROM `isucon` LIKE 'user_devices'\G
#    SHOW CREATE TABLE `isucon`.`user_devices`\G
INSERT INTO `user_devices` VALUES (38256,6994093262,'1c131378-9090-4353-a094-4db47df536ef',3,1638359002,1638359002,NULL) /*... omitted ...*/\G
