
# 420ms user time, 60ms system time, 40.67M rss, 415.15G vsz
# Current date: Fri Sep 25 06:47:45 2026
# Hostname: YusukenoMac-mini.local
# Files: raw/mysql-slow-isucon-1.log
# Overall: 76 total, 9 unique, 3.45 QPS, 0.88x concurrency _______________
# Time range: 2026-09-24T21:43:43 to 2026-09-24T21:44:05
# Attribute          total     min     max     avg     95%  stddev  median
# ============     ======= ======= ======= ======= ======= ======= =======
# Exec time            19s   109ms      3s   256ms   374ms   268ms   198ms
# Lock time           12us       0     9us       0       0     1us       0
# Rows sent              0       0       0       0       0       0       0
# Rows examine           0       0       0       0       0       0       0
# Query size        72.05M      33 1008.95k 970.76k 961.27k 157.88k 961.27k

# Profile
# Rank Query ID                            Response time Calls R/Call V/M 
# ==== =================================== ============= ===== ====== ====
#    1 0x2096778F723F6666B5D7DDC9D01010C7  10.5788 54.4%    46 0.2300  0.01 INSERT user_cards
#    2 0x4112BAFCAD857E650001A24863DBA0F1   3.0217 15.6%    15 0.2014  0.02 INSERT user_present_all_received_history
#    3 0x79A889ED30BFA8BF517F86F6D70065B6   2.5316 13.0%     1 2.5316  0.00 LOAD DATA user_presents
#    4 0x13D274D305314539C3CEC5658CA257A8   1.7151  8.8%     8 0.2144  0.02 INSERT user_items
#    5 0xB6B9ED728E1332C1DD99773350309CB2   0.5581  2.9%     2 0.2790  0.13 INSERT user_login_bonuses
#    6 0x4AC4DC057720031F4B675AC0EA8F5E72   0.4008  2.1%     1 0.4008  0.00 INSERT user_devices
# MISC 0xMISC                               0.6225  3.2%     3 0.2075   0.0 <3 ITEMS>

# Query 1: 4.18 QPS, 0.96x concurrency, ID 0x2096778F723F6666B5D7DDC9D01010C7 at byte 426
# Scores: V/M = 0.01
# Time range: 2026-09-24T21:43:44 to 2026-09-24T21:43:55
# Attribute    pct   total     min     max     avg     95%  stddev  median
# ============ === ======= ======= ======= ======= ======= ======= =======
# Count         60      46
# Exec time     54     11s   180ms   425ms   230ms   323ms    51ms   208ms
# Lock time      0       0       0       0       0       0       0       0
# Rows sent      0       0       0       0       0       0       0       0
# Rows examine   0       0       0       0       0       0       0       0
# Query size    62  45.18M 970.86k 1006.59k 1005.76k 961.27k       0 961.27k
# String:
# Databases    isucon
# Hosts        localhost
# Users        isucon
# Query_time distribution
#   1us
#  10us
# 100us
#   1ms
#  10ms
# 100ms  ################################################################
#    1s
#  10s+
# Tables
#    SHOW TABLE STATUS FROM `isucon` LIKE 'user_cards'\G
#    SHOW CREATE TABLE `isucon`.`user_cards`\G
INSERT INTO `user_cards` VALUES (1042148,9904038980,6,720,36,5336,1639932222,1639932222,NULL) /*... omitted ...*/\G

# Query 2: 5 QPS, 1.01x concurrency, ID 0x4112BAFCAD857E650001A24863DBA0F1 at byte 59066266
# Scores: V/M = 0.02
# Time range: 2026-09-24T21:43:59 to 2026-09-24T21:44:02
# Attribute    pct   total     min     max     avg     95%  stddev  median
# ============ === ======= ======= ======= ======= ======= ======= =======
# Count         19      15
# Exec time     15      3s   163ms   368ms   201ms   323ms    59ms   171ms
# Lock time      0       0       0       0       0       0       0       0
# Rows sent      0       0       0       0       0       0       0       0
# Rows examine   0       0       0       0       0       0       0       0
# Query size    20  14.74M 1006.37k 1006.64k 1006.59k 961.27k       0 961.27k
# String:
# Databases    isucon
# Hosts        localhost
# Users        isucon
# Query_time distribution
#   1us
#  10us
# 100us
#   1ms
#  10ms
# 100ms  ################################################################
#    1s
#  10s+
# Tables
#    SHOW TABLE STATUS FROM `isucon` LIKE 'user_present_all_received_history'\G
#    SHOW CREATE TABLE `isucon`.`user_present_all_received_history`\G
INSERT INTO `user_present_all_received_history` VALUES (1148363,538842799,21,1635692400,1635692400,1635692400,NULL) /*... omitted ...*/\G

# Query 3: 0 QPS, 0x concurrency, ID 0x79A889ED30BFA8BF517F86F6D70065B6 at byte 75563838
# Scores: V/M = 0.00
# Time range: all events occurred at 2026-09-24T21:44:05
# Attribute    pct   total     min     max     avg     95%  stddev  median
# ============ === ======= ======= ======= ======= ======= ======= =======
# Count          1       1
# Exec time     13      3s      3s      3s      3s      3s       0      3s
# Lock time     25     3us     3us     3us     3us     3us       0     3us
# Rows sent      0       0       0       0       0       0       0       0
# Rows examine   0       0       0       0       0       0       0       0
# Query size     0     146     146     146     146     146       0     146
# String:
# Databases    isucon
# Hosts        localhost
# Users        isucon
# Query_time distribution
#   1us
#  10us
# 100us
#   1ms
#  10ms
# 100ms
#    1s  ################################################################
#  10s+
# Tables
#    SHOW TABLE STATUS FROM `isucon` LIKE 'user_presents'\G
#    SHOW CREATE TABLE `isucon`.`user_presents`\G
LOAD DATA INFILE '/var/lib/mysql-files/5_user_presents_not_receive_data.tsv' REPLACE INTO TABLE user_presents FIELDS ESCAPED BY '|' IGNORE 1 LINES\G

# Query 4: 4 QPS, 0.86x concurrency, ID 0x13D274D305314539C3CEC5658CA257A8 at byte 49311570
# Scores: V/M = 0.02
# Time range: 2026-09-24T21:43:56 to 2026-09-24T21:43:58
# Attribute    pct   total     min     max     avg     95%  stddev  median
# ============ === ======= ======= ======= ======= ======= ======= =======
# Count         10       8
# Exec time      8      2s   135ms   391ms   214ms   374ms    66ms   203ms
# Lock time      0       0       0       0       0       0       0       0
# Rows sent      0       0       0       0       0       0       0       0
# Rows examine   0       0       0       0       0       0       0       0
# Query size    10   7.57M 716.14k 1005.06k 968.89k 961.27k  91.98k 961.27k
# String:
# Databases    isucon
# Hosts        localhost
# Users        isucon
# Query_time distribution
#   1us
#  10us
# 100us
#   1ms
#  10ms
# 100ms  ################################################################
#    1s
#  10s+
# Tables
#    SHOW TABLE STATUS FROM `isucon` LIKE 'user_items'\G
#    SHOW CREATE TABLE `isucon`.`user_items`\G
INSERT INTO `user_items` VALUES (1167064,5412259060,3,20,2,1632245312,1632245312,NULL) /*... omitted ...*/\G

# Query 5: 0 QPS, 0x concurrency, ID 0xB6B9ED728E1332C1DD99773350309CB2 at byte 57250344
# Scores: V/M = 0.13
# Time range: all events occurred at 2026-09-24T21:43:58
# Attribute    pct   total     min     max     avg     95%  stddev  median
# ============ === ======= ======= ======= ======= ======= ======= =======
# Count          2       2
# Exec time      2   558ms   142ms   416ms   279ms   416ms   194ms   279ms
# Lock time      0       0       0       0       0       0       0       0
# Rows sent      0       0       0       0       0       0       0       0
# Rows examine   0       0       0       0       0       0       0       0
# Query size     2   1.73M 768.20k 1004.77k 886.48k 1004.77k 167.28k 886.48k
# String:
# Databases    isucon
# Hosts        localhost
# Users        isucon
# Query_time distribution
#   1us
#  10us
# 100us
#   1ms
#  10ms
# 100ms  ################################################################
#    1s
#  10s+
# Tables
#    SHOW TABLE STATUS FROM `isucon` LIKE 'user_login_bonuses'\G
#    SHOW CREATE TABLE `isucon`.`user_login_bonuses`\G
INSERT INTO `user_login_bonuses` VALUES (3134447,8767177037,4,7,1,1651978143,1654213748,NULL) /*... omitted ...*/\G

# Query 6: 0 QPS, 0x concurrency, ID 0x4AC4DC057720031F4B675AC0EA8F5E72 at byte 48278206
# Scores: V/M = 0.00
# Time range: all events occurred at 2026-09-24T21:43:56
# Attribute    pct   total     min     max     avg     95%  stddev  median
# ============ === ======= ======= ======= ======= ======= ======= =======
# Count          1       1
# Exec time      2   401ms   401ms   401ms   401ms   401ms       0   401ms
# Lock time      0       0       0       0       0       0       0       0
# Rows sent      0       0       0       0       0       0       0       0
# Rows examine   0       0       0       0       0       0       0       0
# Query size     1 1008.95k 1008.95k 1008.95k 1008.95k 1008.95k       0 1008.95k
# String:
# Databases    isucon
# Hosts        localhost
# Users        isucon
# Query_time distribution
#   1us
#  10us
# 100us
#   1ms
#  10ms
# 100ms  ################################################################
#    1s
#  10s+
# Tables
#    SHOW TABLE STATUS FROM `isucon` LIKE 'user_devices'\G
#    SHOW CREATE TABLE `isucon`.`user_devices`\G
INSERT INTO `user_devices` VALUES (38256,6994093262,'1c131378-9090-4353-a094-4db47df536ef',3,1638359002,1638359002,NULL) /*... omitted ...*/\G
