task: Task "build-measurectl" is up to date
task: [profiles-collect] tools/measurectl/measurectl collect oneshot -group profiles -run-id 20260925-064334 -run-dir runs/20260925-064334 -ssh-user ubuntu -ssh-opts "-o UpdateHostKeys=no -o BatchMode=yes -o ConnectTimeout=10 -o ControlMaster=auto -o ControlPath=/tmp/.isucon-ssh-%C -o ControlPersist=600" -role all=isucon-1,isucon-2,isucon-3,isucon-4,isucon-5 -role app=isucon-1,isucon-2,isucon-3,isucon-4,isucon-5 -role app_traffic=isucon-2,isucon-3,isucon-4,isucon-5 -role nginx=isucon-1 -role entry=isucon-1 -role nginx_profile=isucon-1 -role mysql=isucon-1 -role mysql_all=isucon-1,isucon-2,isucon-3,isucon-4,isucon-5 -var services=isuconquest.go,nginx,mysql -var app_service=isuconquest.go -var pprof_base_url=http://127.0.0.1:6060/debug/pprof -var sql_pool_metrics_url=http://127.0.0.1:6060/debug/sql-pools -var profile_status_url=http://127.0.0.1:6060/debug/profiles/status -var profile_ready_timeout_seconds=15 -var fgprof_url=http://127.0.0.1:6060/debug/fgprof?seconds=240 -var profile_delay=0s -var snapshot_profile_delay=75s -var profile_seconds=240 -var profile_timeout_seconds=255
[isucon-1] runs/20260925-064334/isucon-1-go-allocs.pprof 取得
[isucon-1] runs/20260925-064334/isucon-1-go-heap.pprof 取得
[isucon-1] runs/20260925-064334/isucon-1-go-goroutine.pprof 取得
[isucon-4] runs/20260925-064334/isucon-4-go-allocs.pprof 取得
[isucon-5] runs/20260925-064334/isucon-5-go-goroutine.pprof 取得
[isucon-4] runs/20260925-064334/isucon-4-go-goroutine.pprof 取得
[isucon-5] runs/20260925-064334/isucon-5-go-heap.pprof 取得
[isucon-4] runs/20260925-064334/isucon-4-go-heap.pprof 取得
[isucon-5] runs/20260925-064334/isucon-5-go-allocs.pprof 取得
[isucon-2] runs/20260925-064334/isucon-2-go-goroutine.pprof 取得
[isucon-3] runs/20260925-064334/isucon-3-go-goroutine.pprof 取得
[isucon-2] runs/20260925-064334/isucon-2-go-heap.pprof 取得
[isucon-2] runs/20260925-064334/isucon-2-go-allocs.pprof 取得
[isucon-3] runs/20260925-064334/isucon-3-go-allocs.pprof 取得
[isucon-3] runs/20260925-064334/isucon-3-go-heap.pprof 取得
[isucon-1] runs/20260925-064334/isucon-1-fgprof.pprof 取得
[isucon-1] runs/20260925-064334/isucon-1-go-cpu.pprof 取得
[isucon-3] runs/20260925-064334/isucon-3-fgprof.pprof 取得
[isucon-4] runs/20260925-064334/isucon-4-fgprof.pprof 取得
[isucon-5] runs/20260925-064334/isucon-5-fgprof.pprof 取得
[isucon-4] runs/20260925-064334/isucon-4-go-cpu.pprof 取得
[isucon-3] runs/20260925-064334/isucon-3-go-cpu.pprof 取得
[isucon-5] runs/20260925-064334/isucon-5-go-cpu.pprof 取得
[isucon-2] runs/20260925-064334/isucon-2-fgprof.pprof 取得
[isucon-2] runs/20260925-064334/isucon-2-go-cpu.pprof 取得
