
# 430ms user time, 50ms system time, 41.83M rss, 415.15G vsz
# Current date: Fri Sep 25 16:02:31 2026
# Hostname: YusukenoMac-mini.local
# Files: raw/mysql-slow-isucon-1.log
# Overall: 77 total, 10 unique, 3.67 QPS, 0.89x concurrency ______________
# Time range: 2026-09-25T06:58:29 to 2026-09-25T06:58:50
# Attribute          total     min     max     avg     95%  stddev  median
# ============     ======= ======= ======= ======= ======= ======= =======
# Exec time            19s   107ms      2s   243ms   356ms   182ms   198ms
# Lock time           15us       0    12us       0       0     1us       0
# Rows sent              0       0       0       0       0       0       0
# Rows examine           0       0       0       0       0       0       0
# Query size        72.21M      33 1008.95k 960.35k 961.27k 179.03k 961.27k

# Profile
# Rank Query ID                            Response time Calls R/Call V/M 
# ==== =================================== ============= ===== ====== ====
#    1 0x2096778F723F6666B5D7DDC9D01010C7  10.7654 57.4%    46 0.2340  0.02 INSERT user_cards
#    2 0x4112BAFCAD857E650001A24863DBA0F1   2.8431 15.2%    15 0.1895  0.02 INSERT user_present_all_received_history
#    3 0x79A889ED30BFA8BF517F86F6D70065B6   1.7702  9.4%     1 1.7702  0.00 LOAD DATA user_presents
#    4 0x13D274D305314539C3CEC5658CA257A8   1.6223  8.7%     8 0.2028  0.02 INSERT user_items
#    5 0xB6B9ED728E1332C1DD99773350309CB2   0.5100  2.7%     2 0.2550  0.12 INSERT user_login_bonuses
#    6 0x4AC4DC057720031F4B675AC0EA8F5E72   0.4247  2.3%     1 0.4247  0.00 INSERT user_devices
# MISC 0xMISC                               0.8128  4.3%     4 0.2032   0.0 <4 ITEMS>

# Query 1: 4.18 QPS, 0.98x concurrency, ID 0x2096778F723F6666B5D7DDC9D01010C7 at byte 32130461
# Scores: V/M = 0.02
# Time range: 2026-09-25T06:58:31 to 2026-09-25T06:58:42
# Attribute    pct   total     min     max     avg     95%  stddev  median
# ============ === ======= ======= ======= ======= ======= ======= =======
# Count         59      46
# Exec time     57     11s   178ms   480ms   234ms   356ms    65ms   198ms
# Lock time      0       0       0       0       0       0       0       0
# Rows sent      0       0       0       0       0       0       0       0
# Rows examine   0       0       0       0       0       0       0       0
# Query size    62  45.18M 970.86k 1006.59k 1005.76k 961.27k       0 961.27k
# String:
# Databases    isucon
# Hosts        localhost
# Users        isucon
# Query_time distribution
#   1us
#  10us
# 100us
#   1ms
#  10ms
# 100ms  ################################################################
#    1s
#  10s+
# Tables
#    SHOW TABLE STATUS FROM `isucon` LIKE 'user_cards'\G
#    SHOW CREATE TABLE `isucon`.`user_cards`\G
INSERT INTO `user_cards` VALUES (67512817301,9011132552,4,130,26,928,1571090723,1571090723,NULL) /*... omitted ...*/\G

# Query 2: 5 QPS, 0.95x concurrency, ID 0x4112BAFCAD857E650001A24863DBA0F1 at byte 59239130
# Scores: V/M = 0.02
# Time range: 2026-09-25T06:58:45 to 2026-09-25T06:58:48
# Attribute    pct   total     min     max     avg     95%  stddev  median
# ============ === ======= ======= ======= ======= ======= ======= =======
# Count         19      15
# Exec time     15      3s   148ms   352ms   190ms   323ms    60ms   163ms
# Lock time      0       0       0       0       0       0       0       0
# Rows sent      0       0       0       0       0       0       0       0
# Rows examine   0       0       0       0       0       0       0       0
# Query size    20  14.74M 1006.37k 1006.64k 1006.59k 961.27k       0 961.27k
# String:
# Databases    isucon
# Hosts        localhost
# Users        isucon
# Query_time distribution
#   1us
#  10us
# 100us
#   1ms
#  10ms
# 100ms  ################################################################
#    1s
#  10s+
# Tables
#    SHOW TABLE STATUS FROM `isucon` LIKE 'user_present_all_received_history'\G
#    SHOW CREATE TABLE `isucon`.`user_present_all_received_history`\G
INSERT INTO `user_present_all_received_history` VALUES (1148363,538842799,21,1635692400,1635692400,1635692400,NULL) /*... omitted ...*/\G

# Query 3: 0 QPS, 0x concurrency, ID 0x79A889ED30BFA8BF517F86F6D70065B6 at byte 75736702
# Scores: V/M = 0.00
# Time range: all events occurred at 2026-09-25T06:58:50
# Attribute    pct   total     min     max     avg     95%  stddev  median
# ============ === ======= ======= ======= ======= ======= ======= =======
# Count          1       1
# Exec time      9      2s      2s      2s      2s      2s       0      2s
# Lock time     20     3us     3us     3us     3us     3us       0     3us
# Rows sent      0       0       0       0       0       0       0       0
# Rows examine   0       0       0       0       0       0       0       0
# Query size     0     146     146     146     146     146       0     146
# String:
# Databases    isucon
# Hosts        localhost
# Users        isucon
# Query_time distribution
#   1us
#  10us
# 100us
#   1ms
#  10ms
# 100ms
#    1s  ################################################################
#  10s+
# Tables
#    SHOW TABLE STATUS FROM `isucon` LIKE 'user_presents'\G
#    SHOW CREATE TABLE `isucon`.`user_presents`\G
LOAD DATA INFILE '/var/lib/mysql-files/5_user_presents_not_receive_data.tsv' REPLACE INTO TABLE user_presents FIELDS ESCAPED BY '|' IGNORE 1 LINES\G

# Query 4: 8 QPS, 1.62x concurrency, ID 0x13D274D305314539C3CEC5658CA257A8 at byte 49484434
# Scores: V/M = 0.02
# Time range: 2026-09-25T06:58:43 to 2026-09-25T06:58:44
# Attribute    pct   total     min     max     avg     95%  stddev  median
# ============ === ======= ======= ======= ======= ======= ======= =======
# Count         10       8
# Exec time      8      2s   141ms   363ms   203ms   356ms    62ms   180ms
# Lock time      0       0       0       0       0       0       0       0
# Rows sent      0       0       0       0       0       0       0       0
# Rows examine   0       0       0       0       0       0       0       0
# Query size    10   7.57M 716.14k 1005.06k 968.89k 961.27k  91.98k 961.27k
# String:
# Databases    isucon
# Hosts        localhost
# Users        isucon
# Query_time distribution
#   1us
#  10us
# 100us
#   1ms
#  10ms
# 100ms  ################################################################
#    1s
#  10s+
# Tables
#    SHOW TABLE STATUS FROM `isucon` LIKE 'user_items'\G
#    SHOW CREATE TABLE `isucon`.`user_items`\G
INSERT INTO `user_items` VALUES (1167064,5412259060,3,20,2,1632245312,1632245312,NULL) /*... omitted ...*/\G

# Query 5: 0 QPS, 0x concurrency, ID 0xB6B9ED728E1332C1DD99773350309CB2 at byte 57423208
# Scores: V/M = 0.12
# Time range: all events occurred at 2026-09-25T06:58:45
# Attribute    pct   total     min     max     avg     95%  stddev  median
# ============ === ======= ======= ======= ======= ======= ======= =======
# Count          2       2
# Exec time      2   510ms   132ms   378ms   255ms   378ms   174ms   255ms
# Lock time      0       0       0       0       0       0       0       0
# Rows sent      0       0       0       0       0       0       0       0
# Rows examine   0       0       0       0       0       0       0       0
# Query size     2   1.73M 768.20k 1004.77k 886.48k 1004.77k 167.28k 886.48k
# String:
# Databases    isucon
# Hosts        localhost
# Users        isucon
# Query_time distribution
#   1us
#  10us
# 100us
#   1ms
#  10ms
# 100ms  ################################################################
#    1s
#  10s+
# Tables
#    SHOW TABLE STATUS FROM `isucon` LIKE 'user_login_bonuses'\G
#    SHOW CREATE TABLE `isucon`.`user_login_bonuses`\G
INSERT INTO `user_login_bonuses` VALUES (3134447,8767177037,4,7,1,1651978143,1654213748,NULL) /*... omitted ...*/\G

# Query 6: 0 QPS, 0x concurrency, ID 0x4AC4DC057720031F4B675AC0EA8F5E72 at byte 48451070
# Scores: V/M = 0.00
# Time range: all events occurred at 2026-09-25T06:58:42
# Attribute    pct   total     min     max     avg     95%  stddev  median
# ============ === ======= ======= ======= ======= ======= ======= =======
# Count          1       1
# Exec time      2   425ms   425ms   425ms   425ms   425ms       0   425ms
# Lock time      0       0       0       0       0       0       0       0
# Rows sent      0       0       0       0       0       0       0       0
# Rows examine   0       0       0       0       0       0       0       0
# Query size     1 1008.95k 1008.95k 1008.95k 1008.95k 1008.95k       0 1008.95k
# String:
# Databases    isucon
# Hosts        localhost
# Users        isucon
# Query_time distribution
#   1us
#  10us
# 100us
#   1ms
#  10ms
# 100ms  ################################################################
#    1s
#  10s+
# Tables
#    SHOW TABLE STATUS FROM `isucon` LIKE 'user_devices'\G
#    SHOW CREATE TABLE `isucon`.`user_devices`\G
INSERT INTO `user_devices` VALUES (38256,6994093262,'1c131378-9090-4353-a094-4db47df536ef',3,1638359002,1638359002,NULL) /*... omitted ...*/\G
