
# 450ms user time, 50ms system time, 42.17M rss, 415.15G vsz
# Current date: Fri Sep 25 05:32:43 2026
# Hostname: YusukenoMac-mini.local
# Files: raw/mysql-slow-isucon-1.log
# Overall: 349 total, 15 unique, 4.11 QPS, 0.80x concurrency _____________
# Time range: 2026-09-24T20:28:41 to 2026-09-24T20:30:06
# Attribute          total     min     max     avg     95%  stddev  median
# ============     ======= ======= ======= ======= ======= ======= =======
# Exec time            68s   100ms      3s   196ms   323ms   170ms   163ms
# Lock time            1ms       0   459us     2us     1us    24us     1us
# Rows sent        140.17k       0     653  411.26  621.67  263.86  621.67
# Rows examine     280.33k       0   1.28k  822.52   1.26k  528.06   1.20k
# Query size        72.40M      33 1008.95k 212.42k 961.27k 389.76k  102.22

# Profile
# Rank Query ID                            Response time Calls R/Call V/M 
# ==== =================================== ============= ===== ====== ====
#    1 0x1CE12E6E67384F76ADA46506605DEB64  45.7783 67.0%   254 0.1802  0.03 SELECT user_presents
#    2 0x2096778F723F6666B5D7DDC9D01010C7  10.5475 15.4%    46 0.2293  0.02 INSERT user_cards
#    3 0x79A889ED30BFA8BF517F86F6D70065B6   3.1257  4.6%     1 3.1257  0.00 LOAD DATA user_presents
#    4 0x4112BAFCAD857E650001A24863DBA0F1   2.9133  4.3%    15 0.1942  0.01 INSERT user_present_all_received_history
#    5 0x13D274D305314539C3CEC5658CA257A8   1.6607  2.4%     8 0.2076  0.02 INSERT user_items
#    6 0x8D9DA157C2CD4A986F812C6D0C44CB11   1.4865  2.2%    10 0.1486  0.01 SELECT user_cards
# MISC 0xMISC                               2.8360  4.1%    15 0.1891   0.0 <9 ITEMS>

# Query 1: 6.35 QPS, 1.14x concurrency, ID 0x1CE12E6E67384F76ADA46506605DEB64 at byte 75676291
# Scores: V/M = 0.03
# Time range: 2026-09-24T20:29:26 to 2026-09-24T20:30:06
# Attribute    pct   total     min     max     avg     95%  stddev  median
# ============ === ======= ======= ======= ======= ======= ======= =======
# Count         72     254
# Exec time     66     46s   100ms   468ms   180ms   323ms    72ms   148ms
# Lock time     96   984us       0   459us     3us     1us    28us     1us
# Rows sent     99 138.96k     116     653  560.21  621.67  132.54  621.67
# Rows examine  99 277.92k     232   1.28k   1.09k   1.26k  266.00   1.20k
# Query size     0  26.01k     102     105  104.88  102.22    0.30  102.22
# String:
# Databases    isucon
# Hosts        localhost
# Users        isucon
# Query_time distribution
#   1us
#  10us
# 100us
#   1ms
#  10ms
# 100ms  ################################################################
#    1s
#  10s+
# Tables
#    SHOW TABLE STATUS FROM `isucon` LIKE 'user_presents'\G
#    SHOW CREATE TABLE `isucon`.`user_presents`\G
# EXPLAIN /*!50100 PARTITIONS*/
SELECT * FROM user_presents WHERE user_id=3034070511 AND id<=100000000000 ORDER BY created_at DESC,id ASC\G

# Query 2: 4.18 QPS, 0.96x concurrency, ID 0x2096778F723F6666B5D7DDC9D01010C7 at byte 31957597
# Scores: V/M = 0.02
# Time range: 2026-09-24T20:28:42 to 2026-09-24T20:28:53
# Attribute    pct   total     min     max     avg     95%  stddev  median
# ============ === ======= ======= ======= ======= ======= ======= =======
# Count         13      46
# Exec time     15     11s   178ms   545ms   229ms   323ms    66ms   208ms
# Lock time      0       0       0       0       0       0       0       0
# Rows sent      0       0       0       0       0       0       0       0
# Rows examine   0       0       0       0       0       0       0       0
# Query size    62  45.18M 970.86k 1006.59k 1005.76k 961.27k       0 961.27k
# String:
# Databases    isucon
# Hosts        localhost
# Users        isucon
# Query_time distribution
#   1us
#  10us
# 100us
#   1ms
#  10ms
# 100ms  ################################################################
#    1s
#  10s+
# Tables
#    SHOW TABLE STATUS FROM `isucon` LIKE 'user_cards'\G
#    SHOW CREATE TABLE `isucon`.`user_cards`\G
INSERT INTO `user_cards` VALUES (67512817301,9011132552,4,130,26,928,1571090723,1571090723,NULL) /*... omitted ...*/\G

# Query 3: 0 QPS, 0x concurrency, ID 0x79A889ED30BFA8BF517F86F6D70065B6 at byte 75563838
# Scores: V/M = 0.00
# Time range: all events occurred at 2026-09-24T20:29:03
# Attribute    pct   total     min     max     avg     95%  stddev  median
# ============ === ======= ======= ======= ======= ======= ======= =======
# Count          0       1
# Exec time      4      3s      3s      3s      3s      3s       0      3s
# Lock time      0     2us     2us     2us     2us     2us       0     2us
# Rows sent      0       0       0       0       0       0       0       0
# Rows examine   0       0       0       0       0       0       0       0
# Query size     0     146     146     146     146     146       0     146
# String:
# Databases    isucon
# Hosts        localhost
# Users        isucon
# Query_time distribution
#   1us
#  10us
# 100us
#   1ms
#  10ms
# 100ms
#    1s  ################################################################
#  10s+
# Tables
#    SHOW TABLE STATUS FROM `isucon` LIKE 'user_presents'\G
#    SHOW CREATE TABLE `isucon`.`user_presents`\G
LOAD DATA INFILE '/var/lib/mysql-files/5_user_presents_not_receive_data.tsv' REPLACE INTO TABLE user_presents FIELDS ESCAPED BY '|' IGNORE 1 LINES\G

# Query 4: 5 QPS, 0.97x concurrency, ID 0x4112BAFCAD857E650001A24863DBA0F1 at byte 59066266
# Scores: V/M = 0.01
# Time range: 2026-09-24T20:28:56 to 2026-09-24T20:28:59
# Attribute    pct   total     min     max     avg     95%  stddev  median
# ============ === ======= ======= ======= ======= ======= ======= =======
# Count          4      15
# Exec time      4      3s   151ms   354ms   194ms   241ms    51ms   163ms
# Lock time      0       0       0       0       0       0       0       0
# Rows sent      0       0       0       0       0       0       0       0
# Rows examine   0       0       0       0       0       0       0       0
# Query size    20  14.74M 1006.37k 1006.64k 1006.59k 961.27k       0 961.27k
# String:
# Databases    isucon
# Hosts        localhost
# Users        isucon
# Query_time distribution
#   1us
#  10us
# 100us
#   1ms
#  10ms
# 100ms  ################################################################
#    1s
#  10s+
# Tables
#    SHOW TABLE STATUS FROM `isucon` LIKE 'user_present_all_received_history'\G
#    SHOW CREATE TABLE `isucon`.`user_present_all_received_history`\G
INSERT INTO `user_present_all_received_history` VALUES (1148363,538842799,21,1635692400,1635692400,1635692400,NULL) /*... omitted ...*/\G

# Query 5: 4 QPS, 0.83x concurrency, ID 0x13D274D305314539C3CEC5658CA257A8 at byte 49311570
# Scores: V/M = 0.02
# Time range: 2026-09-24T20:28:54 to 2026-09-24T20:28:56
# Attribute    pct   total     min     max     avg     95%  stddev  median
# ============ === ======= ======= ======= ======= ======= ======= =======
# Count          2       8
# Exec time      2      2s   167ms   365ms   208ms   356ms    60ms   180ms
# Lock time      0       0       0       0       0       0       0       0
# Rows sent      0       0       0       0       0       0       0       0
# Rows examine   0       0       0       0       0       0       0       0
# Query size    10   7.57M 716.14k 1005.06k 968.89k 961.27k  91.98k 961.27k
# String:
# Databases    isucon
# Hosts        localhost
# Users        isucon
# Query_time distribution
#   1us
#  10us
# 100us
#   1ms
#  10ms
# 100ms  ################################################################
#    1s
#  10s+
# Tables
#    SHOW TABLE STATUS FROM `isucon` LIKE 'user_items'\G
#    SHOW CREATE TABLE `isucon`.`user_items`\G
INSERT INTO `user_items` VALUES (1167064,5412259060,3,20,2,1632245312,1632245312,NULL) /*... omitted ...*/\G

# Query 6: 0.31 QPS, 0.05x concurrency, ID 0x8D9DA157C2CD4A986F812C6D0C44CB11 at byte 75573669
# Scores: V/M = 0.01
# Time range: 2026-09-24T20:29:27 to 2026-09-24T20:29:59
# Attribute    pct   total     min     max     avg     95%  stddev  median
# ============ === ======= ======= ======= ======= ======= ======= =======
# Count          2      10
# Exec time      2      1s   101ms   234ms   149ms   208ms    41ms   134ms
# Lock time      1    12us     1us     2us     1us     1us       0     1us
# Rows sent      0   1.19k      68     148  122.10  143.84   28.24  130.47
# Rows examine   0   2.38k     136     296  244.20  284.79   54.77  258.32
# Query size     0     610      61      61      61      61       0      61
# String:
# Databases    isucon
# Hosts        localhost
# Users        isucon
# Query_time distribution
#   1us
#  10us
# 100us
#   1ms
#  10ms
# 100ms  ################################################################
#    1s
#  10s+
# Tables
#    SHOW TABLE STATUS FROM `isucon` LIKE 'user_cards'\G
#    SHOW CREATE TABLE `isucon`.`user_cards`\G
# EXPLAIN /*!50100 PARTITIONS*/
SELECT * FROM user_cards WHERE user_id=3369994866 ORDER BY id\G
