
# 460ms user time, 70ms system time, 28.92M rss, 415.15G vsz
# Current date: Fri Sep 25 14:33:33 2026
# Hostname: YusukenoMac-mini.local
# Files: raw/mysql-slow-isucon-4.log
# Overall: 81 total, 13 unique, 3.12 QPS, 0.93x concurrency ______________
# Time range: 2026-09-25T05:29:31 to 2026-09-25T05:29:57
# Attribute          total     min     max     avg     95%  stddev  median
# ============     ======= ======= ======= ======= ======= ======= =======
# Exec time            24s   119ms      5s   300ms   356ms   553ms   198ms
# Lock time           16us       0     8us       0     1us       0       0
# Rows sent          1.19M       0 939.85k  15.06k       0 102.96k       0
# Rows examine       4.56M       0   3.51M  57.65k       0 402.96k       0
# Query size        72.39M      33 1008.95k 915.19k 961.27k 259.47k 961.27k

# Profile
# Rank Query ID                            Response time Calls R/Call V/M 
# ==== =================================== ============= ===== ====== ====
#    1 0x2096778F723F6666B5D7DDC9D01010C7  10.3583 42.7%    46 0.2252  0.01 INSERT user_cards
#    2 0x2AAA48FA76EDFA622A0836D7C5F9C509   5.0036 20.6%     1 5.0036  0.00 SELECT user_presents
#    3 0x4112BAFCAD857E650001A24863DBA0F1   2.8720 11.8%    16 0.1795  0.01 INSERT user_present_all_received_history
#    4 0x79A889ED30BFA8BF517F86F6D70065B6   1.7106  7.0%     1 1.7106  0.00 LOAD DATA user_presents
#    5 0x13D274D305314539C3CEC5658CA257A8   1.7002  7.0%     8 0.2125  0.03 INSERT user_items
#    6 0x2B336EABF85109AFA95C9CC70452C0DD   0.6862  2.8%     1 0.6862  0.00 SELECT user_cards
#    7 0xB6B9ED728E1332C1DD99773350309CB2   0.5133  2.1%     2 0.2567  0.10 INSERT user_login_bonuses
#    8 0x4AC4DC057720031F4B675AC0EA8F5E72   0.3997  1.6%     1 0.3997  0.00 INSERT user_devices
# MISC 0xMISC                               1.0209  4.2%     5 0.2042   0.0 <5 ITEMS>

# Query 1: 4.18 QPS, 0.94x concurrency, ID 0x2096778F723F6666B5D7DDC9D01010C7 at byte 43297690
# Scores: V/M = 0.01
# Time range: 2026-09-25T05:29:32 to 2026-09-25T05:29:43
# Attribute    pct   total     min     max     avg     95%  stddev  median
# ============ === ======= ======= ======= ======= ======= ======= =======
# Count         56      46
# Exec time     42     10s   178ms   371ms   225ms   308ms    45ms   208ms
# Lock time      0       0       0       0       0       0       0       0
# Rows sent      0       0       0       0       0       0       0       0
# Rows examine   0       0       0       0       0       0       0       0
# Query size    62  45.18M 970.86k 1006.59k 1005.76k 961.27k       0 961.27k
# String:
# Databases    isucon
# Hosts        localhost
# Users        isucon
# Query_time distribution
#   1us
#  10us
# 100us
#   1ms
#  10ms
# 100ms  ################################################################
#    1s
#  10s+
# Tables
#    SHOW TABLE STATUS FROM `isucon` LIKE 'user_cards'\G
#    SHOW CREATE TABLE `isucon`.`user_cards`\G
INSERT INTO `user_cards` VALUES (91387793997,2388754397,6,540,27,1010,1563994530,1563994530,NULL) /*... omitted ...*/\G

# Query 2: 0 QPS, 0x concurrency, ID 0x2AAA48FA76EDFA622A0836D7C5F9C509 at byte 75924748
# Scores: V/M = 0.00
# Time range: all events occurred at 2026-09-25T05:29:56
# Attribute    pct   total     min     max     avg     95%  stddev  median
# ============ === ======= ======= ======= ======= ======= ======= =======
# Count          1       1
# Exec time     20      5s      5s      5s      5s      5s       0      5s
# Lock time      6     1us     1us     1us     1us     1us       0     1us
# Rows sent     77 939.85k 939.85k 939.85k 939.85k 939.85k       0 939.85k
# Rows examine  76   3.51M   3.51M   3.51M   3.51M   3.51M       0   3.51M
# Query size     0     149     149     149     149     149       0     149
# String:
# Databases    isucon
# Hosts        localhost
# Users        isucon
# Query_time distribution
#   1us
#  10us
# 100us
#   1ms
#  10ms
# 100ms
#    1s  ################################################################
#  10s+
# Tables
#    SHOW TABLE STATUS FROM `isucon` LIKE 'user_presents'\G
#    SHOW CREATE TABLE `isucon`.`user_presents`\G
# EXPLAIN /*!50100 PARTITIONS*/
SELECT * FROM user_presents WHERE id<=100000000000 AND user_id>0 AND
		((user_id-1) % 5 = 3 OR ((user_id-1) % 5 = 0 AND ((user_id-1) DIV 5) % 4 = 2))\G

# Query 3: 5.33 QPS, 0.96x concurrency, ID 0x4112BAFCAD857E650001A24863DBA0F1 at byte 59066266
# Scores: V/M = 0.01
# Time range: 2026-09-25T05:29:46 to 2026-09-25T05:29:49
# Attribute    pct   total     min     max     avg     95%  stddev  median
# ============ === ======= ======= ======= ======= ======= ======= =======
# Count         19      16
# Exec time     11      3s   154ms   364ms   180ms   180ms    47ms   163ms
# Lock time      0       0       0       0       0       0       0       0
# Rows sent      0       0       0       0       0       0       0       0
# Rows examine   0       0       0       0       0       0       0       0
# Query size    20  15.09M 351.91k 1006.64k 965.67k 961.27k 149.16k 961.27k
# String:
# Databases    isucon
# Hosts        localhost
# Users        isucon
# Query_time distribution
#   1us
#  10us
# 100us
#   1ms
#  10ms
# 100ms  ################################################################
#    1s
#  10s+
# Tables
#    SHOW TABLE STATUS FROM `isucon` LIKE 'user_present_all_received_history'\G
#    SHOW CREATE TABLE `isucon`.`user_present_all_received_history`\G
INSERT INTO `user_present_all_received_history` VALUES (1148363,538842799,21,1635692400,1635692400,1635692400,NULL) /*... omitted ...*/\G

# Query 4: 0 QPS, 0x concurrency, ID 0x79A889ED30BFA8BF517F86F6D70065B6 at byte 75924400
# Scores: V/M = 0.00
# Time range: all events occurred at 2026-09-25T05:29:51
# Attribute    pct   total     min     max     avg     95%  stddev  median
# ============ === ======= ======= ======= ======= ======= ======= =======
# Count          1       1
# Exec time      7      2s      2s      2s      2s      2s       0      2s
# Lock time     12     2us     2us     2us     2us     2us       0     2us
# Rows sent      0       0       0       0       0       0       0       0
# Rows examine   0       0       0       0       0       0       0       0
# Query size     0     146     146     146     146     146       0     146
# String:
# Databases    isucon
# Hosts        localhost
# Users        isucon
# Query_time distribution
#   1us
#  10us
# 100us
#   1ms
#  10ms
# 100ms
#    1s  ################################################################
#  10s+
# Tables
#    SHOW TABLE STATUS FROM `isucon` LIKE 'user_presents'\G
#    SHOW CREATE TABLE `isucon`.`user_presents`\G
LOAD DATA INFILE '/var/lib/mysql-files/5_user_presents_not_receive_data.tsv' REPLACE INTO TABLE user_presents FIELDS ESCAPED BY '|' IGNORE 1 LINES\G

# Query 5: 8 QPS, 1.70x concurrency, ID 0x13D274D305314539C3CEC5658CA257A8 at byte 49311570
# Scores: V/M = 0.03
# Time range: 2026-09-25T05:29:44 to 2026-09-25T05:29:45
# Attribute    pct   total     min     max     avg     95%  stddev  median
# ============ === ======= ======= ======= ======= ======= ======= =======
# Count          9       8
# Exec time      7      2s   135ms   406ms   213ms   393ms    74ms   189ms
# Lock time      0       0       0       0       0       0       0       0
# Rows sent      0       0       0       0       0       0       0       0
# Rows examine   0       0       0       0       0       0       0       0
# Query size    10   7.57M 716.14k 1005.06k 968.89k 961.27k  91.98k 961.27k
# String:
# Databases    isucon
# Hosts        localhost
# Users        isucon
# Query_time distribution
#   1us
#  10us
# 100us
#   1ms
#  10ms
# 100ms  ################################################################
#    1s
#  10s+
# Tables
#    SHOW TABLE STATUS FROM `isucon` LIKE 'user_items'\G
#    SHOW CREATE TABLE `isucon`.`user_items`\G
INSERT INTO `user_items` VALUES (1167064,5412259060,3,20,2,1632245312,1632245312,NULL) /*... omitted ...*/\G

# Query 6: 0 QPS, 0x concurrency, ID 0x2B336EABF85109AFA95C9CC70452C0DD at byte 75925465
# Scores: V/M = 0.00
# Time range: all events occurred at 2026-09-25T05:29:57
# Attribute    pct   total     min     max     avg     95%  stddev  median
# ============ === ======= ======= ======= ======= ======= ======= =======
# Count          1       1
# Exec time      2   686ms   686ms   686ms   686ms   686ms       0   686ms
# Lock time     12     2us     2us     2us     2us     2us       0     2us
# Rows sent     15 185.45k 185.45k 185.45k 185.45k 185.45k       0 185.45k
# Rows examine  15 709.13k 709.13k 709.13k 709.13k 709.13k       0 709.13k
# Query size     0     121     121     121     121     121       0     121
# String:
# Databases    isucon
# Hosts        localhost
# Users        isucon
# Query_time distribution
#   1us
#  10us
# 100us
#   1ms
#  10ms
# 100ms  ################################################################
#    1s
#  10s+
# Tables
#    SHOW TABLE STATUS FROM `isucon` LIKE 'user_cards'\G
#    SHOW CREATE TABLE `isucon`.`user_cards`\G
# EXPLAIN /*!50100 PARTITIONS*/
SELECT * FROM user_cards WHERE ((user_id-1) % 5 = 3 OR ((user_id-1) % 5 = 0 AND ((user_id-1) DIV 5) % 4 = 2)) ORDER BY id\G

# Query 7: 0 QPS, 0x concurrency, ID 0xB6B9ED728E1332C1DD99773350309CB2 at byte 57250344
# Scores: V/M = 0.10
# Time range: all events occurred at 2026-09-25T05:29:46
# Attribute    pct   total     min     max     avg     95%  stddev  median
# ============ === ======= ======= ======= ======= ======= ======= =======
# Count          2       2
# Exec time      2   513ms   143ms   370ms   257ms   370ms   161ms   257ms
# Lock time      0       0       0       0       0       0       0       0
# Rows sent      0       0       0       0       0       0       0       0
# Rows examine   0       0       0       0       0       0       0       0
# Query size     2   1.73M 768.20k 1004.77k 886.48k 1004.77k 167.28k 886.48k
# String:
# Databases    isucon
# Hosts        localhost
# Users        isucon
# Query_time distribution
#   1us
#  10us
# 100us
#   1ms
#  10ms
# 100ms  ################################################################
#    1s
#  10s+
# Tables
#    SHOW TABLE STATUS FROM `isucon` LIKE 'user_login_bonuses'\G
#    SHOW CREATE TABLE `isucon`.`user_login_bonuses`\G
INSERT INTO `user_login_bonuses` VALUES (3134447,8767177037,4,7,1,1651978143,1654213748,NULL) /*... omitted ...*/\G

# Query 8: 0 QPS, 0x concurrency, ID 0x4AC4DC057720031F4B675AC0EA8F5E72 at byte 48278206
# Scores: V/M = 0.00
# Time range: all events occurred at 2026-09-25T05:29:43
# Attribute    pct   total     min     max     avg     95%  stddev  median
# ============ === ======= ======= ======= ======= ======= ======= =======
# Count          1       1
# Exec time      1   400ms   400ms   400ms   400ms   400ms       0   400ms
# Lock time      0       0       0       0       0       0       0       0
# Rows sent      0       0       0       0       0       0       0       0
# Rows examine   0       0       0       0       0       0       0       0
# Query size     1 1008.95k 1008.95k 1008.95k 1008.95k 1008.95k       0 1008.95k
# String:
# Databases    isucon
# Hosts        localhost
# Users        isucon
# Query_time distribution
#   1us
#  10us
# 100us
#   1ms
#  10ms
# 100ms  ################################################################
#    1s
#  10s+
# Tables
#    SHOW TABLE STATUS FROM `isucon` LIKE 'user_devices'\G
#    SHOW CREATE TABLE `isucon`.`user_devices`\G
INSERT INTO `user_devices` VALUES (38256,6994093262,'1c131378-9090-4353-a094-4db47df536ef',3,1638359002,1638359002,NULL) /*... omitted ...*/\G
