
# 470ms user time, 70ms system time, 31.95M rss, 415.15G vsz
# Current date: Fri Sep 25 14:33:33 2026
# Hostname: YusukenoMac-mini.local
# Files: raw/mysql-slow-isucon-1.log
# Overall: 78 total, 10 unique, 3.90 QPS, 0.92x concurrency ______________
# Time range: 2026-09-25T05:29:31 to 2026-09-25T05:29:51
# Attribute          total     min     max     avg     95%  stddev  median
# ============     ======= ======= ======= ======= ======= ======= =======
# Exec time            18s   107ms      2s   236ms   374ms   172ms   198ms
# Lock time           10us       0     8us       0       0       0       0
# Rows sent              0       0       0       0       0       0       0
# Rows examine           0       0       0       0       0       0       0
# Query size        72.56M      33 1008.95k 952.54k 961.27k 189.22k 961.27k

# Profile
# Rank Query ID                            Response time Calls R/Call V/M 
# ==== =================================== ============= ===== ====== ====
#    1 0x2096778F723F6666B5D7DDC9D01010C7  10.4267 56.8%    46 0.2267  0.01 INSERT user_cards
#    2 0x4112BAFCAD857E650001A24863DBA0F1   2.9543 16.1%    16 0.1846  0.03 INSERT user_present_all_received_history
#    3 0x79A889ED30BFA8BF517F86F6D70065B6   1.6885  9.2%     1 1.6885  0.00 LOAD DATA user_presents
#    4 0x13D274D305314539C3CEC5658CA257A8   1.6218  8.8%     8 0.2027  0.02 INSERT user_items
#    5 0xB6B9ED728E1332C1DD99773350309CB2   0.4963  2.7%     2 0.2482  0.10 INSERT user_login_bonuses
#    6 0x4AC4DC057720031F4B675AC0EA8F5E72   0.3838  2.1%     1 0.3838  0.00 INSERT user_devices
# MISC 0xMISC                               0.8004  4.4%     4 0.2001   0.0 <4 ITEMS>

# Query 1: 4.18 QPS, 0.95x concurrency, ID 0x2096778F723F6666B5D7DDC9D01010C7 at byte 20790390
# Scores: V/M = 0.01
# Time range: 2026-09-25T05:29:32 to 2026-09-25T05:29:43
# Attribute    pct   total     min     max     avg     95%  stddev  median
# ============ === ======= ======= ======= ======= ======= ======= =======
# Count         58      46
# Exec time     56     10s   177ms   451ms   227ms   308ms    54ms   198ms
# Lock time      0       0       0       0       0       0       0       0
# Rows sent      0       0       0       0       0       0       0       0
# Rows examine   0       0       0       0       0       0       0       0
# Query size    62  45.18M 970.86k 1006.59k 1005.76k 961.27k       0 961.27k
# String:
# Databases    isucon
# Hosts        localhost
# Users        isucon
# Query_time distribution
#   1us
#  10us
# 100us
#   1ms
#  10ms
# 100ms  ################################################################
#    1s
#  10s+
# Tables
#    SHOW TABLE STATUS FROM `isucon` LIKE 'user_cards'\G
#    SHOW CREATE TABLE `isucon`.`user_cards`\G
INSERT INTO `user_cards` VALUES (43657823296,2420246824,4,125,25,677,1585305743,1585305743,NULL) /*... omitted ...*/\G

# Query 2: 5.33 QPS, 0.98x concurrency, ID 0x4112BAFCAD857E650001A24863DBA0F1 at byte 69548480
# Scores: V/M = 0.03
# Time range: 2026-09-25T05:29:46 to 2026-09-25T05:29:49
# Attribute    pct   total     min     max     avg     95%  stddev  median
# ============ === ======= ======= ======= ======= ======= ======= =======
# Count         20      16
# Exec time     16      3s   145ms   392ms   185ms   374ms    74ms   148ms
# Lock time      0       0       0       0       0       0       0       0
# Rows sent      0       0       0       0       0       0       0       0
# Rows examine   0       0       0       0       0       0       0       0
# Query size    20  15.09M 351.91k 1006.64k 965.67k 961.27k 149.16k 961.27k
# String:
# Databases    isucon
# Hosts        localhost
# Users        isucon
# Query_time distribution
#   1us
#  10us
# 100us
#   1ms
#  10ms
# 100ms  ################################################################
#    1s
#  10s+
# Tables
#    SHOW TABLE STATUS FROM `isucon` LIKE 'user_present_all_received_history'\G
#    SHOW CREATE TABLE `isucon`.`user_present_all_received_history`\G
INSERT INTO `user_present_all_received_history` VALUES (65297480445,7793497503,17,1625065200,1625065200,1625065200,NULL) /*... omitted ...*/\G

# Query 3: 0 QPS, 0x concurrency, ID 0x79A889ED30BFA8BF517F86F6D70065B6 at byte 76097264
# Scores: V/M = 0.00
# Time range: all events occurred at 2026-09-25T05:29:51
# Attribute    pct   total     min     max     avg     95%  stddev  median
# ============ === ======= ======= ======= ======= ======= ======= =======
# Count          1       1
# Exec time      9      2s      2s      2s      2s      2s       0      2s
# Lock time     20     2us     2us     2us     2us     2us       0     2us
# Rows sent      0       0       0       0       0       0       0       0
# Rows examine   0       0       0       0       0       0       0       0
# Query size     0     146     146     146     146     146       0     146
# String:
# Databases    isucon
# Hosts        localhost
# Users        isucon
# Query_time distribution
#   1us
#  10us
# 100us
#   1ms
#  10ms
# 100ms
#    1s  ################################################################
#  10s+
# Tables
#    SHOW TABLE STATUS FROM `isucon` LIKE 'user_presents'\G
#    SHOW CREATE TABLE `isucon`.`user_presents`\G
LOAD DATA INFILE '/var/lib/mysql-files/5_user_presents_not_receive_data.tsv' REPLACE INTO TABLE user_presents FIELDS ESCAPED BY '|' IGNORE 1 LINES\G

# Query 4: 8 QPS, 1.62x concurrency, ID 0x13D274D305314539C3CEC5658CA257A8 at byte 49484434
# Scores: V/M = 0.02
# Time range: 2026-09-25T05:29:44 to 2026-09-25T05:29:45
# Attribute    pct   total     min     max     avg     95%  stddev  median
# ============ === ======= ======= ======= ======= ======= ======= =======
# Count         10       8
# Exec time      8      2s   125ms   386ms   203ms   374ms    70ms   180ms
# Lock time      0       0       0       0       0       0       0       0
# Rows sent      0       0       0       0       0       0       0       0
# Rows examine   0       0       0       0       0       0       0       0
# Query size    10   7.57M 716.14k 1005.06k 968.89k 961.27k  91.98k 961.27k
# String:
# Databases    isucon
# Hosts        localhost
# Users        isucon
# Query_time distribution
#   1us
#  10us
# 100us
#   1ms
#  10ms
# 100ms  ################################################################
#    1s
#  10s+
# Tables
#    SHOW TABLE STATUS FROM `isucon` LIKE 'user_items'\G
#    SHOW CREATE TABLE `isucon`.`user_items`\G
INSERT INTO `user_items` VALUES (1167064,5412259060,3,20,2,1632245312,1632245312,NULL) /*... omitted ...*/\G

# Query 5: 2 QPS, 0.50x concurrency, ID 0xB6B9ED728E1332C1DD99773350309CB2 at byte 57423208
# Scores: V/M = 0.10
# Time range: 2026-09-25T05:29:45 to 2026-09-25T05:29:46
# Attribute    pct   total     min     max     avg     95%  stddev  median
# ============ === ======= ======= ======= ======= ======= ======= =======
# Count          2       2
# Exec time      2   496ms   134ms   362ms   248ms   362ms   161ms   248ms
# Lock time      0       0       0       0       0       0       0       0
# Rows sent      0       0       0       0       0       0       0       0
# Rows examine   0       0       0       0       0       0       0       0
# Query size     2   1.73M 768.20k 1004.77k 886.48k 1004.77k 167.28k 886.48k
# String:
# Databases    isucon
# Hosts        localhost
# Users        isucon
# Query_time distribution
#   1us
#  10us
# 100us
#   1ms
#  10ms
# 100ms  ################################################################
#    1s
#  10s+
# Tables
#    SHOW TABLE STATUS FROM `isucon` LIKE 'user_login_bonuses'\G
#    SHOW CREATE TABLE `isucon`.`user_login_bonuses`\G
INSERT INTO `user_login_bonuses` VALUES (3134447,8767177037,4,7,1,1651978143,1654213748,NULL) /*... omitted ...*/\G

# Query 6: 0 QPS, 0x concurrency, ID 0x4AC4DC057720031F4B675AC0EA8F5E72 at byte 48451070
# Scores: V/M = 0.00
# Time range: all events occurred at 2026-09-25T05:29:43
# Attribute    pct   total     min     max     avg     95%  stddev  median
# ============ === ======= ======= ======= ======= ======= ======= =======
# Count          1       1
# Exec time      2   384ms   384ms   384ms   384ms   384ms       0   384ms
# Lock time      0       0       0       0       0       0       0       0
# Rows sent      0       0       0       0       0       0       0       0
# Rows examine   0       0       0       0       0       0       0       0
# Query size     1 1008.95k 1008.95k 1008.95k 1008.95k 1008.95k       0 1008.95k
# String:
# Databases    isucon
# Hosts        localhost
# Users        isucon
# Query_time distribution
#   1us
#  10us
# 100us
#   1ms
#  10ms
# 100ms  ################################################################
#    1s
#  10s+
# Tables
#    SHOW TABLE STATUS FROM `isucon` LIKE 'user_devices'\G
#    SHOW CREATE TABLE `isucon`.`user_devices`\G
INSERT INTO `user_devices` VALUES (38256,6994093262,'1c131378-9090-4353-a094-4db47df536ef',3,1638359002,1638359002,NULL) /*... omitted ...*/\G
