
# 440ms user time, 40ms system time, 56.27M rss, 415.15G vsz
# Current date: Thu Sep 24 04:29:01 2026
# Hostname: YusukenoMac-mini.local
# Files: raw/mysql-slow-isucon-1.log
# Overall: 921 total, 25 unique, 11.23 QPS, 1.88x concurrency ____________
# Time range: 2026-09-23T19:25:01 to 2026-09-23T19:26:23
# Attribute          total     min     max     avg     95%  stddev  median
# ============     ======= ======= ======= ======= ======= ======= =======
# Exec time           154s   100ms      3s   167ms   279ms   108ms   141ms
# Lock time             3s       0   407ms     3ms     1us    27ms     1us
# Rows sent         10.34k       0      39   11.50   36.69   13.50    0.99
# Rows examine     373.18k       0   1.79k  414.91  652.75  340.00  381.65
# Query size        72.15M       6 1008.95k  80.22k 961.27k 259.41k  124.25

# Profile
# Rank Query ID                            Response time Calls R/Call V/M 
# ==== =================================== ============= ===== ====== ====
#    1 0x611363ACBD1690538F137757E45B738C  61.5946 39.9%   357 0.1725  0.02 SELECT user_presents
#    2 0xF0F3320DE1260EAD27BC0426FCB34A4D  45.5746 29.6%   272 0.1676  0.02 SELECT user_presents
#    3 0x2096778F723F6666B5D7DDC9D01010C7   9.6815  6.3%    46 0.2105  0.01 INSERT user_cards
#    4 0x3FFFD39D9DB10329B174042FE1810238   8.6254  5.6%    65 0.1327  0.01 UPDATE user_presents
#    5 0x03FFA53B9AEA23779E51FE7DD3DC165E   5.2039  3.4%    40 0.1301  0.01 INSERT user_presents
#    6 0xE89B4FB5E77ED142BEAF8C3B369FA2FE   5.1954  3.4%    41 0.1267  0.00 SELECT user_presents
#    7 0x8CA5C26DA1F53D285B58FE47352DA00A   4.1149  2.7%    35 0.1176  0.00 SELECT user_sessions
#    8 0x79A889ED30BFA8BF517F86F6D70065B6   2.9806  1.9%     1 2.9806  0.00 LOAD DATA user_presents
#    9 0x5FF17CFE4371C68C8E9D993D1C94471F   2.8984  1.9%    15 0.1932  0.04 INSERT user_sessions
#   10 0x4112BAFCAD857E650001A24863DBA0F1   2.7345  1.8%    15 0.1823  0.01 INSERT user_present_all_received_history
# MISC 0xMISC                               5.6166  3.6%    34 0.1652   0.0 <15 ITEMS>

# Query 1: 8.93 QPS, 1.54x concurrency, ID 0x611363ACBD1690538F137757E45B738C at byte 75775856
# Scores: V/M = 0.02
# Time range: 2026-09-23T19:25:43 to 2026-09-23T19:26:23
# Attribute    pct   total     min     max     avg     95%  stddev  median
# ============ === ======= ======= ======= ======= ======= ======= =======
# Count         38     357
# Exec time     39     62s   100ms   413ms   173ms   308ms    62ms   148ms
# Lock time      0    16ms     1us     4ms    45us     1us   338us     1us
# Rows sent     88   9.15k       1      39   26.25   38.53    8.04   23.65
# Rows examine  48 182.57k      48     678  523.66  652.75  182.20  621.67
# Query size     0  44.96k     127     131  128.95  124.25    1.16  124.25
# String:
# Databases    isucon
# Hosts        localhost
# Users        isucon
# Query_time distribution
#   1us
#  10us
# 100us
#   1ms
#  10ms
# 100ms  ################################################################
#    1s
#  10s+
# Tables
#    SHOW TABLE STATUS FROM `isucon` LIKE 'user_presents'\G
#    SHOW CREATE TABLE `isucon`.`user_presents`\G
# EXPLAIN /*!50100 PARTITIONS*/
SELECT * FROM user_presents 
	WHERE user_id = 8253810336 AND deleted_at IS NULL
	ORDER BY created_at DESC, id
	LIMIT 100 OFFSET 0\G

# Query 2: 6.80 QPS, 1.14x concurrency, ID 0xF0F3320DE1260EAD27BC0426FCB34A4D at byte 75798169
# Scores: V/M = 0.02
# Time range: 2026-09-23T19:25:43 to 2026-09-23T19:26:23
# Attribute    pct   total     min     max     avg     95%  stddev  median
# ============ === ======= ======= ======= ======= ======= ======= =======
# Count         29     272
# Exec time     29     46s   100ms   430ms   168ms   279ms    58ms   148ms
# Lock time      0   355us       0    19us     1us     1us     1us     1us
# Rows sent      2     272       1       1       1       1       0       1
# Rows examine  37 139.97k      38     653  526.93  621.67  163.99  621.67
# Query size     0  22.29k      82      86   83.90   80.10    0.59   80.10
# String:
# Databases    isucon
# Hosts        localhost
# Users        isucon
# Query_time distribution
#   1us
#  10us
# 100us
#   1ms
#  10ms
# 100ms  ################################################################
#    1s
#  10s+
# Tables
#    SHOW TABLE STATUS FROM `isucon` LIKE 'user_presents'\G
#    SHOW CREATE TABLE `isucon`.`user_presents`\G
# EXPLAIN /*!50100 PARTITIONS*/
SELECT COUNT(*) FROM user_presents WHERE user_id = 9692019034 AND deleted_at IS NULL\G

# Query 3: 5.11 QPS, 1.08x concurrency, ID 0x2096778F723F6666B5D7DDC9D01010C7 at byte 426
# Scores: V/M = 0.01
# Time range: 2026-09-23T19:25:03 to 2026-09-23T19:25:12
# Attribute    pct   total     min     max     avg     95%  stddev  median
# ============ === ======= ======= ======= ======= ======= ======= =======
# Count          4      46
# Exec time      6     10s   160ms   372ms   210ms   308ms    52ms   189ms
# Lock time      0       0       0       0       0       0       0       0
# Rows sent      0       0       0       0       0       0       0       0
# Rows examine   0       0       0       0       0       0       0       0
# Query size    62  45.18M 970.86k 1006.59k 1005.76k 961.27k       0 961.27k
# String:
# Databases    isucon
# Hosts        localhost
# Users        isucon
# Query_time distribution
#   1us
#  10us
# 100us
#   1ms
#  10ms
# 100ms  ################################################################
#    1s
#  10s+
# Tables
#    SHOW TABLE STATUS FROM `isucon` LIKE 'user_cards'\G
#    SHOW CREATE TABLE `isucon`.`user_cards`\G
INSERT INTO `user_cards` VALUES (1042148,9904038980,6,720,36,5336,1639932222,1639932222,NULL) /*... omitted ...*/\G

# Query 4: 1.86 QPS, 0.25x concurrency, ID 0x3FFFD39D9DB10329B174042FE1810238 at byte 75791209
# Scores: V/M = 0.01
# Time range: 2026-09-23T19:25:46 to 2026-09-23T19:26:21
# Attribute    pct   total     min     max     avg     95%  stddev  median
# ============ === ======= ======= ======= ======= ======= ======= =======
# Count          7      65
# Exec time      5      9s   101ms   252ms   133ms   180ms    31ms   122ms
# Lock time      0    76us       0    20us     1us     1us     2us     1us
# Rows sent      0       0       0       0       0       0       0       0
# Rows examine   0      65       1       1       1       1       0       1
# Query size     0   5.73k      89      91   90.28   88.31       0   88.31
# String:
# Databases    isucon
# Hosts        localhost
# Users        isucon
# Query_time distribution
#   1us
#  10us
# 100us
#   1ms
#  10ms
# 100ms  ################################################################
#    1s
#  10s+
# Tables
#    SHOW TABLE STATUS FROM `isucon` LIKE 'user_presents'\G
#    SHOW CREATE TABLE `isucon`.`user_presents`\G
UPDATE user_presents SET deleted_at=1661714776, updated_at=1661714776 WHERE id=31584382681\G
# Converted for EXPLAIN
# EXPLAIN /*!50100 PARTITIONS*/
select  deleted_at=1661714776, updated_at=1661714776 from user_presents where  id=31584382681\G

# Query 5: 1.08 QPS, 0.14x concurrency, ID 0x03FFA53B9AEA23779E51FE7DD3DC165E at byte 75656321
# Scores: V/M = 0.01
# Time range: 2026-09-23T19:25:44 to 2026-09-23T19:26:21
# Attribute    pct   total     min     max     avg     95%  stddev  median
# ============ === ======= ======= ======= ======= ======= ======= =======
# Count          4      40
# Exec time      3      5s   100ms   261ms   130ms   163ms    28ms   122ms
# Lock time      0    37us       0     1us       0     1us       0     1us
# Rows sent      0       0       0       0       0       0       0       0
# Rows examine   0       0       0       0       0       0       0       0
# Query size     0   9.47k     238     246  242.43  234.30       0  234.30
# String:
# Databases    isucon
# Hosts        localhost
# Users        isucon
# Query_time distribution
#   1us
#  10us
# 100us
#   1ms
#  10ms
# 100ms  ################################################################
#    1s
#  10s+
# Tables
#    SHOW TABLE STATUS FROM `isucon` LIKE 'user_presents'\G
#    SHOW CREATE TABLE `isucon`.`user_presents`\G
INSERT INTO user_presents(id, user_id, sent_at, item_type, item_id, amount, present_message, created_at, updated_at) VALUES (100005048417, 3035356561, 1661714757, 1, 1, 6000, 'CM放映記念プレゼントです！', 1661714757, 1661714757)\G

# Query 6: 1.11 QPS, 0.14x concurrency, ID 0xE89B4FB5E77ED142BEAF8C3B369FA2FE at byte 75794205
# Scores: V/M = 0.00
# Time range: 2026-09-23T19:25:44 to 2026-09-23T19:26:21
# Attribute    pct   total     min     max     avg     95%  stddev  median
# ============ === ======= ======= ======= ======= ======= ======= =======
# Count          4      41
# Exec time      3      5s   101ms   196ms   127ms   163ms    23ms   116ms
# Lock time      0    52us     1us     2us     1us     1us       0     1us
# Rows sent      8     907      10      39   22.12   36.69   11.24   23.09
# Rows examine   0     907      10      39   22.12   36.69   11.24   23.09
# Query size     0  14.32k     203     585  357.73  563.87  147.36  354.82
# String:
# Databases    isucon
# Hosts        localhost
# Users        isucon
# Query_time distribution
#   1us
#  10us
# 100us
#   1ms
#  10ms
# 100ms  ################################################################
#    1s
#  10s+
# Tables
#    SHOW TABLE STATUS FROM `isucon` LIKE 'user_presents'\G
#    SHOW CREATE TABLE `isucon`.`user_presents`\G
# EXPLAIN /*!50100 PARTITIONS*/
SELECT * FROM user_presents WHERE id IN (100005069454, 100005069491, 100005069525, 100005069541, 100005069587, 100005069611, 100005069650, 100005069679, 100005069719, 100005069786, 100005069812, 100005069834, 100005069846, 100005069853, 100005069868, 86697515363, 57400185778, 15301108272, 26981414383, 75506667005, 67191670305, 61508773603, 70405221870, 14879722063, 67494835990, 96827700879, 50657117992, 22055804242, 57706278867, 73432402362, 1873612621, 79653038178, 94462338054, 26743621110, 34539635645) AND deleted_at IS NULL\G

# Query 7: 0.92 QPS, 0.11x concurrency, ID 0x8CA5C26DA1F53D285B58FE47352DA00A at byte 75823695
# Scores: V/M = 0.00
# Time range: 2026-09-23T19:25:44 to 2026-09-23T19:26:22
# Attribute    pct   total     min     max     avg     95%  stddev  median
# ============ === ======= ======= ======= ======= ======= ======= =======
# Count          3      35
# Exec time      2      4s   100ms   162ms   118ms   148ms    16ms   110ms
# Lock time      0   416us       0   375us    11us     1us    60us     1us
# Rows sent      0      35       1       1       1       1       0       1
# Rows examine  13  49.64k     709   1.79k   1.42k   1.69k  294.41   1.39k
# Query size     0   3.62k     106     106     106     106       0     106
# String:
# Databases    isucon
# Hosts        localhost
# Users        isucon
# Query_time distribution
#   1us
#  10us
# 100us
#   1ms
#  10ms
# 100ms  ################################################################
#    1s
#  10s+
# Tables
#    SHOW TABLE STATUS FROM `isucon` LIKE 'user_sessions'\G
#    SHOW CREATE TABLE `isucon`.`user_sessions`\G
# EXPLAIN /*!50100 PARTITIONS*/
SELECT * FROM user_sessions WHERE session_id='8fe7196c-e7e9-4a78-9925-f53955f28ab6' AND deleted_at IS NULL\G

# Query 8: 0 QPS, 0x concurrency, ID 0x79A889ED30BFA8BF517F86F6D70065B6 at byte 75563838
# Scores: V/M = 0.00
# Time range: all events occurred at 2026-09-23T19:25:22
# Attribute    pct   total     min     max     avg     95%  stddev  median
# ============ === ======= ======= ======= ======= ======= ======= =======
# Count          0       1
# Exec time      1      3s      3s      3s      3s      3s       0      3s
# Lock time      0     2us     2us     2us     2us     2us       0     2us
# Rows sent      0       0       0       0       0       0       0       0
# Rows examine   0       0       0       0       0       0       0       0
# Query size     0     146     146     146     146     146       0     146
# String:
# Databases    isucon
# Hosts        localhost
# Users        isucon
# Query_time distribution
#   1us
#  10us
# 100us
#   1ms
#  10ms
# 100ms
#    1s  ################################################################
#  10s+
# Tables
#    SHOW TABLE STATUS FROM `isucon` LIKE 'user_presents'\G
#    SHOW CREATE TABLE `isucon`.`user_presents`\G
LOAD DATA INFILE '/var/lib/mysql-files/5_user_presents_not_receive_data.tsv' REPLACE INTO TABLE user_presents FIELDS ESCAPED BY '|' IGNORE 1 LINES\G

# Query 9: 0.31 QPS, 0.06x concurrency, ID 0x5FF17CFE4371C68C8E9D993D1C94471F at byte 75662138
# Scores: V/M = 0.04
# Time range: 2026-09-23T19:25:34 to 2026-09-23T19:26:22
# Attribute    pct   total     min     max     avg     95%  stddev  median
# ============ === ======= ======= ======= ======= ======= ======= =======
# Count          1      15
# Exec time      1      3s   104ms   407ms   193ms   308ms    85ms   152ms
# Lock time     93      3s   103ms   407ms   191ms   308ms    87ms   148ms
# Rows sent      0       0       0       0       0       0       0       0
# Rows examine   0       0       0       0       0       0       0       0
# Query size     0   2.87k     195     196  195.87  192.76       0  192.76
# String:
# Databases    isucon
# Hosts        localhost
# Users        isucon
# Query_time distribution
#   1us
#  10us
# 100us
#   1ms
#  10ms
# 100ms  ################################################################
#    1s
#  10s+
# Tables
#    SHOW TABLE STATUS FROM `isucon` LIKE 'user_sessions'\G
#    SHOW CREATE TABLE `isucon`.`user_sessions`\G
INSERT INTO user_sessions(id, user_id, session_id, created_at, updated_at, expired_at) VALUES (100005050604, 2444935317, '3cc656f3-169f-4a6f-bee3-94cc90bb28c2', 1661714758, 1661714758, 1661801158)\G

# Query 10: 7.50 QPS, 1.37x concurrency, ID 0x4112BAFCAD857E650001A24863DBA0F1 at byte 59066266
# Scores: V/M = 0.01
# Time range: 2026-09-23T19:25:16 to 2026-09-23T19:25:18
# Attribute    pct   total     min     max     avg     95%  stddev  median
# ============ === ======= ======= ======= ======= ======= ======= =======
# Count          1      15
# Exec time      1      3s   147ms   355ms   182ms   208ms    47ms   167ms
# Lock time      0       0       0       0       0       0       0       0
# Rows sent      0       0       0       0       0       0       0       0
# Rows examine   0       0       0       0       0       0       0       0
# Query size    20  14.74M 1006.37k 1006.64k 1006.59k 961.27k       0 961.27k
# String:
# Databases    isucon
# Hosts        localhost
# Users        isucon
# Query_time distribution
#   1us
#  10us
# 100us
#   1ms
#  10ms
# 100ms  ################################################################
#    1s
#  10s+
# Tables
#    SHOW TABLE STATUS FROM `isucon` LIKE 'user_present_all_received_history'\G
#    SHOW CREATE TABLE `isucon`.`user_present_all_received_history`\G
INSERT INTO `user_present_all_received_history` VALUES (1148363,538842799,21,1635692400,1635692400,1635692400,NULL) /*... omitted ...*/\G
