
# 540ms user time, 100ms system time, 45.22M rss, 415.15G vsz
# Current date: Fri Sep 25 13:34:28 2026
# Hostname: YusukenoMac-mini.local
# Files: raw/mysql-slow-isucon-1.log
# Overall: 75 total, 8 unique, 3.95 QPS, 0.95x concurrency _______________
# Time range: 2026-09-25T04:30:25 to 2026-09-25T04:30:44
# Attribute          total     min     max     avg     95%  stddev  median
# ============     ======= ======= ======= ======= ======= ======= =======
# Exec time            18s   125ms      2s   241ms   356ms   179ms   198ms
# Lock time            2us       0     2us       0       0       0       0
# Rows sent              0       0       0       0       0       0       0
# Rows examine           0       0       0       0       0       0       0
# Query size        72.05M     146 1008.95k 983.71k 961.27k 116.67k 961.27k

# Profile
# Rank Query ID                            Response time Calls R/Call V/M 
# ==== =================================== ============= ===== ====== ====
#    1 0x2096778F723F6666B5D7DDC9D01010C7  10.3228 57.2%    46 0.2244  0.01 INSERT user_cards
#    2 0x4112BAFCAD857E650001A24863DBA0F1   2.9608 16.4%    15 0.1974  0.02 INSERT user_present_all_received_history
#    3 0x79A889ED30BFA8BF517F86F6D70065B6   1.7627  9.8%     1 1.7627  0.00 LOAD DATA user_presents
#    4 0x13D274D305314539C3CEC5658CA257A8   1.5852  8.8%     8 0.1982  0.02 INSERT user_items
#    5 0xB6B9ED728E1332C1DD99773350309CB2   0.5281  2.9%     2 0.2641  0.13 INSERT user_login_bonuses
# MISC 0xMISC                               0.8935  4.9%     3 0.2978   0.0 <3 ITEMS>

# Query 1: 4.18 QPS, 0.94x concurrency, ID 0x2096778F723F6666B5D7DDC9D01010C7 at byte 0
# Scores: V/M = 0.01
# Time range: 2026-09-25T04:30:25 to 2026-09-25T04:30:36
# Attribute    pct   total     min     max     avg     95%  stddev  median
# ============ === ======= ======= ======= ======= ======= ======= =======
# Count         61      46
# Exec time     57     10s   174ms   375ms   224ms   308ms    44ms   208ms
# Lock time      0       0       0       0       0       0       0       0
# Rows sent      0       0       0       0       0       0       0       0
# Rows examine   0       0       0       0       0       0       0       0
# Query size    62  45.18M 970.86k 1006.59k 1005.76k 961.27k       0 961.27k
# String:
# Databases    isucon
# Hosts        localhost
# Users        isucon
# Query_time distribution
#   1us
#  10us
# 100us
#   1ms
#  10ms
# 100ms  ################################################################
#    1s
#  10s+
# Tables
#    SHOW TABLE STATUS FROM `isucon` LIKE 'user_cards'\G
#    SHOW CREATE TABLE `isucon`.`user_cards`\G
INSERT INTO `user_cards` VALUES (1042148,9904038980,6,720,36,5336,1639932222,1639932222,NULL) /*... omitted ...*/\G

# Query 2: 5 QPS, 0.99x concurrency, ID 0x4112BAFCAD857E650001A24863DBA0F1 at byte 59066031
# Scores: V/M = 0.02
# Time range: 2026-09-25T04:30:39 to 2026-09-25T04:30:42
# Attribute    pct   total     min     max     avg     95%  stddev  median
# ============ === ======= ======= ======= ======= ======= ======= =======
# Count         20      15
# Exec time     16      3s   149ms   349ms   197ms   279ms    55ms   171ms
# Lock time      0       0       0       0       0       0       0       0
# Rows sent      0       0       0       0       0       0       0       0
# Rows examine   0       0       0       0       0       0       0       0
# Query size    20  14.74M 1006.37k 1006.64k 1006.59k 961.27k       0 961.27k
# String:
# Databases    isucon
# Hosts        localhost
# Users        isucon
# Query_time distribution
#   1us
#  10us
# 100us
#   1ms
#  10ms
# 100ms  ################################################################
#    1s
#  10s+
# Tables
#    SHOW TABLE STATUS FROM `isucon` LIKE 'user_present_all_received_history'\G
#    SHOW CREATE TABLE `isucon`.`user_present_all_received_history`\G
INSERT INTO `user_present_all_received_history` VALUES (1148363,538842799,21,1635692400,1635692400,1635692400,NULL) /*... omitted ...*/\G

# Query 3: 0 QPS, 0x concurrency, ID 0x79A889ED30BFA8BF517F86F6D70065B6 at byte 75563603
# Scores: V/M = 0.00
# Time range: all events occurred at 2026-09-25T04:30:44
# Attribute    pct   total     min     max     avg     95%  stddev  median
# ============ === ======= ======= ======= ======= ======= ======= =======
# Count          1       1
# Exec time      9      2s      2s      2s      2s      2s       0      2s
# Lock time    100     2us     2us     2us     2us     2us       0     2us
# Rows sent      0       0       0       0       0       0       0       0
# Rows examine   0       0       0       0       0       0       0       0
# Query size     0     146     146     146     146     146       0     146
# String:
# Databases    isucon
# Hosts        localhost
# Users        isucon
# Query_time distribution
#   1us
#  10us
# 100us
#   1ms
#  10ms
# 100ms
#    1s  ################################################################
#  10s+
# Tables
#    SHOW TABLE STATUS FROM `isucon` LIKE 'user_presents'\G
#    SHOW CREATE TABLE `isucon`.`user_presents`\G
LOAD DATA INFILE '/var/lib/mysql-files/5_user_presents_not_receive_data.tsv' REPLACE INTO TABLE user_presents FIELDS ESCAPED BY '|' IGNORE 1 LINES\G

# Query 4: 8 QPS, 1.59x concurrency, ID 0x13D274D305314539C3CEC5658CA257A8 at byte 49311335
# Scores: V/M = 0.02
# Time range: 2026-09-25T04:30:37 to 2026-09-25T04:30:38
# Attribute    pct   total     min     max     avg     95%  stddev  median
# ============ === ======= ======= ======= ======= ======= ======= =======
# Count         10       8
# Exec time      8      2s   125ms   369ms   198ms   356ms    65ms   184ms
# Lock time      0       0       0       0       0       0       0       0
# Rows sent      0       0       0       0       0       0       0       0
# Rows examine   0       0       0       0       0       0       0       0
# Query size    10   7.57M 716.14k 1005.06k 968.89k 961.27k  91.98k 961.27k
# String:
# Databases    isucon
# Hosts        localhost
# Users        isucon
# Query_time distribution
#   1us
#  10us
# 100us
#   1ms
#  10ms
# 100ms  ################################################################
#    1s
#  10s+
# Tables
#    SHOW TABLE STATUS FROM `isucon` LIKE 'user_items'\G
#    SHOW CREATE TABLE `isucon`.`user_items`\G
INSERT INTO `user_items` VALUES (1167064,5412259060,3,20,2,1632245312,1632245312,NULL) /*... omitted ...*/\G

# Query 5: 0 QPS, 0x concurrency, ID 0xB6B9ED728E1332C1DD99773350309CB2 at byte 57250109
# Scores: V/M = 0.13
# Time range: all events occurred at 2026-09-25T04:30:39
# Attribute    pct   total     min     max     avg     95%  stddev  median
# ============ === ======= ======= ======= ======= ======= ======= =======
# Count          2       2
# Exec time      2   528ms   134ms   394ms   264ms   394ms   183ms   264ms
# Lock time      0       0       0       0       0       0       0       0
# Rows sent      0       0       0       0       0       0       0       0
# Rows examine   0       0       0       0       0       0       0       0
# Query size     2   1.73M 768.20k 1004.77k 886.48k 1004.77k 167.28k 886.48k
# String:
# Databases    isucon
# Hosts        localhost
# Users        isucon
# Query_time distribution
#   1us
#  10us
# 100us
#   1ms
#  10ms
# 100ms  ################################################################
#    1s
#  10s+
# Tables
#    SHOW TABLE STATUS FROM `isucon` LIKE 'user_login_bonuses'\G
#    SHOW CREATE TABLE `isucon`.`user_login_bonuses`\G
INSERT INTO `user_login_bonuses` VALUES (3134447,8767177037,4,7,1,1651978143,1654213748,NULL) /*... omitted ...*/\G
